Archive member included because of file (symbol)

P:\projects\OMNI\Libero\NeuroMini_golden\SoftConsole\NeuroMini_MSS_CM3\NeuroMini_MSS_CM3_hw_platform\Debug\libNeuroMini_MSS_CM3_hw_platform.a(mss_spi.o)
                              ./loop.o (g_mss_spi0)
P:\projects\OMNI\Libero\NeuroMini_golden\SoftConsole\NeuroMini_MSS_CM3\NeuroMini_MSS_CM3_hw_platform\Debug\libNeuroMini_MSS_CM3_hw_platform.a(system_m2sxxx.o)
                              P:/projects/OMNI/Libero/NeuroMini_golden/SoftConsole/NeuroMini_MSS_CM3/NeuroMini_MSS_CM3_hw_platform/Debug/CMSIS/startup_gcc/startup_m2sxxx.o (SystemInit)
P:\projects\OMNI\Libero\NeuroMini_golden\SoftConsole\NeuroMini_MSS_CM3\NeuroMini_MSS_CM3_hw_platform\Lib\GCC\libarm_cortexM3l_math.a(arm_bitreversal.o)
                              ./arm_cfft_q15.o (arm_bitreversal_q15)
P:\projects\OMNI\Libero\NeuroMini_golden\SoftConsole\NeuroMini_MSS_CM3\NeuroMini_MSS_CM3_hw_platform\Lib\GCC\libarm_cortexM3l_math.a(arm_cfft_radix4_q15.o)
                              ./arm_cfft_q15.o (arm_radix4_butterfly_q15)
c:/program files (x86)/microsemi/softconsole v3.4/sourcery-g++/bin/../lib/gcc/arm-none-eabi/4.4.1/../../../../arm-none-eabi/lib/thumb2\libc.a(lib_a-errno.o)
                              P:/projects/OMNI/Libero/NeuroMini_golden/SoftConsole/NeuroMini_MSS_CM3/NeuroMini_MSS_CM3_hw_platform/Debug/CMSIS/startup_gcc/newlib_stubs.o (__errno)
c:/program files (x86)/microsemi/softconsole v3.4/sourcery-g++/bin/../lib/gcc/arm-none-eabi/4.4.1/../../../../arm-none-eabi/lib/thumb2\libc.a(lib_a-impure.o)
                              c:/program files (x86)/microsemi/softconsole v3.4/sourcery-g++/bin/../lib/gcc/arm-none-eabi/4.4.1/../../../../arm-none-eabi/lib/thumb2\libc.a(lib_a-errno.o) (_impure_ptr)
c:/program files (x86)/microsemi/softconsole v3.4/sourcery-g++/bin/../lib/gcc/arm-none-eabi/4.4.1/../../../../arm-none-eabi/lib/thumb2\libc.a(lib_a-init.o)
                              P:/projects/OMNI/Libero/NeuroMini_golden/SoftConsole/NeuroMini_MSS_CM3/NeuroMini_MSS_CM3_hw_platform/Debug/CMSIS/startup_gcc/startup_m2sxxx.o (__libc_init_array)
c:/program files (x86)/microsemi/softconsole v3.4/sourcery-g++/bin/../lib/gcc/arm-none-eabi/4.4.1/../../../../arm-none-eabi/lib/thumb2\libc.a(lib_a-malloc.o)
                              ./loop.o (free)
c:/program files (x86)/microsemi/softconsole v3.4/sourcery-g++/bin/../lib/gcc/arm-none-eabi/4.4.1/../../../../arm-none-eabi/lib/thumb2\libc.a(lib_a-mallocr.o)
                              c:/program files (x86)/microsemi/softconsole v3.4/sourcery-g++/bin/../lib/gcc/arm-none-eabi/4.4.1/../../../../arm-none-eabi/lib/thumb2\libc.a(lib_a-malloc.o) (_malloc_r)
c:/program files (x86)/microsemi/softconsole v3.4/sourcery-g++/bin/../lib/gcc/arm-none-eabi/4.4.1/../../../../arm-none-eabi/lib/thumb2\libc.a(lib_a-memset.o)
                              P:\projects\OMNI\Libero\NeuroMini_golden\SoftConsole\NeuroMini_MSS_CM3\NeuroMini_MSS_CM3_hw_platform\Debug\libNeuroMini_MSS_CM3_hw_platform.a(mss_spi.o) (memset)
c:/program files (x86)/microsemi/softconsole v3.4/sourcery-g++/bin/../lib/gcc/arm-none-eabi/4.4.1/../../../../arm-none-eabi/lib/thumb2\libc.a(lib_a-mlock.o)
                              c:/program files (x86)/microsemi/softconsole v3.4/sourcery-g++/bin/../lib/gcc/arm-none-eabi/4.4.1/../../../../arm-none-eabi/lib/thumb2\libc.a(lib_a-mallocr.o) (__malloc_lock)
c:/program files (x86)/microsemi/softconsole v3.4/sourcery-g++/bin/../lib/gcc/arm-none-eabi/4.4.1/../../../../arm-none-eabi/lib/thumb2\libc.a(lib_a-rand.o)
                              ./loop.o (rand)
c:/program files (x86)/microsemi/softconsole v3.4/sourcery-g++/bin/../lib/gcc/arm-none-eabi/4.4.1/../../../../arm-none-eabi/lib/thumb2\libc.a(lib_a-sbrkr.o)
                              c:/program files (x86)/microsemi/softconsole v3.4/sourcery-g++/bin/../lib/gcc/arm-none-eabi/4.4.1/../../../../arm-none-eabi/lib/thumb2\libc.a(lib_a-mallocr.o) (_sbrk_r)
c:/program files (x86)/microsemi/softconsole v3.4/sourcery-g++/bin/../lib/gcc/arm-none-eabi/4.4.1/../../../../arm-none-eabi/lib/thumb2\libc.a(lib_a-freer.o)
                              c:/program files (x86)/microsemi/softconsole v3.4/sourcery-g++/bin/../lib/gcc/arm-none-eabi/4.4.1/../../../../arm-none-eabi/lib/thumb2\libc.a(lib_a-malloc.o) (_free_r)
c:/program files (x86)/microsemi/softconsole v3.4/sourcery-g++/bin/../lib/gcc/arm-none-eabi/4.4.1/../../../../arm-none-eabi/lib/thumb2\libc.a(lib_a-reent.o)
                              c:/program files (x86)/microsemi/softconsole v3.4/sourcery-g++/bin/../lib/gcc/arm-none-eabi/4.4.1/../../../../arm-none-eabi/lib/thumb2\libc.a(lib_a-sbrkr.o) (errno)

Allocating common symbols
Common symbol       size              file

to_write1           0x1               ./loop.o
bitrev_bins         0x1000            ./loop.o
errno               0x4               c:/program files (x86)/microsemi/softconsole v3.4/sourcery-g++/bin/../lib/gcc/arm-none-eabi/4.4.1/../../../../arm-none-eabi/lib/thumb2\libc.a(lib_a-reent.o)
bitrev_bins2        0x1000            ./loop.o
to_write2           0x1               ./loop.o
g_mss_spi1          0x84              P:\projects\OMNI\Libero\NeuroMini_golden\SoftConsole\NeuroMini_MSS_CM3\NeuroMini_MSS_CM3_hw_platform\Debug\libNeuroMini_MSS_CM3_hw_platform.a(mss_spi.o)
ch_ctrl             0x1               ./loop.o
to_send             0x1               ./loop.o
to_calc             0x1               ./loop.o
value2              0x10              ./loop.o
S_CFFT              0x4               ./loop.o
ch_stim             0x1               ./loop.o
g_mss_spi0          0x84              P:\projects\OMNI\Libero\NeuroMini_golden\SoftConsole\NeuroMini_MSS_CM3\NeuroMini_MSS_CM3_hw_platform\Debug\libNeuroMini_MSS_CM3_hw_platform.a(mss_spi.o)
value               0x10              ./loop.o

Discarded input sections

 .text          0x00000000        0x0 c:/program files (x86)/microsemi/softconsole v3.4/sourcery-g++/bin/../lib/gcc/arm-none-eabi/4.4.1/thumb2/crti.o
 .data          0x00000000        0x0 c:/program files (x86)/microsemi/softconsole v3.4/sourcery-g++/bin/../lib/gcc/arm-none-eabi/4.4.1/thumb2/crti.o
 .bss           0x00000000        0x0 c:/program files (x86)/microsemi/softconsole v3.4/sourcery-g++/bin/../lib/gcc/arm-none-eabi/4.4.1/thumb2/crti.o
 .data          0x00000000        0x4 c:/program files (x86)/microsemi/softconsole v3.4/sourcery-g++/bin/../lib/gcc/arm-none-eabi/4.4.1/thumb2/crtbegin.o
 .text          0x00000000        0x0 ./arm_cfft_q15.o
 .data          0x00000000        0x0 ./arm_cfft_q15.o
 .bss           0x00000000        0x0 ./arm_cfft_q15.o
 .text.__SHADD16
                0x00000000       0x64 ./arm_cfft_q15.o
 .text.__QSUB16
                0x00000000       0x78 ./arm_cfft_q15.o
 .text.__SMUSDX
                0x00000000       0x44 ./arm_cfft_q15.o
 .text.__SMUADX
                0x00000000       0x40 ./arm_cfft_q15.o
 .text.__SMUAD  0x00000000       0x40 ./arm_cfft_q15.o
 .text.__SMUSD  0x00000000       0x44 ./arm_cfft_q15.o
 .text.arm_cfft_q15
                0x00000000      0x114 ./arm_cfft_q15.o
 .text.arm_cfft_radix4by2_q15
                0x00000000      0x1f4 ./arm_cfft_q15.o
 .text.arm_cfft_radix4by2_inverse_q15
                0x00000000      0x1f4 ./arm_cfft_q15.o
 .text          0x00000000        0x0 ./arm_cmplx_mag_squared_q15.o
 .data          0x00000000        0x0 ./arm_cmplx_mag_squared_q15.o
 .bss           0x00000000        0x0 ./arm_cmplx_mag_squared_q15.o
 .text.__SMUAD  0x00000000       0x40 ./arm_cmplx_mag_squared_q15.o
 .text.arm_cmplx_mag_squared_q15
                0x00000000      0x12c ./arm_cmplx_mag_squared_q15.o
 .text          0x00000000        0x0 ./arm_common_tables.o
 .data          0x00000000        0x0 ./arm_common_tables.o
 .bss           0x00000000        0x0 ./arm_common_tables.o
 .rodata.armBitRevTable
                0x00000000      0x800 ./arm_common_tables.o
 .rodata.twiddleCoef_16
                0x00000000       0x80 ./arm_common_tables.o
 .rodata.twiddleCoef_32
                0x00000000      0x100 ./arm_common_tables.o
 .rodata.twiddleCoef_64
                0x00000000      0x200 ./arm_common_tables.o
 .rodata.twiddleCoef_128
                0x00000000      0x400 ./arm_common_tables.o
 .rodata.twiddleCoef_256
                0x00000000      0x800 ./arm_common_tables.o
 .rodata.twiddleCoef_512
                0x00000000     0x1000 ./arm_common_tables.o
 .rodata.twiddleCoef_1024
                0x00000000     0x2000 ./arm_common_tables.o
 .rodata.twiddleCoef_2048
                0x00000000     0x4000 ./arm_common_tables.o
 .rodata.twiddleCoef_4096
                0x00000000     0x8000 ./arm_common_tables.o
 .rodata.twiddleCoef_16_q31
                0x00000000       0x60 ./arm_common_tables.o
 .rodata.twiddleCoef_32_q31
                0x00000000       0xc0 ./arm_common_tables.o
 .rodata.twiddleCoef_64_q31
                0x00000000      0x180 ./arm_common_tables.o
 .rodata.twiddleCoef_128_q31
                0x00000000      0x300 ./arm_common_tables.o
 .rodata.twiddleCoef_256_q31
                0x00000000      0x600 ./arm_common_tables.o
 .rodata.twiddleCoef_512_q31
                0x00000000      0xc00 ./arm_common_tables.o
 .rodata.twiddleCoef_1024_q31
                0x00000000     0x1800 ./arm_common_tables.o
 .rodata.twiddleCoef_2048_q31
                0x00000000     0x3000 ./arm_common_tables.o
 .rodata.twiddleCoef_4096_q31
                0x00000000     0x6000 ./arm_common_tables.o
 .rodata.twiddleCoef_4096_q15
                0x00000000     0x3000 ./arm_common_tables.o
 .rodata.armRecipTableQ15
                0x00000000       0x80 ./arm_common_tables.o
 .rodata.armRecipTableQ31
                0x00000000      0x100 ./arm_common_tables.o
 .rodata.armBitRevIndexTable16
                0x00000000       0x28 ./arm_common_tables.o
 .rodata.armBitRevIndexTable32
                0x00000000       0x60 ./arm_common_tables.o
 .rodata.armBitRevIndexTable64
                0x00000000       0x70 ./arm_common_tables.o
 .rodata.armBitRevIndexTable128
                0x00000000      0x1a0 ./arm_common_tables.o
 .rodata.armBitRevIndexTable256
                0x00000000      0x370 ./arm_common_tables.o
 .rodata.armBitRevIndexTable512
                0x00000000      0x380 ./arm_common_tables.o
 .rodata.armBitRevIndexTable1024
                0x00000000      0xe10 ./arm_common_tables.o
 .rodata.armBitRevIndexTable2048
                0x00000000     0x1dc0 ./arm_common_tables.o
 .rodata.armBitRevIndexTable4096
                0x00000000     0x1f80 ./arm_common_tables.o
 .rodata.armBitRevIndexTable_fixed_4096
                0x00000000     0x1f80 ./arm_common_tables.o
 .rodata.twiddleCoef_rfft_32
                0x00000000       0x80 ./arm_common_tables.o
 .rodata.twiddleCoef_rfft_64
                0x00000000      0x100 ./arm_common_tables.o
 .rodata.twiddleCoef_rfft_128
                0x00000000      0x200 ./arm_common_tables.o
 .rodata.twiddleCoef_rfft_256
                0x00000000      0x400 ./arm_common_tables.o
 .rodata.twiddleCoef_rfft_512
                0x00000000      0x800 ./arm_common_tables.o
 .rodata.twiddleCoef_rfft_1024
                0x00000000     0x1000 ./arm_common_tables.o
 .rodata.twiddleCoef_rfft_2048
                0x00000000     0x2000 ./arm_common_tables.o
 .rodata.twiddleCoef_rfft_4096
                0x00000000     0x4000 ./arm_common_tables.o
 .rodata.sinTable_f32
                0x00000000      0x804 ./arm_common_tables.o
 .rodata.sinTable_q31
                0x00000000      0x804 ./arm_common_tables.o
 .rodata.sinTable_q15
                0x00000000      0x404 ./arm_common_tables.o
 .text          0x00000000        0x0 ./arm_const_structs.o
 .data          0x00000000        0x0 ./arm_const_structs.o
 .bss           0x00000000        0x0 ./arm_const_structs.o
 .rodata.arm_cfft_sR_f32_len16
                0x00000000       0x10 ./arm_const_structs.o
 .rodata.arm_cfft_sR_f32_len32
                0x00000000       0x10 ./arm_const_structs.o
 .rodata.arm_cfft_sR_f32_len64
                0x00000000       0x10 ./arm_const_structs.o
 .rodata.arm_cfft_sR_f32_len128
                0x00000000       0x10 ./arm_const_structs.o
 .rodata.arm_cfft_sR_f32_len256
                0x00000000       0x10 ./arm_const_structs.o
 .rodata.arm_cfft_sR_f32_len512
                0x00000000       0x10 ./arm_const_structs.o
 .rodata.arm_cfft_sR_f32_len1024
                0x00000000       0x10 ./arm_const_structs.o
 .rodata.arm_cfft_sR_f32_len2048
                0x00000000       0x10 ./arm_const_structs.o
 .rodata.arm_cfft_sR_f32_len4096
                0x00000000       0x10 ./arm_const_structs.o
 .rodata.arm_cfft_sR_q31_len16
                0x00000000       0x10 ./arm_const_structs.o
 .rodata.arm_cfft_sR_q31_len32
                0x00000000       0x10 ./arm_const_structs.o
 .rodata.arm_cfft_sR_q31_len64
                0x00000000       0x10 ./arm_const_structs.o
 .rodata.arm_cfft_sR_q31_len128
                0x00000000       0x10 ./arm_const_structs.o
 .rodata.arm_cfft_sR_q31_len256
                0x00000000       0x10 ./arm_const_structs.o
 .rodata.arm_cfft_sR_q31_len512
                0x00000000       0x10 ./arm_const_structs.o
 .rodata.arm_cfft_sR_q31_len1024
                0x00000000       0x10 ./arm_const_structs.o
 .rodata.arm_cfft_sR_q31_len2048
                0x00000000       0x10 ./arm_const_structs.o
 .rodata.arm_cfft_sR_q31_len4096
                0x00000000       0x10 ./arm_const_structs.o
 .rodata.arm_cfft_sR_q15_len4096
                0x00000000       0x10 ./arm_const_structs.o
 .text          0x00000000        0x0 ./arm_rfft_q15.o
 .data          0x00000000        0x0 ./arm_rfft_q15.o
 .bss           0x00000000        0x0 ./arm_rfft_q15.o
 .text.__SMUSDX
                0x00000000       0x44 ./arm_rfft_q15.o
 .text.__SMUADX
                0x00000000       0x40 ./arm_rfft_q15.o
 .text.__SMLAD  0x00000000       0x48 ./arm_rfft_q15.o
 .text.__SMLADX
                0x00000000       0x48 ./arm_rfft_q15.o
 .text.__SMLSDX
                0x00000000       0x48 ./arm_rfft_q15.o
 .text.__SMUSD  0x00000000       0x44 ./arm_rfft_q15.o
 .text.arm_rfft_q15
                0x00000000       0xbc ./arm_rfft_q15.o
 .text.arm_split_rfft_q15
                0x00000000      0x1e0 ./arm_rfft_q15.o
 .text.arm_split_rifft_q15
                0x00000000      0x114 ./arm_rfft_q15.o
 .text          0x00000000        0x0 ./artifact_cancellation.o
 .data          0x00000000        0x0 ./artifact_cancellation.o
 .bss           0x00000000        0x0 ./artifact_cancellation.o
 .text          0x00000000        0x0 ./loop.o
 .data          0x00000000        0x0 ./loop.o
 .bss           0x00000000        0x0 ./loop.o
 .data.rst      0x00000000        0x4 ./loop.o
 .data.dbg      0x00000000        0x4 ./loop.o
 .bss.ifftFlag  0x00000000        0x4 ./loop.o
 .bss.doBitReverse
                0x00000000        0x4 ./loop.o
 .bss.bitrev_fmin
                0x00000000        0x2 ./loop.o
 .bss.bitrev_fmax
                0x00000000        0x2 ./loop.o
 .bss.bitrevtable_i1
                0x00000000        0x2 ./loop.o
 .bss.bitrevtable_i2
                0x00000000        0x2 ./loop.o
 .bss.power     0x00000000        0x4 ./loop.o
 .bss.power2    0x00000000        0x4 ./loop.o
 .bss.prev_power
                0x00000000        0x4 ./loop.o
 .bss.prev_power2
                0x00000000        0x4 ./loop.o
 .bss.mean      0x00000000        0x2 ./loop.o
 .text.fft_cl   0x00000000     0x13ec ./loop.o
 .text.readNMreg
                0x00000000       0xc0 ./loop.o
 .text.NMreset  0x00000000       0x50 ./loop.o
 .text          0x00000000        0x0 P:/projects/OMNI/Libero/NeuroMini_golden/SoftConsole/NeuroMini_MSS_CM3/NeuroMini_MSS_CM3_hw_platform/Debug/CMSIS/startup_gcc/startup_m2sxxx.o
 .data          0x00000000        0x0 P:/projects/OMNI/Libero/NeuroMini_golden/SoftConsole/NeuroMini_MSS_CM3/NeuroMini_MSS_CM3_hw_platform/Debug/CMSIS/startup_gcc/startup_m2sxxx.o
 .bss           0x00000000        0x0 P:/projects/OMNI/Libero/NeuroMini_golden/SoftConsole/NeuroMini_MSS_CM3/NeuroMini_MSS_CM3_hw_platform/Debug/CMSIS/startup_gcc/startup_m2sxxx.o
 .text          0x00000000        0x0 P:/projects/OMNI/Libero/NeuroMini_golden/SoftConsole/NeuroMini_MSS_CM3/NeuroMini_MSS_CM3_hw_platform/Debug/CMSIS/startup_gcc/newlib_stubs.o
 .data          0x00000000        0x0 P:/projects/OMNI/Libero/NeuroMini_golden/SoftConsole/NeuroMini_MSS_CM3/NeuroMini_MSS_CM3_hw_platform/Debug/CMSIS/startup_gcc/newlib_stubs.o
 .bss           0x00000000        0x0 P:/projects/OMNI/Libero/NeuroMini_golden/SoftConsole/NeuroMini_MSS_CM3/NeuroMini_MSS_CM3_hw_platform/Debug/CMSIS/startup_gcc/newlib_stubs.o
 .bss.__env     0x00000000        0x4 P:/projects/OMNI/Libero/NeuroMini_golden/SoftConsole/NeuroMini_MSS_CM3/NeuroMini_MSS_CM3_hw_platform/Debug/CMSIS/startup_gcc/newlib_stubs.o
 .data.environ  0x00000000        0x4 P:/projects/OMNI/Libero/NeuroMini_golden/SoftConsole/NeuroMini_MSS_CM3/NeuroMini_MSS_CM3_hw_platform/Debug/CMSIS/startup_gcc/newlib_stubs.o
 .text._close   0x00000000       0x18 P:/projects/OMNI/Libero/NeuroMini_golden/SoftConsole/NeuroMini_MSS_CM3/NeuroMini_MSS_CM3_hw_platform/Debug/CMSIS/startup_gcc/newlib_stubs.o
 .text._execve  0x00000000       0x28 P:/projects/OMNI/Libero/NeuroMini_golden/SoftConsole/NeuroMini_MSS_CM3/NeuroMini_MSS_CM3_hw_platform/Debug/CMSIS/startup_gcc/newlib_stubs.o
 .text._fork    0x00000000       0x18 P:/projects/OMNI/Libero/NeuroMini_golden/SoftConsole/NeuroMini_MSS_CM3/NeuroMini_MSS_CM3_hw_platform/Debug/CMSIS/startup_gcc/newlib_stubs.o
 .text._fstat   0x00000000       0x24 P:/projects/OMNI/Libero/NeuroMini_golden/SoftConsole/NeuroMini_MSS_CM3/NeuroMini_MSS_CM3_hw_platform/Debug/CMSIS/startup_gcc/newlib_stubs.o
 .text._getpid  0x00000000       0x10 P:/projects/OMNI/Libero/NeuroMini_golden/SoftConsole/NeuroMini_MSS_CM3/NeuroMini_MSS_CM3_hw_platform/Debug/CMSIS/startup_gcc/newlib_stubs.o
 .text._isatty  0x00000000       0x18 P:/projects/OMNI/Libero/NeuroMini_golden/SoftConsole/NeuroMini_MSS_CM3/NeuroMini_MSS_CM3_hw_platform/Debug/CMSIS/startup_gcc/newlib_stubs.o
 .text._kill    0x00000000       0x24 P:/projects/OMNI/Libero/NeuroMini_golden/SoftConsole/NeuroMini_MSS_CM3/NeuroMini_MSS_CM3_hw_platform/Debug/CMSIS/startup_gcc/newlib_stubs.o
 .text._link    0x00000000       0x24 P:/projects/OMNI/Libero/NeuroMini_golden/SoftConsole/NeuroMini_MSS_CM3/NeuroMini_MSS_CM3_hw_platform/Debug/CMSIS/startup_gcc/newlib_stubs.o
 .text._lseek   0x00000000       0x1c P:/projects/OMNI/Libero/NeuroMini_golden/SoftConsole/NeuroMini_MSS_CM3/NeuroMini_MSS_CM3_hw_platform/Debug/CMSIS/startup_gcc/newlib_stubs.o
 .text._open    0x00000000       0x1c P:/projects/OMNI/Libero/NeuroMini_golden/SoftConsole/NeuroMini_MSS_CM3/NeuroMini_MSS_CM3_hw_platform/Debug/CMSIS/startup_gcc/newlib_stubs.o
 .text._read    0x00000000       0x1c P:/projects/OMNI/Libero/NeuroMini_golden/SoftConsole/NeuroMini_MSS_CM3/NeuroMini_MSS_CM3_hw_platform/Debug/CMSIS/startup_gcc/newlib_stubs.o
 .text._stat    0x00000000       0x24 P:/projects/OMNI/Libero/NeuroMini_golden/SoftConsole/NeuroMini_MSS_CM3/NeuroMini_MSS_CM3_hw_platform/Debug/CMSIS/startup_gcc/newlib_stubs.o
 .text._times   0x00000000       0x18 P:/projects/OMNI/Libero/NeuroMini_golden/SoftConsole/NeuroMini_MSS_CM3/NeuroMini_MSS_CM3_hw_platform/Debug/CMSIS/startup_gcc/newlib_stubs.o
 .text._unlink  0x00000000       0x24 P:/projects/OMNI/Libero/NeuroMini_golden/SoftConsole/NeuroMini_MSS_CM3/NeuroMini_MSS_CM3_hw_platform/Debug/CMSIS/startup_gcc/newlib_stubs.o
 .text._wait    0x00000000       0x24 P:/projects/OMNI/Libero/NeuroMini_golden/SoftConsole/NeuroMini_MSS_CM3/NeuroMini_MSS_CM3_hw_platform/Debug/CMSIS/startup_gcc/newlib_stubs.o
 .text          0x00000000        0x0 P:\projects\OMNI\Libero\NeuroMini_golden\SoftConsole\NeuroMini_MSS_CM3\NeuroMini_MSS_CM3_hw_platform\Debug\libNeuroMini_MSS_CM3_hw_platform.a(mss_spi.o)
 .data          0x00000000        0x0 P:\projects\OMNI\Libero\NeuroMini_golden\SoftConsole\NeuroMini_MSS_CM3\NeuroMini_MSS_CM3_hw_platform\Debug\libNeuroMini_MSS_CM3_hw_platform.a(mss_spi.o)
 .bss           0x00000000        0x0 P:\projects\OMNI\Libero\NeuroMini_golden\SoftConsole\NeuroMini_MSS_CM3\NeuroMini_MSS_CM3_hw_platform\Debug\libNeuroMini_MSS_CM3_hw_platform.a(mss_spi.o)
 .text.MSS_SPI_configure_slave_mode
                0x00000000       0xd0 P:\projects\OMNI\Libero\NeuroMini_golden\SoftConsole\NeuroMini_MSS_CM3\NeuroMini_MSS_CM3_hw_platform\Debug\libNeuroMini_MSS_CM3_hw_platform.a(mss_spi.o)
 .text.MSS_SPI_transfer_frame
                0x00000000       0xc0 P:\projects\OMNI\Libero\NeuroMini_golden\SoftConsole\NeuroMini_MSS_CM3\NeuroMini_MSS_CM3_hw_platform\Debug\libNeuroMini_MSS_CM3_hw_platform.a(mss_spi.o)
 .text.MSS_SPI_set_frame_rx_handler
                0x00000000       0xf0 P:\projects\OMNI\Libero\NeuroMini_golden\SoftConsole\NeuroMini_MSS_CM3\NeuroMini_MSS_CM3_hw_platform\Debug\libNeuroMini_MSS_CM3_hw_platform.a(mss_spi.o)
 .text.MSS_SPI_set_slave_tx_frame
                0x00000000      0x110 P:\projects\OMNI\Libero\NeuroMini_golden\SoftConsole\NeuroMini_MSS_CM3\NeuroMini_MSS_CM3_hw_platform\Debug\libNeuroMini_MSS_CM3_hw_platform.a(mss_spi.o)
 .text.MSS_SPI_set_slave_block_buffers
                0x00000000      0x23c P:\projects\OMNI\Libero\NeuroMini_golden\SoftConsole\NeuroMini_MSS_CM3\NeuroMini_MSS_CM3_hw_platform\Debug\libNeuroMini_MSS_CM3_hw_platform.a(mss_spi.o)
 .text.MSS_SPI_set_cmd_handler
                0x00000000       0xc4 P:\projects\OMNI\Libero\NeuroMini_golden\SoftConsole\NeuroMini_MSS_CM3\NeuroMini_MSS_CM3_hw_platform\Debug\libNeuroMini_MSS_CM3_hw_platform.a(mss_spi.o)
 .text.MSS_SPI_set_cmd_response
                0x00000000       0x38 P:\projects\OMNI\Libero\NeuroMini_golden\SoftConsole\NeuroMini_MSS_CM3\NeuroMini_MSS_CM3_hw_platform\Debug\libNeuroMini_MSS_CM3_hw_platform.a(mss_spi.o)
 .text.MSS_SPI_enable
                0x00000000       0x38 P:\projects\OMNI\Libero\NeuroMini_golden\SoftConsole\NeuroMini_MSS_CM3\NeuroMini_MSS_CM3_hw_platform\Debug\libNeuroMini_MSS_CM3_hw_platform.a(mss_spi.o)
 .text.MSS_SPI_disable
                0x00000000       0x38 P:\projects\OMNI\Libero\NeuroMini_golden\SoftConsole\NeuroMini_MSS_CM3\NeuroMini_MSS_CM3_hw_platform\Debug\libNeuroMini_MSS_CM3_hw_platform.a(mss_spi.o)
 .text.MSS_SPI_set_transfer_byte_count
                0x00000000       0x84 P:\projects\OMNI\Libero\NeuroMini_golden\SoftConsole\NeuroMini_MSS_CM3\NeuroMini_MSS_CM3_hw_platform\Debug\libNeuroMini_MSS_CM3_hw_platform.a(mss_spi.o)
 .text.MSS_SPI_tx_done
                0x00000000       0x24 P:\projects\OMNI\Libero\NeuroMini_golden\SoftConsole\NeuroMini_MSS_CM3\NeuroMini_MSS_CM3_hw_platform\Debug\libNeuroMini_MSS_CM3_hw_platform.a(mss_spi.o)
 .text          0x00000000        0x0 P:\projects\OMNI\Libero\NeuroMini_golden\SoftConsole\NeuroMini_MSS_CM3\NeuroMini_MSS_CM3_hw_platform\Debug\libNeuroMini_MSS_CM3_hw_platform.a(system_m2sxxx.o)
 .data          0x00000000        0x0 P:\projects\OMNI\Libero\NeuroMini_golden\SoftConsole\NeuroMini_MSS_CM3\NeuroMini_MSS_CM3_hw_platform\Debug\libNeuroMini_MSS_CM3_hw_platform.a(system_m2sxxx.o)
 .bss           0x00000000        0x0 P:\projects\OMNI\Libero\NeuroMini_golden\SoftConsole\NeuroMini_MSS_CM3\NeuroMini_MSS_CM3_hw_platform\Debug\libNeuroMini_MSS_CM3_hw_platform.a(system_m2sxxx.o)
 .data.SystemCoreClock
                0x00000000        0x4 P:\projects\OMNI\Libero\NeuroMini_golden\SoftConsole\NeuroMini_MSS_CM3\NeuroMini_MSS_CM3_hw_platform\Debug\libNeuroMini_MSS_CM3_hw_platform.a(system_m2sxxx.o)
 .data.g_FrequencyPCLK0
                0x00000000        0x4 P:\projects\OMNI\Libero\NeuroMini_golden\SoftConsole\NeuroMini_MSS_CM3\NeuroMini_MSS_CM3_hw_platform\Debug\libNeuroMini_MSS_CM3_hw_platform.a(system_m2sxxx.o)
 .data.g_FrequencyPCLK1
                0x00000000        0x4 P:\projects\OMNI\Libero\NeuroMini_golden\SoftConsole\NeuroMini_MSS_CM3\NeuroMini_MSS_CM3_hw_platform\Debug\libNeuroMini_MSS_CM3_hw_platform.a(system_m2sxxx.o)
 .data.g_FrequencyPCLK2
                0x00000000        0x4 P:\projects\OMNI\Libero\NeuroMini_golden\SoftConsole\NeuroMini_MSS_CM3\NeuroMini_MSS_CM3_hw_platform\Debug\libNeuroMini_MSS_CM3_hw_platform.a(system_m2sxxx.o)
 .data.g_FrequencyFIC0
                0x00000000        0x4 P:\projects\OMNI\Libero\NeuroMini_golden\SoftConsole\NeuroMini_MSS_CM3\NeuroMini_MSS_CM3_hw_platform\Debug\libNeuroMini_MSS_CM3_hw_platform.a(system_m2sxxx.o)
 .data.g_FrequencyFIC1
                0x00000000        0x4 P:\projects\OMNI\Libero\NeuroMini_golden\SoftConsole\NeuroMini_MSS_CM3\NeuroMini_MSS_CM3_hw_platform\Debug\libNeuroMini_MSS_CM3_hw_platform.a(system_m2sxxx.o)
 .data.g_FrequencyFIC64
                0x00000000        0x4 P:\projects\OMNI\Libero\NeuroMini_golden\SoftConsole\NeuroMini_MSS_CM3\NeuroMini_MSS_CM3_hw_platform\Debug\libNeuroMini_MSS_CM3_hw_platform.a(system_m2sxxx.o)
 .text.SystemCoreClockUpdate
                0x00000000      0x14c P:\projects\OMNI\Libero\NeuroMini_golden\SoftConsole\NeuroMini_MSS_CM3\NeuroMini_MSS_CM3_hw_platform\Debug\libNeuroMini_MSS_CM3_hw_platform.a(system_m2sxxx.o)
 .text.get_rcosc_25_50mhz_frequency
                0x00000000       0x44 P:\projects\OMNI\Libero\NeuroMini_golden\SoftConsole\NeuroMini_MSS_CM3\NeuroMini_MSS_CM3_hw_platform\Debug\libNeuroMini_MSS_CM3_hw_platform.a(system_m2sxxx.o)
 .text.set_clock_frequency_globals
                0x00000000       0x6c P:\projects\OMNI\Libero\NeuroMini_golden\SoftConsole\NeuroMini_MSS_CM3\NeuroMini_MSS_CM3_hw_platform\Debug\libNeuroMini_MSS_CM3_hw_platform.a(system_m2sxxx.o)
 .rodata.C.18.3527
                0x00000000        0x8 P:\projects\OMNI\Libero\NeuroMini_golden\SoftConsole\NeuroMini_MSS_CM3\NeuroMini_MSS_CM3_hw_platform\Debug\libNeuroMini_MSS_CM3_hw_platform.a(system_m2sxxx.o)
 .text          0x00000000        0x0 P:\projects\OMNI\Libero\NeuroMini_golden\SoftConsole\NeuroMini_MSS_CM3\NeuroMini_MSS_CM3_hw_platform\Lib\GCC\libarm_cortexM3l_math.a(arm_bitreversal.o)
 .data          0x00000000        0x0 P:\projects\OMNI\Libero\NeuroMini_golden\SoftConsole\NeuroMini_MSS_CM3\NeuroMini_MSS_CM3_hw_platform\Lib\GCC\libarm_cortexM3l_math.a(arm_bitreversal.o)
 .bss           0x00000000        0x0 P:\projects\OMNI\Libero\NeuroMini_golden\SoftConsole\NeuroMini_MSS_CM3\NeuroMini_MSS_CM3_hw_platform\Lib\GCC\libarm_cortexM3l_math.a(arm_bitreversal.o)
 .text.arm_bitreversal_f32
                0x00000000       0xbc P:\projects\OMNI\Libero\NeuroMini_golden\SoftConsole\NeuroMini_MSS_CM3\NeuroMini_MSS_CM3_hw_platform\Lib\GCC\libarm_cortexM3l_math.a(arm_bitreversal.o)
 .text.arm_bitreversal_q31
                0x00000000       0x9c P:\projects\OMNI\Libero\NeuroMini_golden\SoftConsole\NeuroMini_MSS_CM3\NeuroMini_MSS_CM3_hw_platform\Lib\GCC\libarm_cortexM3l_math.a(arm_bitreversal.o)
 .text.arm_bitreversal_q15
                0x00000000       0x64 P:\projects\OMNI\Libero\NeuroMini_golden\SoftConsole\NeuroMini_MSS_CM3\NeuroMini_MSS_CM3_hw_platform\Lib\GCC\libarm_cortexM3l_math.a(arm_bitreversal.o)
 .text          0x00000000        0x0 P:\projects\OMNI\Libero\NeuroMini_golden\SoftConsole\NeuroMini_MSS_CM3\NeuroMini_MSS_CM3_hw_platform\Lib\GCC\libarm_cortexM3l_math.a(arm_cfft_radix4_q15.o)
 .data          0x00000000        0x0 P:\projects\OMNI\Libero\NeuroMini_golden\SoftConsole\NeuroMini_MSS_CM3\NeuroMini_MSS_CM3_hw_platform\Lib\GCC\libarm_cortexM3l_math.a(arm_cfft_radix4_q15.o)
 .bss           0x00000000        0x0 P:\projects\OMNI\Libero\NeuroMini_golden\SoftConsole\NeuroMini_MSS_CM3\NeuroMini_MSS_CM3_hw_platform\Lib\GCC\libarm_cortexM3l_math.a(arm_cfft_radix4_q15.o)
 .text.arm_radix4_butterfly_q15
                0x00000000      0x570 P:\projects\OMNI\Libero\NeuroMini_golden\SoftConsole\NeuroMini_MSS_CM3\NeuroMini_MSS_CM3_hw_platform\Lib\GCC\libarm_cortexM3l_math.a(arm_cfft_radix4_q15.o)
 .text.arm_radix4_butterfly_inverse_q15
                0x00000000      0x570 P:\projects\OMNI\Libero\NeuroMini_golden\SoftConsole\NeuroMini_MSS_CM3\NeuroMini_MSS_CM3_hw_platform\Lib\GCC\libarm_cortexM3l_math.a(arm_cfft_radix4_q15.o)
 .text.arm_cfft_radix4_q15
                0x00000000       0x3c P:\projects\OMNI\Libero\NeuroMini_golden\SoftConsole\NeuroMini_MSS_CM3\NeuroMini_MSS_CM3_hw_platform\Lib\GCC\libarm_cortexM3l_math.a(arm_cfft_radix4_q15.o)
 .text          0x00000000        0xc c:/program files (x86)/microsemi/softconsole v3.4/sourcery-g++/bin/../lib/gcc/arm-none-eabi/4.4.1/../../../../arm-none-eabi/lib/thumb2\libc.a(lib_a-errno.o)
 .data          0x00000000        0x0 c:/program files (x86)/microsemi/softconsole v3.4/sourcery-g++/bin/../lib/gcc/arm-none-eabi/4.4.1/../../../../arm-none-eabi/lib/thumb2\libc.a(lib_a-errno.o)
 .bss           0x00000000        0x0 c:/program files (x86)/microsemi/softconsole v3.4/sourcery-g++/bin/../lib/gcc/arm-none-eabi/4.4.1/../../../../arm-none-eabi/lib/thumb2\libc.a(lib_a-errno.o)
 .text          0x00000000        0x0 c:/program files (x86)/microsemi/softconsole v3.4/sourcery-g++/bin/../lib/gcc/arm-none-eabi/4.4.1/../../../../arm-none-eabi/lib/thumb2\libc.a(lib_a-impure.o)
 .bss           0x00000000        0x0 c:/program files (x86)/microsemi/softconsole v3.4/sourcery-g++/bin/../lib/gcc/arm-none-eabi/4.4.1/../../../../arm-none-eabi/lib/thumb2\libc.a(lib_a-impure.o)
 .rodata        0x00000000        0x4 c:/program files (x86)/microsemi/softconsole v3.4/sourcery-g++/bin/../lib/gcc/arm-none-eabi/4.4.1/../../../../arm-none-eabi/lib/thumb2\libc.a(lib_a-impure.o)
 .data          0x00000000        0x0 c:/program files (x86)/microsemi/softconsole v3.4/sourcery-g++/bin/../lib/gcc/arm-none-eabi/4.4.1/../../../../arm-none-eabi/lib/thumb2\libc.a(lib_a-init.o)
 .bss           0x00000000        0x0 c:/program files (x86)/microsemi/softconsole v3.4/sourcery-g++/bin/../lib/gcc/arm-none-eabi/4.4.1/../../../../arm-none-eabi/lib/thumb2\libc.a(lib_a-init.o)
 .data          0x00000000        0x0 c:/program files (x86)/microsemi/softconsole v3.4/sourcery-g++/bin/../lib/gcc/arm-none-eabi/4.4.1/../../../../arm-none-eabi/lib/thumb2\libc.a(lib_a-malloc.o)
 .bss           0x00000000        0x0 c:/program files (x86)/microsemi/softconsole v3.4/sourcery-g++/bin/../lib/gcc/arm-none-eabi/4.4.1/../../../../arm-none-eabi/lib/thumb2\libc.a(lib_a-malloc.o)
 .data          0x00000000        0x0 c:/program files (x86)/microsemi/softconsole v3.4/sourcery-g++/bin/../lib/gcc/arm-none-eabi/4.4.1/../../../../arm-none-eabi/lib/thumb2\libc.a(lib_a-memset.o)
 .bss           0x00000000        0x0 c:/program files (x86)/microsemi/softconsole v3.4/sourcery-g++/bin/../lib/gcc/arm-none-eabi/4.4.1/../../../../arm-none-eabi/lib/thumb2\libc.a(lib_a-memset.o)
 .data          0x00000000        0x0 c:/program files (x86)/microsemi/softconsole v3.4/sourcery-g++/bin/../lib/gcc/arm-none-eabi/4.4.1/../../../../arm-none-eabi/lib/thumb2\libc.a(lib_a-mlock.o)
 .bss           0x00000000        0x0 c:/program files (x86)/microsemi/softconsole v3.4/sourcery-g++/bin/../lib/gcc/arm-none-eabi/4.4.1/../../../../arm-none-eabi/lib/thumb2\libc.a(lib_a-mlock.o)
 .data          0x00000000        0x0 c:/program files (x86)/microsemi/softconsole v3.4/sourcery-g++/bin/../lib/gcc/arm-none-eabi/4.4.1/../../../../arm-none-eabi/lib/thumb2\libc.a(lib_a-rand.o)
 .bss           0x00000000        0x0 c:/program files (x86)/microsemi/softconsole v3.4/sourcery-g++/bin/../lib/gcc/arm-none-eabi/4.4.1/../../../../arm-none-eabi/lib/thumb2\libc.a(lib_a-rand.o)
 .data          0x00000000        0x0 c:/program files (x86)/microsemi/softconsole v3.4/sourcery-g++/bin/../lib/gcc/arm-none-eabi/4.4.1/../../../../arm-none-eabi/lib/thumb2\libc.a(lib_a-sbrkr.o)
 .bss           0x00000000        0x0 c:/program files (x86)/microsemi/softconsole v3.4/sourcery-g++/bin/../lib/gcc/arm-none-eabi/4.4.1/../../../../arm-none-eabi/lib/thumb2\libc.a(lib_a-sbrkr.o)
 .data          0x00000000        0x0 c:/program files (x86)/microsemi/softconsole v3.4/sourcery-g++/bin/../lib/gcc/arm-none-eabi/4.4.1/../../../../arm-none-eabi/lib/thumb2\libc.a(lib_a-freer.o)
 .bss           0x00000000        0x0 c:/program files (x86)/microsemi/softconsole v3.4/sourcery-g++/bin/../lib/gcc/arm-none-eabi/4.4.1/../../../../arm-none-eabi/lib/thumb2\libc.a(lib_a-freer.o)
 .text          0x00000000      0x10c c:/program files (x86)/microsemi/softconsole v3.4/sourcery-g++/bin/../lib/gcc/arm-none-eabi/4.4.1/../../../../arm-none-eabi/lib/thumb2\libc.a(lib_a-reent.o)
 .data          0x00000000        0x0 c:/program files (x86)/microsemi/softconsole v3.4/sourcery-g++/bin/../lib/gcc/arm-none-eabi/4.4.1/../../../../arm-none-eabi/lib/thumb2\libc.a(lib_a-reent.o)
 .bss           0x00000000        0x0 c:/program files (x86)/microsemi/softconsole v3.4/sourcery-g++/bin/../lib/gcc/arm-none-eabi/4.4.1/../../../../arm-none-eabi/lib/thumb2\libc.a(lib_a-reent.o)
 .text          0x00000000        0x0 c:/program files (x86)/microsemi/softconsole v3.4/sourcery-g++/bin/../lib/gcc/arm-none-eabi/4.4.1/thumb2/crtend.o
 .data          0x00000000        0x0 c:/program files (x86)/microsemi/softconsole v3.4/sourcery-g++/bin/../lib/gcc/arm-none-eabi/4.4.1/thumb2/crtend.o
 .bss           0x00000000        0x0 c:/program files (x86)/microsemi/softconsole v3.4/sourcery-g++/bin/../lib/gcc/arm-none-eabi/4.4.1/thumb2/crtend.o
 .text          0x00000000        0x0 c:/program files (x86)/microsemi/softconsole v3.4/sourcery-g++/bin/../lib/gcc/arm-none-eabi/4.4.1/thumb2/crtn.o
 .data          0x00000000        0x0 c:/program files (x86)/microsemi/softconsole v3.4/sourcery-g++/bin/../lib/gcc/arm-none-eabi/4.4.1/thumb2/crtn.o
 .bss           0x00000000        0x0 c:/program files (x86)/microsemi/softconsole v3.4/sourcery-g++/bin/../lib/gcc/arm-none-eabi/4.4.1/thumb2/crtn.o

Memory Configuration

Name             Origin             Length             Attributes
rom              0x60000000         0x00040000         xr
romMirror        0x00000000         0x00040000         xr
ram              0x20000000         0x00010000         xrw
*default*        0x00000000         0xffffffff

Linker script and memory map

LOAD c:/program files (x86)/microsemi/softconsole v3.4/sourcery-g++/bin/../lib/gcc/arm-none-eabi/4.4.1/thumb2/crti.o
LOAD c:/program files (x86)/microsemi/softconsole v3.4/sourcery-g++/bin/../lib/gcc/arm-none-eabi/4.4.1/thumb2/crtbegin.o
LOAD ./arm_cfft_q15.o
LOAD ./arm_cmplx_mag_squared_q15.o
LOAD ./arm_common_tables.o
LOAD ./arm_const_structs.o
LOAD ./arm_rfft_q15.o
LOAD ./artifact_cancellation.o
LOAD ./loop.o
LOAD P:/projects/OMNI/Libero/NeuroMini_golden/SoftConsole/NeuroMini_MSS_CM3/NeuroMini_MSS_CM3_hw_platform/Debug/CMSIS/startup_gcc/startup_m2sxxx.o
LOAD P:/projects/OMNI/Libero/NeuroMini_golden/SoftConsole/NeuroMini_MSS_CM3/NeuroMini_MSS_CM3_hw_platform/Debug/CMSIS/startup_gcc/newlib_stubs.o
LOAD P:\projects\OMNI\Libero\NeuroMini_golden\SoftConsole\NeuroMini_MSS_CM3\NeuroMini_MSS_CM3_hw_platform\Debug\libNeuroMini_MSS_CM3_hw_platform.a
LOAD P:\projects\OMNI\Libero\NeuroMini_golden\SoftConsole\NeuroMini_MSS_CM3\NeuroMini_MSS_CM3_hw_platform\Lib\GCC\libarm_cortexM3l_math.a
START GROUP
LOAD c:/program files (x86)/microsemi/softconsole v3.4/sourcery-g++/bin/../lib/gcc/arm-none-eabi/4.4.1/thumb2\libgcc.a
LOAD c:/program files (x86)/microsemi/softconsole v3.4/sourcery-g++/bin/../lib/gcc/arm-none-eabi/4.4.1/../../../../arm-none-eabi/lib/thumb2\libc.a
END GROUP
LOAD c:/program files (x86)/microsemi/softconsole v3.4/sourcery-g++/bin/../lib/gcc/arm-none-eabi/4.4.1/thumb2/crtend.o
LOAD c:/program files (x86)/microsemi/softconsole v3.4/sourcery-g++/bin/../lib/gcc/arm-none-eabi/4.4.1/thumb2/crtn.o
START GROUP
LOAD c:/program files (x86)/microsemi/softconsole v3.4/sourcery-g++/bin/../lib/gcc/arm-none-eabi/4.4.1/../../../../arm-none-eabi/lib/thumb2\libc.a
LOAD c:/program files (x86)/microsemi/softconsole v3.4/sourcery-g++/bin/../lib/gcc/arm-none-eabi/4.4.1/thumb2\libgcc.a
LOAD c:/program files (x86)/microsemi/softconsole v3.4/sourcery-g++/bin/../lib/gcc/arm-none-eabi/4.4.1/../../../../arm-none-eabi/lib/thumb2\libm.a
END GROUP
                0x00000000                __DYNAMIC = 0x0
                0x20000000                RAM_START_ADDRESS = 0x20000000
                0x00010000                RAM_SIZE = 0x10000
                0x00001000                MAIN_STACK_SIZE = 0x1000
                0x00001000                MIN_SIZE_HEAP = 0x1000
                0x20010000                PROVIDE (__main_stack_start, (RAM_START_ADDRESS + RAM_SIZE))
                0x20010000                PROVIDE (_estack, __main_stack_start)
                0x00000001                PROVIDE (__mirrored_nvm, 0x1)
                0x00000000                PROVIDE (__smartfusion2_memory_remap, 0x0)

.vector_table   0x00000000      0x190 load address 0x60000000
                0x60000000                __vector_table_load = LOADADDR (.vector_table)
                0x00000000                __vector_table_start = .
                0x00000000                __vector_table_vma_base_address = .
 *(.isr_vector)
 .isr_vector    0x00000000      0x190 P:/projects/OMNI/Libero/NeuroMini_golden/SoftConsole/NeuroMini_MSS_CM3/NeuroMini_MSS_CM3_hw_platform/Debug/CMSIS/startup_gcc/startup_m2sxxx.o
                0x00000000                g_pfnVectors
                0x00000190                . = ALIGN (0x10)
                0x00000190                _evector_table = .

.boot_code      0x00000190      0x410 load address 0x60000190
 *(.boot_code)
 .boot_code     0x00000190      0x330 P:/projects/OMNI/Libero/NeuroMini_golden/SoftConsole/NeuroMini_MSS_CM3/NeuroMini_MSS_CM3_hw_platform/Debug/CMSIS/startup_gcc/startup_m2sxxx.o
                0x00000190                Reset_Handler
                0x0000037e                NMI_Handler
                0x00000380                HardFault_Handler
                0x00000382                MemManage_Handler
                0x00000384                BusFault_Handler
                0x00000386                UsageFault_Handler
                0x00000388                SVC_Handler
                0x0000038a                DebugMon_Handler
                0x0000038c                PendSV_Handler
                0x0000038e                SysTick_Handler
                0x00000390                WdogWakeup_IRQHandler
                0x00000392                RTC_Wakeup_IRQHandler
                0x00000398                I2C0_IRQHandler
                0x0000039a                I2C0_SMBAlert_IRQHandler
                0x0000039c                I2C0_SMBus_IRQHandler
                0x0000039e                I2C1_IRQHandler
                0x000003a0                I2C1_SMBAlert_IRQHandler
                0x000003a2                I2C1_SMBus_IRQHandler
                0x000003a4                UART0_IRQHandler
                0x000003a6                UART1_IRQHandler
                0x000003a8                EthernetMAC_IRQHandler
                0x000003aa                DMA_IRQHandler
                0x000003ac                Timer1_IRQHandler
                0x000003ae                Timer2_IRQHandler
                0x000003b0                CAN_IRQHandler
                0x000003b2                ENVM0_IRQHandler
                0x000003b4                ENVM1_IRQHandler
                0x000003b6                ComBlk_IRQHandler
                0x000003b8                USB_IRQHandler
                0x000003ba                USB_DMA_IRQHandler
                0x000003bc                PLL_Lock_IRQHandler
                0x000003be                PLL_LockLost_IRQHandler
                0x000003c0                CommSwitchError_IRQHandler
                0x000003c2                CacheError_IRQHandler
                0x000003c4                DDR_IRQHandler
                0x000003c6                HPDMA_Complete_IRQHandler
                0x000003c8                HPDMA_Error_IRQHandler
                0x000003ca                ECC_Error_IRQHandler
                0x000003cc                MDDR_IOCalib_IRQHandler
                0x000003ce                FAB_PLL_Lock_IRQHandler
                0x000003d0                FAB_PLL_LockLost_IRQHandler
                0x000003d2                FIC64_IRQHandler
                0x000003d4                FabricIrq0_IRQHandler
                0x000003d6                FabricIrq1_IRQHandler
                0x000003d8                FabricIrq2_IRQHandler
                0x000003da                FabricIrq3_IRQHandler
                0x000003dc                FabricIrq4_IRQHandler
                0x000003de                FabricIrq5_IRQHandler
                0x000003e0                FabricIrq6_IRQHandler
                0x000003e2                FabricIrq7_IRQHandler
                0x000003e4                FabricIrq8_IRQHandler
                0x000003e6                FabricIrq9_IRQHandler
                0x000003e8                FabricIrq10_IRQHandler
                0x000003ea                FabricIrq11_IRQHandler
                0x000003ec                FabricIrq12_IRQHandler
                0x000003ee                FabricIrq13_IRQHandler
                0x000003f0                FabricIrq14_IRQHandler
                0x000003f2                FabricIrq15_IRQHandler
                0x000003f4                GPIO0_IRQHandler
                0x000003f6                GPIO1_IRQHandler
                0x000003f8                GPIO2_IRQHandler
                0x000003fa                GPIO3_IRQHandler
                0x000003fc                GPIO4_IRQHandler
                0x000003fe                GPIO5_IRQHandler
                0x00000400                GPIO6_IRQHandler
                0x00000402                GPIO7_IRQHandler
                0x00000404                GPIO8_IRQHandler
                0x00000406                GPIO9_IRQHandler
                0x00000408                GPIO10_IRQHandler
                0x0000040a                GPIO11_IRQHandler
                0x0000040c                GPIO12_IRQHandler
                0x0000040e                GPIO13_IRQHandler
                0x00000410                GPIO14_IRQHandler
                0x00000412                GPIO15_IRQHandler
                0x00000414                GPIO16_IRQHandler
                0x00000416                GPIO17_IRQHandler
                0x00000418                GPIO18_IRQHandler
                0x0000041a                GPIO19_IRQHandler
                0x0000041c                GPIO20_IRQHandler
                0x0000041e                GPIO21_IRQHandler
                0x00000420                GPIO22_IRQHandler
                0x00000422                GPIO23_IRQHandler
                0x00000424                GPIO24_IRQHandler
                0x00000426                GPIO25_IRQHandler
                0x00000428                GPIO26_IRQHandler
                0x0000042a                GPIO27_IRQHandler
                0x0000042c                GPIO28_IRQHandler
                0x0000042e                GPIO29_IRQHandler
                0x00000430                GPIO30_IRQHandler
                0x00000432                GPIO31_IRQHandler
                0x00000434                mscc_post_hw_cfg_init
 *system_m2sxxx.o(.text*)
 .text.SystemInit
                0x000004c0       0x28 P:\projects\OMNI\Libero\NeuroMini_golden\SoftConsole\NeuroMini_MSS_CM3\NeuroMini_MSS_CM3_hw_platform\Debug\libNeuroMini_MSS_CM3_hw_platform.a(system_m2sxxx.o)
                0x000004c0                SystemInit
 .text.get_silicon_revision
                0x000004e8       0x50 P:\projects\OMNI\Libero\NeuroMini_golden\SoftConsole\NeuroMini_MSS_CM3\NeuroMini_MSS_CM3_hw_platform\Debug\libNeuroMini_MSS_CM3_hw_platform.a(system_m2sxxx.o)
 .text.silicon_workarounds
                0x00000538       0x20 P:\projects\OMNI\Libero\NeuroMini_golden\SoftConsole\NeuroMini_MSS_CM3\NeuroMini_MSS_CM3_hw_platform\Debug\libNeuroMini_MSS_CM3_hw_platform.a(system_m2sxxx.o)
 .text.m2s050_rev_a_workarounds
                0x00000558       0x44 P:\projects\OMNI\Libero\NeuroMini_golden\SoftConsole\NeuroMini_MSS_CM3\NeuroMini_MSS_CM3_hw_platform\Debug\libNeuroMini_MSS_CM3_hw_platform.a(system_m2sxxx.o)
 *sys_config.o(.rodata*)
                0x000005a0                . = ALIGN (0x10)
 *fill*         0x0000059c        0x4 00

.text           0x000005a0     0x8590 load address 0x600005a0
 CREATE_OBJECT_SYMBOLS
                0x600005a0                __text_load = LOADADDR (.text)
                0x000005a0                __text_start = .
 *(.text .text.* .gnu.linkonce.t.*)
 .text          0x000005a0       0x30 c:/program files (x86)/microsemi/softconsole v3.4/sourcery-g++/bin/../lib/gcc/arm-none-eabi/4.4.1/thumb2/crtbegin.o
 .text.NMstim   0x000005d0       0x44 ./loop.o
                0x000005d0                NMstim
 .text.writeNMreg
                0x00000614      0x1c0 ./loop.o
                0x00000614                writeNMreg
 .text.main     0x000007d4     0x1b1c ./loop.o
                0x000007d4                main
 .text.spi_rx_handler
                0x000022f0       0xa4 ./loop.o
                0x000022f0                spi_rx_handler
 .text._exit    0x00002394        0xc P:/projects/OMNI/Libero/NeuroMini_golden/SoftConsole/NeuroMini_MSS_CM3/NeuroMini_MSS_CM3_hw_platform/Debug/CMSIS/startup_gcc/newlib_stubs.o
                0x00002394                _exit
 .text._write_r
                0x000023a0       0x20 P:/projects/OMNI/Libero/NeuroMini_golden/SoftConsole/NeuroMini_MSS_CM3/NeuroMini_MSS_CM3_hw_platform/Debug/CMSIS/startup_gcc/newlib_stubs.o
                0x000023a0                _write_r
 .text._sbrk    0x000023c0       0xe4 P:/projects/OMNI/Libero/NeuroMini_golden/SoftConsole/NeuroMini_MSS_CM3/NeuroMini_MSS_CM3_hw_platform/Debug/CMSIS/startup_gcc/newlib_stubs.o
                0x000023c0                _sbrk
 .text.NVIC_EnableIRQ
                0x000024a4       0x38 P:\projects\OMNI\Libero\NeuroMini_golden\SoftConsole\NeuroMini_MSS_CM3\NeuroMini_MSS_CM3_hw_platform\Debug\libNeuroMini_MSS_CM3_hw_platform.a(mss_spi.o)
 .text.NVIC_DisableIRQ
                0x000024dc       0x3c P:\projects\OMNI\Libero\NeuroMini_golden\SoftConsole\NeuroMini_MSS_CM3\NeuroMini_MSS_CM3_hw_platform\Debug\libNeuroMini_MSS_CM3_hw_platform.a(mss_spi.o)
 .text.NVIC_ClearPendingIRQ
                0x00002518       0x3c P:\projects\OMNI\Libero\NeuroMini_golden\SoftConsole\NeuroMini_MSS_CM3\NeuroMini_MSS_CM3_hw_platform\Debug\libNeuroMini_MSS_CM3_hw_platform.a(mss_spi.o)
 .text.MSS_SPI_init
                0x00002554      0x134 P:\projects\OMNI\Libero\NeuroMini_golden\SoftConsole\NeuroMini_MSS_CM3\NeuroMini_MSS_CM3_hw_platform\Debug\libNeuroMini_MSS_CM3_hw_platform.a(mss_spi.o)
                0x00002554                MSS_SPI_init
 .text.recover_from_rx_overflow
                0x00002688      0x160 P:\projects\OMNI\Libero\NeuroMini_golden\SoftConsole\NeuroMini_MSS_CM3\NeuroMini_MSS_CM3_hw_platform\Debug\libNeuroMini_MSS_CM3_hw_platform.a(mss_spi.o)
 .text.MSS_SPI_configure_master_mode
                0x000027e8      0x150 P:\projects\OMNI\Libero\NeuroMini_golden\SoftConsole\NeuroMini_MSS_CM3\NeuroMini_MSS_CM3_hw_platform\Debug\libNeuroMini_MSS_CM3_hw_platform.a(mss_spi.o)
                0x000027e8                MSS_SPI_configure_master_mode
 .text.MSS_SPI_set_slave_select
                0x00002938      0x108 P:\projects\OMNI\Libero\NeuroMini_golden\SoftConsole\NeuroMini_MSS_CM3\NeuroMini_MSS_CM3_hw_platform\Debug\libNeuroMini_MSS_CM3_hw_platform.a(mss_spi.o)
                0x00002938                MSS_SPI_set_slave_select
 .text.MSS_SPI_clear_slave_select
                0x00002a40       0x90 P:\projects\OMNI\Libero\NeuroMini_golden\SoftConsole\NeuroMini_MSS_CM3\NeuroMini_MSS_CM3_hw_platform\Debug\libNeuroMini_MSS_CM3_hw_platform.a(mss_spi.o)
                0x00002a40                MSS_SPI_clear_slave_select
 .text.MSS_SPI_transfer_block
                0x00002ad0      0x228 P:\projects\OMNI\Libero\NeuroMini_golden\SoftConsole\NeuroMini_MSS_CM3\NeuroMini_MSS_CM3_hw_platform\Debug\libNeuroMini_MSS_CM3_hw_platform.a(mss_spi.o)
                0x00002ad0                MSS_SPI_transfer_block
 .text.fill_slave_tx_fifo
                0x00002cf8       0xe0 P:\projects\OMNI\Libero\NeuroMini_golden\SoftConsole\NeuroMini_MSS_CM3\NeuroMini_MSS_CM3_hw_platform\Debug\libNeuroMini_MSS_CM3_hw_platform.a(mss_spi.o)
 .text.read_slave_rx_fifo
                0x00002dd8       0xac P:\projects\OMNI\Libero\NeuroMini_golden\SoftConsole\NeuroMini_MSS_CM3\NeuroMini_MSS_CM3_hw_platform\Debug\libNeuroMini_MSS_CM3_hw_platform.a(mss_spi.o)
 .text.mss_spi_isr
                0x00002e84      0x2b0 P:\projects\OMNI\Libero\NeuroMini_golden\SoftConsole\NeuroMini_MSS_CM3\NeuroMini_MSS_CM3_hw_platform\Debug\libNeuroMini_MSS_CM3_hw_platform.a(mss_spi.o)
 .text.SPI0_IRQHandler
                0x00003134       0x24 P:\projects\OMNI\Libero\NeuroMini_golden\SoftConsole\NeuroMini_MSS_CM3\NeuroMini_MSS_CM3_hw_platform\Debug\libNeuroMini_MSS_CM3_hw_platform.a(mss_spi.o)
                0x00003134                SPI0_IRQHandler
 .text.SPI1_IRQHandler
                0x00003158       0x24 P:\projects\OMNI\Libero\NeuroMini_golden\SoftConsole\NeuroMini_MSS_CM3\NeuroMini_MSS_CM3_hw_platform\Debug\libNeuroMini_MSS_CM3_hw_platform.a(mss_spi.o)
                0x00003158                SPI1_IRQHandler
 .text          0x0000317c       0x50 c:/program files (x86)/microsemi/softconsole v3.4/sourcery-g++/bin/../lib/gcc/arm-none-eabi/4.4.1/../../../../arm-none-eabi/lib/thumb2\libc.a(lib_a-init.o)
                0x0000317c                __libc_init_array
 .text          0x000031cc       0x20 c:/program files (x86)/microsemi/softconsole v3.4/sourcery-g++/bin/../lib/gcc/arm-none-eabi/4.4.1/../../../../arm-none-eabi/lib/thumb2\libc.a(lib_a-malloc.o)
                0x000031cc                free
                0x000031dc                malloc
 .text          0x000031ec      0x5a4 c:/program files (x86)/microsemi/softconsole v3.4/sourcery-g++/bin/../lib/gcc/arm-none-eabi/4.4.1/../../../../arm-none-eabi/lib/thumb2\libc.a(lib_a-mallocr.o)
                0x000031ec                _malloc_r
 .text          0x00003790       0xd4 c:/program files (x86)/microsemi/softconsole v3.4/sourcery-g++/bin/../lib/gcc/arm-none-eabi/4.4.1/../../../../arm-none-eabi/lib/thumb2\libc.a(lib_a-memset.o)
                0x00003790                memset
 .text          0x00003864        0x8 c:/program files (x86)/microsemi/softconsole v3.4/sourcery-g++/bin/../lib/gcc/arm-none-eabi/4.4.1/../../../../arm-none-eabi/lib/thumb2\libc.a(lib_a-mlock.o)
                0x00003864                __malloc_lock
                0x00003868                __malloc_unlock
 *fill*         0x0000386c        0x4 00
 .text          0x00003870      0x108 c:/program files (x86)/microsemi/softconsole v3.4/sourcery-g++/bin/../lib/gcc/arm-none-eabi/4.4.1/../../../../arm-none-eabi/lib/thumb2\libc.a(lib_a-rand.o)
                0x00003870                rand
                0x00003918                srand
 .text          0x00003978       0x28 c:/program files (x86)/microsemi/softconsole v3.4/sourcery-g++/bin/../lib/gcc/arm-none-eabi/4.4.1/../../../../arm-none-eabi/lib/thumb2\libc.a(lib_a-sbrkr.o)
                0x00003978                _sbrk_r
 .text          0x000039a0      0x268 c:/program files (x86)/microsemi/softconsole v3.4/sourcery-g++/bin/../lib/gcc/arm-none-eabi/4.4.1/../../../../arm-none-eabi/lib/thumb2\libc.a(lib_a-freer.o)
                0x000039a0                _malloc_trim_r
                0x00003a48                _free_r
 *(.plt)
 *(.gnu.warning)
 *(.glue_7t)
 .glue_7t       0x00000000        0x0 linker stubs
 *(.glue_7)
 .glue_7        0x00000000        0x0 linker stubs
 *(.vfp11_veneer)
 .vfp11_veneer  0x00000000        0x0 linker stubs
                0x00003c08                . = ALIGN (0x4)
 *crtbegin.o(.ctors)
 *(EXCLUDE_FILE(*crtend.o) .ctors)
 *(SORT(.ctors.*))
 *crtend.o(.ctors)
 *crtbegin.o(.dtors)
 *(EXCLUDE_FILE(*crtend.o) .dtors)
 *(SORT(.dtors.*))
 *crtend.o(.dtors)
 *(.rodata .rodata.* .gnu.linkonce.r.*)
 .rodata.twiddleCoef_16_q15
                0x00003c08       0x30 ./arm_common_tables.o
                0x00003c08                twiddleCoef_16_q15
 .rodata.twiddleCoef_32_q15
                0x00003c38       0x60 ./arm_common_tables.o
                0x00003c38                twiddleCoef_32_q15
 .rodata.twiddleCoef_64_q15
                0x00003c98       0xc0 ./arm_common_tables.o
                0x00003c98                twiddleCoef_64_q15
 .rodata.twiddleCoef_128_q15
                0x00003d58      0x180 ./arm_common_tables.o
                0x00003d58                twiddleCoef_128_q15
 .rodata.twiddleCoef_256_q15
                0x00003ed8      0x300 ./arm_common_tables.o
                0x00003ed8                twiddleCoef_256_q15
 .rodata.twiddleCoef_512_q15
                0x000041d8      0x600 ./arm_common_tables.o
                0x000041d8                twiddleCoef_512_q15
 .rodata.twiddleCoef_1024_q15
                0x000047d8      0xc00 ./arm_common_tables.o
                0x000047d8                twiddleCoef_1024_q15
 .rodata.twiddleCoef_2048_q15
                0x000053d8     0x1800 ./arm_common_tables.o
                0x000053d8                twiddleCoef_2048_q15
 .rodata.armBitRevIndexTable_fixed_16
                0x00006bd8       0x18 ./arm_common_tables.o
                0x00006bd8                armBitRevIndexTable_fixed_16
 .rodata.armBitRevIndexTable_fixed_32
                0x00006bf0       0x30 ./arm_common_tables.o
                0x00006bf0                armBitRevIndexTable_fixed_32
 .rodata.armBitRevIndexTable_fixed_64
                0x00006c20       0x70 ./arm_common_tables.o
                0x00006c20                armBitRevIndexTable_fixed_64
 .rodata.armBitRevIndexTable_fixed_128
                0x00006c90       0xe0 ./arm_common_tables.o
                0x00006c90                armBitRevIndexTable_fixed_128
 .rodata.armBitRevIndexTable_fixed_256
                0x00006d70      0x1e0 ./arm_common_tables.o
                0x00006d70                armBitRevIndexTable_fixed_256
 .rodata.armBitRevIndexTable_fixed_512
                0x00006f50      0x3c0 ./arm_common_tables.o
                0x00006f50                armBitRevIndexTable_fixed_512
 .rodata.armBitRevIndexTable_fixed_1024
                0x00007310      0x7c0 ./arm_common_tables.o
                0x00007310                armBitRevIndexTable_fixed_1024
 .rodata.armBitRevIndexTable_fixed_2048
                0x00007ad0      0xf80 ./arm_common_tables.o
                0x00007ad0                armBitRevIndexTable_fixed_2048
 .rodata.arm_cfft_sR_q15_len16
                0x00008a50       0x10 ./arm_const_structs.o
                0x00008a50                arm_cfft_sR_q15_len16
 .rodata.arm_cfft_sR_q15_len32
                0x00008a60       0x10 ./arm_const_structs.o
                0x00008a60                arm_cfft_sR_q15_len32
 .rodata.arm_cfft_sR_q15_len64
                0x00008a70       0x10 ./arm_const_structs.o
                0x00008a70                arm_cfft_sR_q15_len64
 .rodata.arm_cfft_sR_q15_len128
                0x00008a80       0x10 ./arm_const_structs.o
                0x00008a80                arm_cfft_sR_q15_len128
 .rodata.arm_cfft_sR_q15_len256
                0x00008a90       0x10 ./arm_const_structs.o
                0x00008a90                arm_cfft_sR_q15_len256
 .rodata.arm_cfft_sR_q15_len512
                0x00008aa0       0x10 ./arm_const_structs.o
                0x00008aa0                arm_cfft_sR_q15_len512
 .rodata.arm_cfft_sR_q15_len1024
                0x00008ab0       0x10 ./arm_const_structs.o
                0x00008ab0                arm_cfft_sR_q15_len1024
 .rodata.arm_cfft_sR_q15_len2048
                0x00008ac0       0x10 ./arm_const_structs.o
                0x00008ac0                arm_cfft_sR_q15_len2048
 .rodata        0x00008ad0       0x30 P:/projects/OMNI/Libero/NeuroMini_golden/SoftConsole/NeuroMini_MSS_CM3/NeuroMini_MSS_CM3_hw_platform/Debug/CMSIS/startup_gcc/newlib_stubs.o
 .rodata.str1.4
                0x00008b00        0x4 c:/program files (x86)/microsemi/softconsole v3.4/sourcery-g++/bin/../lib/gcc/arm-none-eabi/4.4.1/../../../../arm-none-eabi/lib/thumb2\libc.a(lib_a-impure.o)
 *(.ARM.extab* .gnu.linkonce.armextab.*)
 *(.gcc_except_table)
 *(.eh_frame_hdr)
 *(.eh_frame)
 *(.vector_table)
 *(.init)
 .init          0x00008b04        0x4 c:/program files (x86)/microsemi/softconsole v3.4/sourcery-g++/bin/../lib/gcc/arm-none-eabi/4.4.1/thumb2/crti.o
                0x00008b04                _init
 .init          0x00008b08        0x8 c:/program files (x86)/microsemi/softconsole v3.4/sourcery-g++/bin/../lib/gcc/arm-none-eabi/4.4.1/thumb2/crtn.o
 *(.fini)
 .fini          0x00008b10        0x4 c:/program files (x86)/microsemi/softconsole v3.4/sourcery-g++/bin/../lib/gcc/arm-none-eabi/4.4.1/thumb2/crti.o
                0x00008b10                _fini
 .fini          0x00008b14        0x8 c:/program files (x86)/microsemi/softconsole v3.4/sourcery-g++/bin/../lib/gcc/arm-none-eabi/4.4.1/thumb2/crtn.o
                0x00008b1c                PROVIDE (__preinit_array_start, .)
 *(.preinit_array)
                0x00008b1c                PROVIDE (__preinit_array_end, .)
                0x00008b1c                PROVIDE (__init_array_start, .)
 *(SORT(.init_array.*))
 *(.init_array)
 .init_array    0x00008b1c        0x4 c:/program files (x86)/microsemi/softconsole v3.4/sourcery-g++/bin/../lib/gcc/arm-none-eabi/4.4.1/thumb2/crtbegin.o
                0x00008b20                PROVIDE (__init_array_end, .)
                0x00008b20                PROVIDE (__fini_array_start, .)
 *(.fini_array)
 .fini_array    0x00008b20        0x4 c:/program files (x86)/microsemi/softconsole v3.4/sourcery-g++/bin/../lib/gcc/arm-none-eabi/4.4.1/thumb2/crtbegin.o
 *(SORT(.fini_array.*))
                0x00008b24                PROVIDE (__fini_array_end, .)
                0x00008b30                . = ALIGN (0x10)
 *fill*         0x00008b24        0xc 00
                0x00008b30                __exidx_start = .

.v4_bx          0x00008b30        0x0 load address 0x60008b30
 .v4_bx         0x00000000        0x0 linker stubs

.ARM.exidx
 *(.ARM.exidx* .gnu.linkonce.armexidx.*)
                0x00008b30                __exidx_end = .
                0x00008b30                _etext = .

.data           0x20000000     0x1530 load address 0x60008b30
                0x60008b30                __data_load = LOADADDR (.data)
                0x60008b30                _sidata = LOADADDR (.data)
                0x20000000                __data_start = .
                0x20000000                _sdata = .
 *(.jcr)
 .jcr           0x20000000        0x0 c:/program files (x86)/microsemi/softconsole v3.4/sourcery-g++/bin/../lib/gcc/arm-none-eabi/4.4.1/thumb2/crtbegin.o
 .jcr           0x20000000        0x4 c:/program files (x86)/microsemi/softconsole v3.4/sourcery-g++/bin/../lib/gcc/arm-none-eabi/4.4.1/thumb2/crtend.o
 *(.got.plt)
 *(.got)
 *(.shdata)
 *(.data .data.* .gnu.linkonce.d.*)
 .data.status   0x20000004        0x4 ./loop.o
                0x20000004                status
 .data.n0d1     0x20000008        0x4 ./loop.o
                0x20000008                n0d1
 .data.n0d2     0x2000000c        0x4 ./loop.o
                0x2000000c                n0d2
 .data.n0ack    0x20000010        0x4 ./loop.o
                0x20000010                n0ack
 .data.n0adc    0x20000014        0x4 ./loop.o
                0x20000014                n0adc
 .data.chan     0x20000018        0x4 ./loop.o
 .data.buf_good
                0x2000001c        0x1 ./loop.o
 .data.buf_tx   0x2000001d        0x1 ./loop.o
 *fill*         0x2000001e        0x2 00
 .data.fftSize  0x20000020        0x4 ./loop.o
                0x20000020                fftSize
 .data.ch_order
                0x20000024        0x2 ./loop.o
                0x20000024                ch_order
 *fill*         0x20000026        0x2 00
 .data.bitrevtable
                0x20000028     0x1000 ./loop.o
                0x20000028                bitrevtable
 .data.bitrev_factor
                0x20001028        0x1 ./loop.o
                0x20001028                bitrev_factor
 *fill*         0x20001029        0x3 00
 .data          0x2000102c       0xf4 c:/program files (x86)/microsemi/softconsole v3.4/sourcery-g++/bin/../lib/gcc/arm-none-eabi/4.4.1/../../../../arm-none-eabi/lib/thumb2\libc.a(lib_a-impure.o)
                0x2000102c                _impure_ptr
 .data          0x20001120      0x410 c:/program files (x86)/microsemi/softconsole v3.4/sourcery-g++/bin/../lib/gcc/arm-none-eabi/4.4.1/../../../../arm-none-eabi/lib/thumb2\libc.a(lib_a-mallocr.o)
                0x20001120                __malloc_av_
                0x20001528                __malloc_sbrk_base
                0x2000152c                __malloc_trim_threshold
                0x20001530                . = ALIGN (0x10)
                0x20001530                _edata = .

.bss            0x20001530     0x2990 load address 0x6000a060
                0x20001530                __bss_start__ = .
                0x20001530                _sbss = .
 *(.shbss)
 *(.bss .bss.* .gnu.linkonce.b.*)
 .bss           0x20001530        0x1 c:/program files (x86)/microsemi/softconsole v3.4/sourcery-g++/bin/../lib/gcc/arm-none-eabi/4.4.1/thumb2/crtbegin.o
 *fill*         0x20001531        0x3 00
 .bss.ringbuf   0x20001534       0x40 ./loop.o
 .bss.rbwrptr   0x20001574        0x4 ./loop.o
 .bss.rbrdptr   0x20001578        0x4 ./loop.o
 .bss.adc_data_buf
                0x2000157c      0x640 ./loop.o
 .bss.dummy     0x20001bbc        0x2 ./loop.o
 *fill*         0x20001bbe        0x2 00
 .bss.reg_data_buf
                0x20001bc0       0xc8 ./loop.o
 .bss.sel_data_vector
                0x20001c88       0x40 ./loop.o
 .bss.stream_en
                0x20001cc8        0x1 ./loop.o
 .bss.stream_on
                0x20001cc9        0x1 ./loop.o
 .bss.stream_off
                0x20001cca        0x1 ./loop.o
 .bss.artifact_en
                0x20001ccb        0x1 ./loop.o
 .bss.artifact_on
                0x20001ccc        0x1 ./loop.o
 .bss.artifact_off
                0x20001ccd        0x1 ./loop.o
 .bss.counter   0x20001cce        0x2 ./loop.o
 .bss.stim_flag
                0x20001cd0        0x1 ./loop.o
 .bss.buf_save  0x20001cd1        0x1 ./loop.o
 .bss.stim_count
                0x20001cd2        0x1 ./loop.o
 *fill*         0x20001cd3        0x1 00
 .bss.step      0x20001cd4        0x2 ./loop.o
 *fill*         0x20001cd6        0x2 00
 .bss.spi_rx_buf
                0x20001cd8        0x8 ./loop.o
 .bss.gui_request_counter
                0x20001ce0        0x4 ./loop.o
 .bss.reg_val   0x20001ce4        0x4 ./loop.o
 .bss.reg_addr  0x20001ce8        0x4 ./loop.o
 .bss.reg_data  0x20001cec        0x4 ./loop.o
 .bss.stim_nm0  0x20001cf0        0x4 ./loop.o
 .bss.stim_rep  0x20001cf4        0x4 ./loop.o
 .bss.rec_enable_write
                0x20001cf8        0x1 ./loop.o
 *fill*         0x20001cf9        0x3 00
 .bss.stat      0x20001cfc        0x4 ./loop.o
                0x20001cfc                stat
 .bss.stat_flag
                0x20001d00        0x1 ./loop.o
                0x20001d00                stat_flag
 *fill*         0x20001d01        0x3 00
 .bss.fft_data_buf
                0x20001d04        0x4 ./loop.o
 .bss.mag_data_buf
                0x20001d08        0x4 ./loop.o
 .bss.fft_i     0x20001d0c        0x2 ./loop.o
                0x20001d0c                fft_i
 .bss.fft_i2    0x20001d0e        0x2 ./loop.o
                0x20001d0e                fft_i2
 .bss.mag_i     0x20001d10        0x2 ./loop.o
                0x20001d10                mag_i
 .bss.cl_count  0x20001d12        0x2 ./loop.o
                0x20001d12                cl_count
 .bss.rand_min  0x20001d14        0x2 ./loop.o
                0x20001d14                rand_min
 .bss.rand_max  0x20001d16        0x2 ./loop.o
                0x20001d16                rand_max
 .bss.dead_len  0x20001d18        0x2 ./loop.o
                0x20001d18                dead_len
 .bss.rand_mode
                0x20001d1a        0x1 ./loop.o
                0x20001d1a                rand_mode
 .bss.fake_stim
                0x20001d1b        0x1 ./loop.o
                0x20001d1b                fake_stim
 .bss.derivative
                0x20001d1c        0x1 ./loop.o
                0x20001d1c                derivative
 .bss.derivativeB
                0x20001d1d        0x1 ./loop.o
                0x20001d1d                derivativeB
 .bss.cl0_en    0x20001d1e        0x1 ./loop.o
                0x20001d1e                cl0_en
 .bss.ctrl_dir  0x20001d1f        0x1 ./loop.o
                0x20001d1f                ctrl_dir
 .bss.ctrl_thresh
                0x20001d20        0x4 ./loop.o
                0x20001d20                ctrl_thresh
 .bss.fbin_min  0x20001d24        0x2 ./loop.o
                0x20001d24                fbin_min
 .bss.fbin_max  0x20001d26        0x2 ./loop.o
                0x20001d26                fbin_max
 .bss.num_bins  0x20001d28        0x2 ./loop.o
                0x20001d28                num_bins
 .bss.num_bins2
                0x20001d2a        0x2 ./loop.o
                0x20001d2a                num_bins2
 .bss.fft_size_sel
                0x20001d2c        0x1 ./loop.o
                0x20001d2c                fft_size_sel
 .bss.fft_fsm   0x20001d2d        0x1 ./loop.o
                0x20001d2d                fft_fsm
 .bss.stim_delay
                0x20001d2e        0x1 ./loop.o
                0x20001d2e                stim_delay
 *fill*         0x20001d2f        0x1 00
 .bss.fbin_max2
                0x20001d30        0x2 ./loop.o
                0x20001d30                fbin_max2
 .bss.fbin_min2
                0x20001d32        0x2 ./loop.o
                0x20001d32                fbin_min2
 .bss.ctrl_en2  0x20001d34        0x1 ./loop.o
                0x20001d34                ctrl_en2
 .bss.ctrl_dir2
                0x20001d35        0x1 ./loop.o
                0x20001d35                ctrl_dir2
 *fill*         0x20001d36        0x2 00
 .bss.ctrl_thresh2
                0x20001d38        0x4 ./loop.o
                0x20001d38                ctrl_thresh2
 .bss.ctrl_comb
                0x20001d3c        0x1 ./loop.o
                0x20001d3c                ctrl_comb
 .bss.closed_loop
                0x20001d3d        0x1 ./loop.o
                0x20001d3d                closed_loop
 *fill*         0x20001d3e        0x2 00
 .bss.heap_end.2220
                0x20001d40        0x4 P:/projects/OMNI/Libero/NeuroMini_golden/SoftConsole/NeuroMini_MSS_CM3/NeuroMini_MSS_CM3_hw_platform/Debug/CMSIS/startup_gcc/newlib_stubs.o
 .bss           0x20001d44       0x34 c:/program files (x86)/microsemi/softconsole v3.4/sourcery-g++/bin/../lib/gcc/arm-none-eabi/4.4.1/../../../../arm-none-eabi/lib/thumb2\libc.a(lib_a-mallocr.o)
                0x20001d44                __malloc_top_pad
                0x20001d48                __malloc_current_mallinfo
                0x20001d70                __malloc_max_sbrked_mem
                0x20001d74                __malloc_max_total_mem
 *(COMMON)
 COMMON         0x20001d78     0x2030 ./loop.o
                0x20001d78                to_write1
                0x20001d7c                bitrev_bins
                0x20002d7c                bitrev_bins2
                0x20003d7c                to_write2
                0x20003d7d                ch_ctrl
                0x20003d7e                to_send
                0x20003d7f                to_calc
                0x20003d80                value2
                0x20003d90                S_CFFT
                0x20003d94                ch_stim
                0x20003d98                value
 COMMON         0x20003da8      0x108 P:\projects\OMNI\Libero\NeuroMini_golden\SoftConsole\NeuroMini_MSS_CM3\NeuroMini_MSS_CM3_hw_platform\Debug\libNeuroMini_MSS_CM3_hw_platform.a(mss_spi.o)
                0x20003da8                g_mss_spi1
                0x20003e2c                g_mss_spi0
 COMMON         0x20003eb0        0x4 c:/program files (x86)/microsemi/softconsole v3.4/sourcery-g++/bin/../lib/gcc/arm-none-eabi/4.4.1/../../../../arm-none-eabi/lib/thumb2\libc.a(lib_a-reent.o)
                0x20003eb0                errno
                0x20003ec0                . = ALIGN (0x10)
 *fill*         0x20003eb4        0xc 00
                0x20003ec0                __bss_end__ = .
                0x20003ec0                _end = .
                0x20003ec0                __end = _end
                0x20003ec0                _ebss = .
                0x20003ec0                PROVIDE (end, .)

.heap           0x20003ec0     0xb140 load address 0x6000a060
                0x20003ec0                __heap_start__ = .
                0x20004ec0                . = (. + MIN_SIZE_HEAP)
 *fill*         0x20003ec0     0x1000 00
                0x2000f000                . = (. + (((ABSOLUTE (RAM_START_ADDRESS) + RAM_SIZE) - MAIN_STACK_SIZE) - .))
 *fill*         0x20004ec0     0xa140 00
                0x2000f000                _eheap = .

.stack          0x2000f000     0x1000 load address 0x6000a060
                0x2000f000                __stack_start__ = .
                0x20010000                . = (. + MAIN_STACK_SIZE)
 *fill*         0x2000f000     0x1000 00
                0x20010000                _estack = .

.stab
 *(.stab)

.stabstr
 *(.stabstr)

.debug
 *(.debug)

.line
 *(.line)

.debug_srcinfo
 *(.debug_srcinfo)

.debug_sfnames
 *(.debug_sfnames)

.comment        0x00000000      0x21e
 .comment       0x00000000       0x2b ./arm_cfft_q15.o
 .comment       0x0000002b       0x2b ./arm_cmplx_mag_squared_q15.o
 .comment       0x00000056       0x2b ./arm_common_tables.o
 .comment       0x00000081       0x2b ./arm_const_structs.o
 .comment       0x000000ac       0x2b ./arm_rfft_q15.o
 .comment       0x000000d7       0x2b ./artifact_cancellation.o
 .comment       0x00000102       0x2b ./loop.o
 .comment       0x0000012d       0x2b P:/projects/OMNI/Libero/NeuroMini_golden/SoftConsole/NeuroMini_MSS_CM3/NeuroMini_MSS_CM3_hw_platform/Debug/CMSIS/startup_gcc/newlib_stubs.o
 .comment       0x00000158       0x2b P:\projects\OMNI\Libero\NeuroMini_golden\SoftConsole\NeuroMini_MSS_CM3\NeuroMini_MSS_CM3_hw_platform\Debug\libNeuroMini_MSS_CM3_hw_platform.a(mss_spi.o)
 .comment       0x00000183       0x2b P:\projects\OMNI\Libero\NeuroMini_golden\SoftConsole\NeuroMini_MSS_CM3\NeuroMini_MSS_CM3_hw_platform\Debug\libNeuroMini_MSS_CM3_hw_platform.a(system_m2sxxx.o)
 .comment       0x000001ae       0x70 P:\projects\OMNI\Libero\NeuroMini_golden\SoftConsole\NeuroMini_MSS_CM3\NeuroMini_MSS_CM3_hw_platform\Lib\GCC\libarm_cortexM3l_math.a(arm_bitreversal.o)
                                 0x71 (size before relaxing)
 .comment       0x00000000       0x71 P:\projects\OMNI\Libero\NeuroMini_golden\SoftConsole\NeuroMini_MSS_CM3\NeuroMini_MSS_CM3_hw_platform\Lib\GCC\libarm_cortexM3l_math.a(arm_cfft_radix4_q15.o)

.debug_aranges  0x00000000      0x370
 *(.debug_aranges)
 .debug_aranges
                0x00000000       0x60 ./arm_cfft_q15.o
 .debug_aranges
                0x00000060       0x28 ./arm_cmplx_mag_squared_q15.o
 .debug_aranges
                0x00000088       0x60 ./arm_rfft_q15.o
 .debug_aranges
                0x000000e8       0x50 ./loop.o
 .debug_aranges
                0x00000138       0xa8 P:/projects/OMNI/Libero/NeuroMini_golden/SoftConsole/NeuroMini_MSS_CM3/NeuroMini_MSS_CM3_hw_platform/Debug/CMSIS/startup_gcc/newlib_stubs.o
 .debug_aranges
                0x000001e0       0xe0 P:\projects\OMNI\Libero\NeuroMini_golden\SoftConsole\NeuroMini_MSS_CM3\NeuroMini_MSS_CM3_hw_platform\Debug\libNeuroMini_MSS_CM3_hw_platform.a(mss_spi.o)
 .debug_aranges
                0x000002c0       0x50 P:\projects\OMNI\Libero\NeuroMini_golden\SoftConsole\NeuroMini_MSS_CM3\NeuroMini_MSS_CM3_hw_platform\Debug\libNeuroMini_MSS_CM3_hw_platform.a(system_m2sxxx.o)
 .debug_aranges
                0x00000310       0x30 P:\projects\OMNI\Libero\NeuroMini_golden\SoftConsole\NeuroMini_MSS_CM3\NeuroMini_MSS_CM3_hw_platform\Lib\GCC\libarm_cortexM3l_math.a(arm_bitreversal.o)
 .debug_aranges
                0x00000340       0x30 P:\projects\OMNI\Libero\NeuroMini_golden\SoftConsole\NeuroMini_MSS_CM3\NeuroMini_MSS_CM3_hw_platform\Lib\GCC\libarm_cortexM3l_math.a(arm_cfft_radix4_q15.o)

.debug_pubnames
                0x00000000     0x111d
 *(.debug_pubnames)
 .debug_pubnames
                0x00000000       0x61 ./arm_cfft_q15.o
 .debug_pubnames
                0x00000061       0x30 ./arm_cmplx_mag_squared_q15.o
 .debug_pubnames
                0x00000091      0x5d4 ./arm_common_tables.o
 .debug_pubnames
                0x00000665      0x2eb ./arm_const_structs.o
 .debug_pubnames
                0x00000950       0x52 ./arm_rfft_q15.o
 .debug_pubnames
                0x000009a2      0x3ab ./loop.o
 .debug_pubnames
                0x00000d4d       0xeb P:/projects/OMNI/Libero/NeuroMini_golden/SoftConsole/NeuroMini_MSS_CM3/NeuroMini_MSS_CM3_hw_platform/Debug/CMSIS/startup_gcc/newlib_stubs.o
 .debug_pubnames
                0x00000e38      0x21a P:\projects\OMNI\Libero\NeuroMini_golden\SoftConsole\NeuroMini_MSS_CM3\NeuroMini_MSS_CM3_hw_platform\Debug\libNeuroMini_MSS_CM3_hw_platform.a(mss_spi.o)
 .debug_pubnames
                0x00001052       0xcb P:\projects\OMNI\Libero\NeuroMini_golden\SoftConsole\NeuroMini_MSS_CM3\NeuroMini_MSS_CM3_hw_platform\Debug\libNeuroMini_MSS_CM3_hw_platform.a(system_m2sxxx.o)

.debug_info     0x00000000     0x8619
 *(.debug_info .gnu.linkonce.wi.*)
 .debug_info    0x00000000      0x5b3 ./arm_cfft_q15.o
 .debug_info    0x000005b3      0x1ce ./arm_cmplx_mag_squared_q15.o
 .debug_info    0x00000781      0x984 ./arm_common_tables.o
 .debug_info    0x00001105      0x9dc ./arm_const_structs.o
 .debug_info    0x00001ae1      0x59c ./arm_rfft_q15.o
 .debug_info    0x0000207d       0x29 ./artifact_cancellation.o
 .debug_info    0x000020a6     0x1895 ./loop.o
 .debug_info    0x0000393b      0x6ed P:/projects/OMNI/Libero/NeuroMini_golden/SoftConsole/NeuroMini_MSS_CM3/NeuroMini_MSS_CM3_hw_platform/Debug/CMSIS/startup_gcc/newlib_stubs.o
 .debug_info    0x00004028     0x1723 P:\projects\OMNI\Libero\NeuroMini_golden\SoftConsole\NeuroMini_MSS_CM3\NeuroMini_MSS_CM3_hw_platform\Debug\libNeuroMini_MSS_CM3_hw_platform.a(mss_spi.o)
 .debug_info    0x0000574b      0xbbf P:\projects\OMNI\Libero\NeuroMini_golden\SoftConsole\NeuroMini_MSS_CM3\NeuroMini_MSS_CM3_hw_platform\Debug\libNeuroMini_MSS_CM3_hw_platform.a(system_m2sxxx.o)
 .debug_info    0x0000630a      0x2f5 P:\projects\OMNI\Libero\NeuroMini_golden\SoftConsole\NeuroMini_MSS_CM3\NeuroMini_MSS_CM3_hw_platform\Lib\GCC\libarm_cortexM3l_math.a(arm_bitreversal.o)
 .debug_info    0x000065ff     0x201a P:\projects\OMNI\Libero\NeuroMini_golden\SoftConsole\NeuroMini_MSS_CM3\NeuroMini_MSS_CM3_hw_platform\Lib\GCC\libarm_cortexM3l_math.a(arm_cfft_radix4_q15.o)

.debug_abbrev   0x00000000      0xe94
 *(.debug_abbrev)
 .debug_abbrev  0x00000000      0x14c ./arm_cfft_q15.o
 .debug_abbrev  0x0000014c       0xc2 ./arm_cmplx_mag_squared_q15.o
 .debug_abbrev  0x0000020e       0x93 ./arm_common_tables.o
 .debug_abbrev  0x000002a1       0xb8 ./arm_const_structs.o
 .debug_abbrev  0x00000359      0x138 ./arm_rfft_q15.o
 .debug_abbrev  0x00000491       0x16 ./artifact_cancellation.o
 .debug_abbrev  0x000004a7      0x236 ./loop.o
 .debug_abbrev  0x000006dd      0x170 P:/projects/OMNI/Libero/NeuroMini_golden/SoftConsole/NeuroMini_MSS_CM3/NeuroMini_MSS_CM3_hw_platform/Debug/CMSIS/startup_gcc/newlib_stubs.o
 .debug_abbrev  0x0000084d      0x1ee P:\projects\OMNI\Libero\NeuroMini_golden\SoftConsole\NeuroMini_MSS_CM3\NeuroMini_MSS_CM3_hw_platform\Debug\libNeuroMini_MSS_CM3_hw_platform.a(mss_spi.o)
 .debug_abbrev  0x00000a3b      0x150 P:\projects\OMNI\Libero\NeuroMini_golden\SoftConsole\NeuroMini_MSS_CM3\NeuroMini_MSS_CM3_hw_platform\Debug\libNeuroMini_MSS_CM3_hw_platform.a(system_m2sxxx.o)
 .debug_abbrev  0x00000b8b       0xbd P:\projects\OMNI\Libero\NeuroMini_golden\SoftConsole\NeuroMini_MSS_CM3\NeuroMini_MSS_CM3_hw_platform\Lib\GCC\libarm_cortexM3l_math.a(arm_bitreversal.o)
 .debug_abbrev  0x00000c48      0x24c P:\projects\OMNI\Libero\NeuroMini_golden\SoftConsole\NeuroMini_MSS_CM3\NeuroMini_MSS_CM3_hw_platform\Lib\GCC\libarm_cortexM3l_math.a(arm_cfft_radix4_q15.o)

.debug_line     0x00000000     0x4671
 *(.debug_line)
 .debug_line    0x00000000      0x544 ./arm_cfft_q15.o
 .debug_line    0x00000544      0x460 ./arm_cmplx_mag_squared_q15.o
 .debug_line    0x000009a4      0x425 ./arm_common_tables.o
 .debug_line    0x00000dc9      0x43c ./arm_const_structs.o
 .debug_line    0x00001205      0x51a ./arm_rfft_q15.o
 .debug_line    0x0000171f       0x3b ./artifact_cancellation.o
 .debug_line    0x0000175a      0xeec ./loop.o
 .debug_line    0x00002646      0x4b6 P:/projects/OMNI/Libero/NeuroMini_golden/SoftConsole/NeuroMini_MSS_CM3/NeuroMini_MSS_CM3_hw_platform/Debug/CMSIS/startup_gcc/newlib_stubs.o
 .debug_line    0x00002afc      0x6d1 P:\projects\OMNI\Libero\NeuroMini_golden\SoftConsole\NeuroMini_MSS_CM3\NeuroMini_MSS_CM3_hw_platform\Debug\libNeuroMini_MSS_CM3_hw_platform.a(mss_spi.o)
 .debug_line    0x000031cd      0x228 P:\projects\OMNI\Libero\NeuroMini_golden\SoftConsole\NeuroMini_MSS_CM3\NeuroMini_MSS_CM3_hw_platform\Debug\libNeuroMini_MSS_CM3_hw_platform.a(system_m2sxxx.o)
 .debug_line    0x000033f5      0x2a8 P:\projects\OMNI\Libero\NeuroMini_golden\SoftConsole\NeuroMini_MSS_CM3\NeuroMini_MSS_CM3_hw_platform\Lib\GCC\libarm_cortexM3l_math.a(arm_bitreversal.o)
 .debug_line    0x0000369d      0xfd4 P:\projects\OMNI\Libero\NeuroMini_golden\SoftConsole\NeuroMini_MSS_CM3\NeuroMini_MSS_CM3_hw_platform\Lib\GCC\libarm_cortexM3l_math.a(arm_cfft_radix4_q15.o)

.debug_frame    0x00000000      0xcb8
 *(.debug_frame)
 .debug_frame   0x00000000      0x118 ./arm_cfft_q15.o
 .debug_frame   0x00000118       0x4c ./arm_cmplx_mag_squared_q15.o
 .debug_frame   0x00000164      0x118 ./arm_rfft_q15.o
 .debug_frame   0x0000027c       0xd8 ./loop.o
 .debug_frame   0x00000354      0x21c P:/projects/OMNI/Libero/NeuroMini_golden/SoftConsole/NeuroMini_MSS_CM3/NeuroMini_MSS_CM3_hw_platform/Debug/CMSIS/startup_gcc/newlib_stubs.o
 .debug_frame   0x00000570      0x320 P:\projects\OMNI\Libero\NeuroMini_golden\SoftConsole\NeuroMini_MSS_CM3\NeuroMini_MSS_CM3_hw_platform\Debug\libNeuroMini_MSS_CM3_hw_platform.a(mss_spi.o)
 .debug_frame   0x00000890       0xd8 P:\projects\OMNI\Libero\NeuroMini_golden\SoftConsole\NeuroMini_MSS_CM3\NeuroMini_MSS_CM3_hw_platform\Debug\libNeuroMini_MSS_CM3_hw_platform.a(system_m2sxxx.o)
 .debug_frame   0x00000968       0x84 P:\projects\OMNI\Libero\NeuroMini_golden\SoftConsole\NeuroMini_MSS_CM3\NeuroMini_MSS_CM3_hw_platform\Lib\GCC\libarm_cortexM3l_math.a(arm_bitreversal.o)
 .debug_frame   0x000009ec       0x94 P:\projects\OMNI\Libero\NeuroMini_golden\SoftConsole\NeuroMini_MSS_CM3\NeuroMini_MSS_CM3_hw_platform\Lib\GCC\libarm_cortexM3l_math.a(arm_cfft_radix4_q15.o)
 .debug_frame   0x00000a80       0x20 c:/program files (x86)/microsemi/softconsole v3.4/sourcery-g++/bin/../lib/gcc/arm-none-eabi/4.4.1/../../../../arm-none-eabi/lib/thumb2\libc.a(lib_a-errno.o)
 .debug_frame   0x00000aa0       0x2c c:/program files (x86)/microsemi/softconsole v3.4/sourcery-g++/bin/../lib/gcc/arm-none-eabi/4.4.1/../../../../arm-none-eabi/lib/thumb2\libc.a(lib_a-init.o)
 .debug_frame   0x00000acc       0x30 c:/program files (x86)/microsemi/softconsole v3.4/sourcery-g++/bin/../lib/gcc/arm-none-eabi/4.4.1/../../../../arm-none-eabi/lib/thumb2\libc.a(lib_a-malloc.o)
 .debug_frame   0x00000afc       0x3c c:/program files (x86)/microsemi/softconsole v3.4/sourcery-g++/bin/../lib/gcc/arm-none-eabi/4.4.1/../../../../arm-none-eabi/lib/thumb2\libc.a(lib_a-mallocr.o)
 .debug_frame   0x00000b38       0x28 c:/program files (x86)/microsemi/softconsole v3.4/sourcery-g++/bin/../lib/gcc/arm-none-eabi/4.4.1/../../../../arm-none-eabi/lib/thumb2\libc.a(lib_a-memset.o)
 .debug_frame   0x00000b60       0x30 c:/program files (x86)/microsemi/softconsole v3.4/sourcery-g++/bin/../lib/gcc/arm-none-eabi/4.4.1/../../../../arm-none-eabi/lib/thumb2\libc.a(lib_a-mlock.o)
 .debug_frame   0x00000b90       0x48 c:/program files (x86)/microsemi/softconsole v3.4/sourcery-g++/bin/../lib/gcc/arm-none-eabi/4.4.1/../../../../arm-none-eabi/lib/thumb2\libc.a(lib_a-rand.o)
 .debug_frame   0x00000bd8       0x2c c:/program files (x86)/microsemi/softconsole v3.4/sourcery-g++/bin/../lib/gcc/arm-none-eabi/4.4.1/../../../../arm-none-eabi/lib/thumb2\libc.a(lib_a-sbrkr.o)
 .debug_frame   0x00000c04       0x50 c:/program files (x86)/microsemi/softconsole v3.4/sourcery-g++/bin/../lib/gcc/arm-none-eabi/4.4.1/../../../../arm-none-eabi/lib/thumb2\libc.a(lib_a-freer.o)
 .debug_frame   0x00000c54       0x64 c:/program files (x86)/microsemi/softconsole v3.4/sourcery-g++/bin/../lib/gcc/arm-none-eabi/4.4.1/../../../../arm-none-eabi/lib/thumb2\libc.a(lib_a-reent.o)

.debug_str      0x00000000     0x2936
 *(.debug_str)
 .debug_str     0x00000000      0x1e7 ./arm_cfft_q15.o
                                0x251 (size before relaxing)
 .debug_str     0x000001e7       0x64 ./arm_cmplx_mag_squared_q15.o
                                0x1a7 (size before relaxing)
 .debug_str     0x0000024b      0x4f7 ./arm_common_tables.o
                                0x62d (size before relaxing)
 .debug_str     0x00000742      0x2b0 ./arm_const_structs.o
                                0x805 (size before relaxing)
 .debug_str     0x000009f2      0x119 ./arm_rfft_q15.o
                                0x2c4 (size before relaxing)
 .debug_str     0x00000b0b       0x1b ./artifact_cancellation.o
                                 0x8a (size before relaxing)
 .debug_str     0x00000b26     0x1300 ./loop.o
                               0x1623 (size before relaxing)
 .debug_str     0x00001e26      0x265 P:/projects/OMNI/Libero/NeuroMini_golden/SoftConsole/NeuroMini_MSS_CM3/NeuroMini_MSS_CM3_hw_platform/Debug/CMSIS/startup_gcc/newlib_stubs.o
                                0x33e (size before relaxing)
 .debug_str     0x0000208b      0x3eb P:\projects\OMNI\Libero\NeuroMini_golden\SoftConsole\NeuroMini_MSS_CM3\NeuroMini_MSS_CM3_hw_platform\Debug\libNeuroMini_MSS_CM3_hw_platform.a(mss_spi.o)
                               0x155d (size before relaxing)
 .debug_str     0x00002476      0x200 P:\projects\OMNI\Libero\NeuroMini_golden\SoftConsole\NeuroMini_MSS_CM3\NeuroMini_MSS_CM3_hw_platform\Debug\libNeuroMini_MSS_CM3_hw_platform.a(system_m2sxxx.o)
                                0xa1e (size before relaxing)
 .debug_str     0x00002676      0x1a8 P:\projects\OMNI\Libero\NeuroMini_golden\SoftConsole\NeuroMini_MSS_CM3\NeuroMini_MSS_CM3_hw_platform\Lib\GCC\libarm_cortexM3l_math.a(arm_bitreversal.o)
                                0x2a3 (size before relaxing)
 .debug_str     0x0000281e      0x118 P:\projects\OMNI\Libero\NeuroMini_golden\SoftConsole\NeuroMini_MSS_CM3\NeuroMini_MSS_CM3_hw_platform\Lib\GCC\libarm_cortexM3l_math.a(arm_cfft_radix4_q15.o)
                                0x3ad (size before relaxing)

.debug_loc      0x00000000     0x3885
 *(.debug_loc)
 .debug_loc     0x00000000      0x1f3 ./arm_cfft_q15.o
 .debug_loc     0x000001f3       0x70 ./arm_cmplx_mag_squared_q15.o
 .debug_loc     0x00000263      0x1f1 ./arm_rfft_q15.o
 .debug_loc     0x00000454      0x177 ./loop.o
 .debug_loc     0x000005cb      0x3c6 P:/projects/OMNI/Libero/NeuroMini_golden/SoftConsole/NeuroMini_MSS_CM3/NeuroMini_MSS_CM3_hw_platform/Debug/CMSIS/startup_gcc/newlib_stubs.o
 .debug_loc     0x00000991      0x549 P:\projects\OMNI\Libero\NeuroMini_golden\SoftConsole\NeuroMini_MSS_CM3\NeuroMini_MSS_CM3_hw_platform\Debug\libNeuroMini_MSS_CM3_hw_platform.a(mss_spi.o)
 .debug_loc     0x00000eda      0x169 P:\projects\OMNI\Libero\NeuroMini_golden\SoftConsole\NeuroMini_MSS_CM3\NeuroMini_MSS_CM3_hw_platform\Debug\libNeuroMini_MSS_CM3_hw_platform.a(system_m2sxxx.o)
 .debug_loc     0x00001043      0x2ec P:\projects\OMNI\Libero\NeuroMini_golden\SoftConsole\NeuroMini_MSS_CM3\NeuroMini_MSS_CM3_hw_platform\Lib\GCC\libarm_cortexM3l_math.a(arm_bitreversal.o)
 .debug_loc     0x0000132f     0x2556 P:\projects\OMNI\Libero\NeuroMini_golden\SoftConsole\NeuroMini_MSS_CM3\NeuroMini_MSS_CM3_hw_platform\Lib\GCC\libarm_cortexM3l_math.a(arm_cfft_radix4_q15.o)

.debug_macinfo  0x00000000    0x3970f
 *(.debug_macinfo)
 .debug_macinfo
                0x00000000     0x47d6 ./arm_cfft_q15.o
 .debug_macinfo
                0x000047d6     0x47ea ./arm_cmplx_mag_squared_q15.o
 .debug_macinfo
                0x00008fc0     0x4c3e ./arm_common_tables.o
 .debug_macinfo
                0x0000dbfe     0x4c56 ./arm_const_structs.o
 .debug_macinfo
                0x00012854     0x47d6 ./arm_rfft_q15.o
 .debug_macinfo
                0x0001702a      0xca8 ./artifact_cancellation.o
 .debug_macinfo
                0x00017cd2     0xcaa7 ./loop.o
 .debug_macinfo
                0x00024779     0x4bf0 P:/projects/OMNI/Libero/NeuroMini_golden/SoftConsole/NeuroMini_MSS_CM3/NeuroMini_MSS_CM3_hw_platform/Debug/CMSIS/startup_gcc/newlib_stubs.o
 .debug_macinfo
                0x00029369     0x8fd8 P:\projects\OMNI\Libero\NeuroMini_golden\SoftConsole\NeuroMini_MSS_CM3\NeuroMini_MSS_CM3_hw_platform\Debug\libNeuroMini_MSS_CM3_hw_platform.a(mss_spi.o)
 .debug_macinfo
                0x00032341     0x73ce P:\projects\OMNI\Libero\NeuroMini_golden\SoftConsole\NeuroMini_MSS_CM3\NeuroMini_MSS_CM3_hw_platform\Debug\libNeuroMini_MSS_CM3_hw_platform.a(system_m2sxxx.o)

.debug_weaknames
 *(.debug_weaknames)

.debug_funcnames
 *(.debug_funcnames)

.debug_typenames
 *(.debug_typenames)

.debug_varnames
 *(.debug_varnames)

.note.gnu.arm.ident
 *(.note.gnu.arm.ident)

.ARM.attributes
                0x00000000       0x27
 *(.ARM.attributes)
 .ARM.attributes
                0x00000000       0x19 c:/program files (x86)/microsemi/softconsole v3.4/sourcery-g++/bin/../lib/gcc/arm-none-eabi/4.4.1/thumb2/crti.o
 .ARM.attributes
                0x00000019       0x29 c:/program files (x86)/microsemi/softconsole v3.4/sourcery-g++/bin/../lib/gcc/arm-none-eabi/4.4.1/thumb2/crtbegin.o
 .ARM.attributes
                0x00000042       0x31 ./arm_cfft_q15.o
 .ARM.attributes
                0x00000073       0x31 ./arm_cmplx_mag_squared_q15.o
 .ARM.attributes
                0x000000a4       0x31 ./arm_common_tables.o
 .ARM.attributes
                0x000000d5       0x31 ./arm_const_structs.o
 .ARM.attributes
                0x00000106       0x31 ./arm_rfft_q15.o
 .ARM.attributes
                0x00000137       0x31 ./artifact_cancellation.o
 .ARM.attributes
                0x00000168       0x31 ./loop.o
 .ARM.attributes
                0x00000199       0x21 P:/projects/OMNI/Libero/NeuroMini_golden/SoftConsole/NeuroMini_MSS_CM3/NeuroMini_MSS_CM3_hw_platform/Debug/CMSIS/startup_gcc/startup_m2sxxx.o
 .ARM.attributes
                0x000001ba       0x31 P:/projects/OMNI/Libero/NeuroMini_golden/SoftConsole/NeuroMini_MSS_CM3/NeuroMini_MSS_CM3_hw_platform/Debug/CMSIS/startup_gcc/newlib_stubs.o
 .ARM.attributes
                0x000001eb       0x31 P:\projects\OMNI\Libero\NeuroMini_golden\SoftConsole\NeuroMini_MSS_CM3\NeuroMini_MSS_CM3_hw_platform\Debug\libNeuroMini_MSS_CM3_hw_platform.a(mss_spi.o)
 .ARM.attributes
                0x0000021c       0x31 P:\projects\OMNI\Libero\NeuroMini_golden\SoftConsole\NeuroMini_MSS_CM3\NeuroMini_MSS_CM3_hw_platform\Debug\libNeuroMini_MSS_CM3_hw_platform.a(system_m2sxxx.o)
 .ARM.attributes
                0x0000024d       0x33 P:\projects\OMNI\Libero\NeuroMini_golden\SoftConsole\NeuroMini_MSS_CM3\NeuroMini_MSS_CM3_hw_platform\Lib\GCC\libarm_cortexM3l_math.a(arm_bitreversal.o)
 .ARM.attributes
                0x00000280       0x33 P:\projects\OMNI\Libero\NeuroMini_golden\SoftConsole\NeuroMini_MSS_CM3\NeuroMini_MSS_CM3_hw_platform\Lib\GCC\libarm_cortexM3l_math.a(arm_cfft_radix4_q15.o)
 .ARM.attributes
                0x000002b3       0x29 c:/program files (x86)/microsemi/softconsole v3.4/sourcery-g++/bin/../lib/gcc/arm-none-eabi/4.4.1/../../../../arm-none-eabi/lib/thumb2\libc.a(lib_a-errno.o)
 .ARM.attributes
                0x000002dc       0x29 c:/program files (x86)/microsemi/softconsole v3.4/sourcery-g++/bin/../lib/gcc/arm-none-eabi/4.4.1/../../../../arm-none-eabi/lib/thumb2\libc.a(lib_a-impure.o)
 .ARM.attributes
                0x00000305       0x29 c:/program files (x86)/microsemi/softconsole v3.4/sourcery-g++/bin/../lib/gcc/arm-none-eabi/4.4.1/../../../../arm-none-eabi/lib/thumb2\libc.a(lib_a-init.o)
 .ARM.attributes
                0x0000032e       0x29 c:/program files (x86)/microsemi/softconsole v3.4/sourcery-g++/bin/../lib/gcc/arm-none-eabi/4.4.1/../../../../arm-none-eabi/lib/thumb2\libc.a(lib_a-malloc.o)
 .ARM.attributes
                0x00000357       0x29 c:/program files (x86)/microsemi/softconsole v3.4/sourcery-g++/bin/../lib/gcc/arm-none-eabi/4.4.1/../../../../arm-none-eabi/lib/thumb2\libc.a(lib_a-mallocr.o)
 .ARM.attributes
                0x00000380       0x29 c:/program files (x86)/microsemi/softconsole v3.4/sourcery-g++/bin/../lib/gcc/arm-none-eabi/4.4.1/../../../../arm-none-eabi/lib/thumb2\libc.a(lib_a-memset.o)
 .ARM.attributes
                0x000003a9       0x29 c:/program files (x86)/microsemi/softconsole v3.4/sourcery-g++/bin/../lib/gcc/arm-none-eabi/4.4.1/../../../../arm-none-eabi/lib/thumb2\libc.a(lib_a-mlock.o)
 .ARM.attributes
                0x000003d2       0x29 c:/program files (x86)/microsemi/softconsole v3.4/sourcery-g++/bin/../lib/gcc/arm-none-eabi/4.4.1/../../../../arm-none-eabi/lib/thumb2\libc.a(lib_a-rand.o)
 .ARM.attributes
                0x000003fb       0x29 c:/program files (x86)/microsemi/softconsole v3.4/sourcery-g++/bin/../lib/gcc/arm-none-eabi/4.4.1/../../../../arm-none-eabi/lib/thumb2\libc.a(lib_a-sbrkr.o)
 .ARM.attributes
                0x00000424       0x29 c:/program files (x86)/microsemi/softconsole v3.4/sourcery-g++/bin/../lib/gcc/arm-none-eabi/4.4.1/../../../../arm-none-eabi/lib/thumb2\libc.a(lib_a-freer.o)
 .ARM.attributes
                0x0000044d       0x29 c:/program files (x86)/microsemi/softconsole v3.4/sourcery-g++/bin/../lib/gcc/arm-none-eabi/4.4.1/../../../../arm-none-eabi/lib/thumb2\libc.a(lib_a-reent.o)
 .ARM.attributes
                0x00000476       0x29 c:/program files (x86)/microsemi/softconsole v3.4/sourcery-g++/bin/../lib/gcc/arm-none-eabi/4.4.1/thumb2/crtend.o
 .ARM.attributes
                0x0000049f       0x19 c:/program files (x86)/microsemi/softconsole v3.4/sourcery-g++/bin/../lib/gcc/arm-none-eabi/4.4.1/thumb2/crtn.o

/DISCARD/
 *(.note.GNU-stack)
OUTPUT(NeuroMini_MSS_CM3_app elf32-littlearm)

.debug_ranges   0x00000000     0x1a20
 .debug_ranges  0x00000000       0x58 ./arm_cfft_q15.o
 .debug_ranges  0x00000058       0x20 ./arm_cmplx_mag_squared_q15.o
 .debug_ranges  0x00000078       0x58 ./arm_rfft_q15.o
 .debug_ranges  0x000000d0       0x48 ./loop.o
 .debug_ranges  0x00000118       0xa0 P:/projects/OMNI/Libero/NeuroMini_golden/SoftConsole/NeuroMini_MSS_CM3/NeuroMini_MSS_CM3_hw_platform/Debug/CMSIS/startup_gcc/newlib_stubs.o
 .debug_ranges  0x000001b8       0xd8 P:\projects\OMNI\Libero\NeuroMini_golden\SoftConsole\NeuroMini_MSS_CM3\NeuroMini_MSS_CM3_hw_platform\Debug\libNeuroMini_MSS_CM3_hw_platform.a(mss_spi.o)
 .debug_ranges  0x00000290       0x48 P:\projects\OMNI\Libero\NeuroMini_golden\SoftConsole\NeuroMini_MSS_CM3\NeuroMini_MSS_CM3_hw_platform\Debug\libNeuroMini_MSS_CM3_hw_platform.a(system_m2sxxx.o)
 .debug_ranges  0x000002d8       0x20 P:\projects\OMNI\Libero\NeuroMini_golden\SoftConsole\NeuroMini_MSS_CM3\NeuroMini_MSS_CM3_hw_platform\Lib\GCC\libarm_cortexM3l_math.a(arm_bitreversal.o)
 .debug_ranges  0x000002f8     0x1728 P:\projects\OMNI\Libero\NeuroMini_golden\SoftConsole\NeuroMini_MSS_CM3\NeuroMini_MSS_CM3_hw_platform\Lib\GCC\libarm_cortexM3l_math.a(arm_cfft_radix4_q15.o)
