Compile Report
Microsemi Corporation - Microsemi Libero Software Release v11.8 SP3 (Version 11.8.3.6)
Date: Mon Jun 25 19:52:29 2018

Device Selection
+--------------------------------+----------------+
| Family                         | SmartFusion2   |
| Device                         | M2S025         |
| Package                        | 325 FCSBGA     |
| Speed Grade                    | STD            |
| Temp                           | 0:25:85        |
| Voltage                        | 1.26:1.20:1.14 |
| Core Voltage                   | 1.2V           |
| Ramp Rate                      | 100ms Minimum  |
| System Controller Suspend Mode | No             |
| PLL Supply Voltage             | 2.5V           |
| Default I/O technology         | LVCMOS 1.8V    |
| Restrict Probe Pins            | Yes            |
| Restrict SPI Pins              | No             |
+--------------------------------+----------------+

Source Files
+---------+-----------------------------------------------------------+
| Topcell | NeuroMini                                                 |
| Format  | EDIF                                                      |
| Source  | P:\Libero\NeuroMini_golden\synthesis\NeuroMini.edn        |
| Source  | P:\Libero\NeuroMini_golden\constraint\io\NeuroMini.io.pdc |
| Source  | P:\Libero\NeuroMini_golden\constraint\fp\NeuroMini.fp.pdc |
+---------+-----------------------------------------------------------+

Options
+---------------------------------------------------------+-------+
| Merge User SDC file(s) with Existing Timing Constraints | true  |
| Abort Compile if errors are found in PDC file(s)        | true  |
| Enable Single Event Transient mitigation                | false |
| Enable Design Separation Methodology                    | false |
| Limit the number of high fanout nets to display to      | 10    |
+---------------------------------------------------------+-------+

Resource Usage
+---------------------------+------+-------+------------+
| Type                      | Used | Total | Percentage |
+---------------------------+------+-------+------------+
| 4LUT                      | 2102 | 27696 | 7.59       |
| DFF                       | 1267 | 27696 | 4.57       |
| I/O Register              | 0    | 534   | 0.00       |
| User I/O                  | 19   | 178   | 10.67      |
| -- Single-ended I/O       | 19   | 178   | 10.67      |
| -- Differential I/O Pairs | 0    | 89    | 0.00       |
| RAM64x18                  | 4    | 34    | 11.76      |
| RAM1K18                   | 4    | 31    | 12.90      |
| MACC                      | 0    | 34    | 0.00       |
| Chip Globals              | 2    | 16    | 12.50      |
| CCC                       | 1    | 6     | 16.67      |
| RCOSC_25_50MHZ            | 0    | 1     | 0.00       |
| RCOSC_1MHZ                | 0    | 1     | 0.00       |
| XTLOSC                    | 1    | 1     | 100.00     |
| MSS                       | 1    | 1     | 100.00     |
+---------------------------+------+-------+------------+

Detailed Logic Resource Usage
+--------------------------+------+------+
| Type                     | 4LUT | DFF  |
+--------------------------+------+------+
| Fabric Logic             | 1814 | 979  |
| RAM64x18 Interface Logic | 144  | 144  |
| RAM1K18 Interface Logic  | 144  | 144  |
| MACC Interface Logic     | 0    | 0    |
| Total Used               | 2102 | 1267 |
+--------------------------+------+------+

MSS Resource Usage
+---------------+------+-------+
| Type          | Used | Total |
+---------------+------+-------+
| Cortex-M3*    | 1    | 1     |
| eNVM (256KB)* | 1    | 1     |
| eSRAM*        | 2    | 2     |
| TIMER*        | 2    | 2     |
| CAN           | 0    | 1     |
| SPI           | 1    | 2     |
| I2C           | 0    | 2     |
| UART          | 1    | 2     |
| USB           | 0    | 1     |
| MAC           | 0    | 1     |
| MDDR          | 0    | 1     |
| HPDMA         | 1    | 1     |
| PDMA          | 1    | 1     |
+---------------+------+-------+

* These resources are always marked as used when you are using the MSS

Detailed Carry Chains Resource Usage
+--------+------+
| Length | Used |
| 2      | 9    |
| 6      | 12   |
| 7      | 4    |
| 10     | 8    |
| 11     | 4    |
| 12     | 4    |
| 13     | 1    |
| Total  | 42   |
+--------+------+

I/O Function
+-------------------------------+--------------+-------------+-----------------+
| Type                          | w/o register | w/ register | w/ DDR register |
+-------------------------------+--------------+-------------+-----------------+
| Input I/O                     | 3            | 0           | 0               |
| Output I/O                    | 14           | 0           | 0               |
| Bidirectional I/O             | 2            | 0           | 0               |
| Differential Input I/O Pairs  | 0            | 0           | 0               |
| Differential Output I/O Pairs | 0            | 0           | 0               |
+-------------------------------+--------------+-------------+-----------------+

I/O Technology
+--------------+--------+------+-------+--------+---------------+
| I/O Standard | Vddi   | Vref | Input | Output | Bidirectional |
+--------------+--------+------+-------+--------+---------------+
| LVCMOS12     |  1.20v |  N/A |  1    |  2     |  0            |
| LVCMOS18     |  1.80v |  N/A |  2    |  12    |  2            |
+--------------+--------+------+-------+--------+---------------+

I/O Placement
+----------+-------+------------+
| Type     | Count | Percentage |
+----------+-------+------------+
| Locked   |  19   | 100.00%    |
| Placed   |  0    | 0.00%      |
| UnPlaced |  0    | 0.00%      |
+----------+-------+------------+

Nets assigned to chip global resources
+--------+---------+--------------------------------------------------------+
| Fanout | Type    | Name                                                   |
+--------+---------+--------------------------------------------------------+
| 1001   | INT_NET | Net   : FCCC_0_GL0                                     |
|        |         | Driver: FCCC_0/GL0_INST/U0_RGB1                        |
|        |         | Source: NETLIST                                        |
| 707    | INT_NET | Net   : Mario_Libero_MSS_0_MSS_RESET_N_M2F             |
|        |         | Driver: NeuroMini_MSS_0/MSS_ADLIB_INST_RNIG2EE/U0_RGB1 |
|        |         | Source: NETLIST                                        |
+--------+---------+--------------------------------------------------------+

Nets assigned to row global resources
+--------+------+------+
| Fanout | Type | Name |
+--------+------+------+
+--------+------+------+

High fanout nets
+--------+---------+---------------------------------------------------------------------------------------+
| Fanout | Type    | Name                                                                                  |
+--------+---------+---------------------------------------------------------------------------------------+
| 101    | INT_NET | Net   : CoreAPB3_0_APBmslave0_PADDR[2]                                                |
|        |         | Driver: NeuroMini_MSS_0/MSS_ADLIB_INST                                                |
| 91     | INT_NET | Net   : CoreAPB3_0_APBmslave0_PADDR[3]                                                |
|        |         | Driver: NeuroMini_MSS_0/MSS_ADLIB_INST                                                |
| 77     | INT_NET | Net   : cmam_if_wrap_0/cmam_if/nif/rx_strobe                                          |
|        |         | Driver: cmam_if_wrap_0/cmam_if/nif/cmd_inst/rx_data_stb                               |
| 68     | INT_NET | Net   : CoreAPB3_0_APBmslave0_PADDR[4]                                                |
|        |         | Driver: NeuroMini_MSS_0/MSS_ADLIB_INST                                                |
| 60     | INT_NET | Net   : CoreAPB3_0_APBmslave0_PADDR[6]                                                |
|        |         | Driver: NeuroMini_MSS_0/MSS_ADLIB_INST                                                |
| 59     | INT_NET | Net   : CoreAPB3_0_APBmslave0_PADDR[5]                                                |
|        |         | Driver: NeuroMini_MSS_0/MSS_ADLIB_INST                                                |
| 40     | INT_NET | Net   : cmam_if_wrap_0/cmam_if/nif/cmd_inst/N_576                                     |
|        |         | Driver: cmam_if_wrap_0/cmam_if/nif/cmd_inst/CoreAPB3_0_APBmslave0_PRDATA_m_i_0_o2[19] |
| 36     | INT_NET | Net   : cmam_if_wrap_0/cmam_if/nif/nmc1/nrx/in_packet                                 |
|        |         | Driver: cmam_if_wrap_0/cmam_if/nif/nmc1/nrx/in_packet                                 |
| 36     | INT_NET | Net   : cmam_if_wrap_0/cmam_if/nif/nmc3/nrx/in_packet                                 |
|        |         | Driver: cmam_if_wrap_0/cmam_if/nif/nmc3/nrx/in_packet                                 |
| 36     | INT_NET | Net   : cmam_if_wrap_0/cmam_if/nif/nmc2/nrx/in_packet                                 |
|        |         | Driver: cmam_if_wrap_0/cmam_if/nif/nmc2/nrx/in_packet                                 |
+--------+---------+---------------------------------------------------------------------------------------+

High fanout nets (through buffer trees)
+--------+---------+---------------------------------------------------------------------------------------+
| Fanout | Type    | Name                                                                                  |
+--------+---------+---------------------------------------------------------------------------------------+
| 101    | INT_NET | Net   : CoreAPB3_0_APBmslave0_PADDR[2]                                                |
|        |         | Driver: NeuroMini_MSS_0/MSS_ADLIB_INST                                                |
| 91     | INT_NET | Net   : CoreAPB3_0_APBmslave0_PADDR[3]                                                |
|        |         | Driver: NeuroMini_MSS_0/MSS_ADLIB_INST                                                |
| 77     | INT_NET | Net   : cmam_if_wrap_0/cmam_if/nif/rx_strobe                                          |
|        |         | Driver: cmam_if_wrap_0/cmam_if/nif/cmd_inst/rx_data_stb                               |
| 68     | INT_NET | Net   : CoreAPB3_0_APBmslave0_PADDR[4]                                                |
|        |         | Driver: NeuroMini_MSS_0/MSS_ADLIB_INST                                                |
| 60     | INT_NET | Net   : CoreAPB3_0_APBmslave0_PADDR[6]                                                |
|        |         | Driver: NeuroMini_MSS_0/MSS_ADLIB_INST                                                |
| 59     | INT_NET | Net   : CoreAPB3_0_APBmslave0_PADDR[5]                                                |
|        |         | Driver: NeuroMini_MSS_0/MSS_ADLIB_INST                                                |
| 40     | INT_NET | Net   : cmam_if_wrap_0/cmam_if/nif/cmd_inst/N_576                                     |
|        |         | Driver: cmam_if_wrap_0/cmam_if/nif/cmd_inst/CoreAPB3_0_APBmslave0_PRDATA_m_i_0_o2[19] |
| 36     | INT_NET | Net   : cmam_if_wrap_0/cmam_if/nif/nmc1/nrx/in_packet                                 |
|        |         | Driver: cmam_if_wrap_0/cmam_if/nif/nmc1/nrx/in_packet                                 |
| 36     | INT_NET | Net   : cmam_if_wrap_0/cmam_if/nif/nmc3/nrx/in_packet                                 |
|        |         | Driver: cmam_if_wrap_0/cmam_if/nif/nmc3/nrx/in_packet                                 |
| 36     | INT_NET | Net   : cmam_if_wrap_0/cmam_if/nif/nmc2/nrx/in_packet                                 |
|        |         | Driver: cmam_if_wrap_0/cmam_if/nif/nmc2/nrx/in_packet                                 |
+--------+---------+---------------------------------------------------------------------------------------+

