*****************************************************************
Pin Report - Date: Mon Jun 25 19:54:08 2018 Pinchecksum: NOT-AVAILABLE
Product: Designer
Release: v11.8 SP3
Version: 11.8.3.6
Design Name: NeuroMini
Family: SmartFusion2
Die: M2S025
Package: 325 FCSBGA
*****************************************************************

Port       |Pin |Fixed |Function                                            |Bank     |I/O Std   |Direction                      |I/O state in Flash*Freeze mode |Resistor Pull                      |I/O available in Flash*Freeze mode |Schmitt Trigger |Odt_Static    |Odt Imp (Ohm)  |Low Power Exit |Input Delay |Slew         |Pre-Emphasis      |Output Drive (mA) |Output Load (pF) |
-----------|----|------|----------------------------------------------------|---------|----------|-------------------------------|-------------------------------|-----------------------------------|-----------------------------------|----------------|--------------|---------------|---------------|------------|-------------|------------------|------------------|-----------------|
C2N_DATA    F19  Yes    MSIO86NB7                                            Bank7     LVCMOS12   Output                          TRISTATE                        None                                No                                  ---              ---            ---             ---             ---          SLOW          ---                4                  5                 
C2N_VALID   E18  Yes    MSIO83PB7                                            Bank7     LVCMOS12   Output                          TRISTATE                        None                                No                                  ---              ---            ---             ---             ---          SLOW          ---                4                  5                 
GPIO0       Y1   Yes    MSIO2NB2                                             Bank2     LVCMOS18   Output                          TRISTATE                        None                                No                                  ---              ---            ---             ---             ---          SLOW          ---                4                  5                 
GPIO0_R     G1   Yes    MSIO25NB1/MMUART_1_DSR/GPIO_14_B                     Bank1     LVCMOS18   Output                          TRISTATE                        None                                No                                  ---              ---            ---             ---             ---          SLOW          ---                4                  5                 
GPIO1       AA2  Yes    MSIO2PB2                                             Bank2     LVCMOS18   Output                          TRISTATE                        None                                No                                  ---              ---            ---             ---             ---          SLOW          ---                4                  5                 
GPIO1_R     G2   Yes    MSIO25PB1/CCC_NE0_CLKI1/MMUART_1_CTS/GPIO_13_B       Bank1     LVCMOS18   Output                          TRISTATE                        None                                No                                  ---              ---            ---             ---             ---          SLOW          ---                4                  5                 
GPIO2       T3   Yes    MSIO4NB2                                             Bank2     LVCMOS18   Output                          TRISTATE                        None                                No                                  ---              ---            ---             ---             ---          SLOW          ---                4                  5                 
GPIO2_R     F2   Yes    MSIO26PB1/CCC_NE1_CLKI1/MMUART_1_RI/GPIO_15_B        Bank1     LVCMOS18   Output                          TRISTATE                        None                                No                                  ---              ---            ---             ---             ---          SLOW          ---                4                  5                 
GPIO3       U4   Yes    MSIO4PB2                                             Bank2     LVCMOS18   Output                          TRISTATE                        None                                No                                  ---              ---            ---             ---             ---          SLOW          ---                4                  5                 
GPIO3_R     F1   Yes    MSIO27PB1/GB10/VCCC_SE0_CLKI                         Bank1     LVCMOS18   Output                          TRISTATE                        None                                No                                  ---              ---            ---             ---             ---          SLOW          ---                4                  5                 
GPIO4       Y2   Yes    MSIO5NB2                                             Bank2     LVCMOS18   Output                          TRISTATE                        None                                No                                  ---              ---            ---             ---             ---          SLOW          ---                4                  5                 
MMUART_RXD  D1   Yes    MSIO28PB1/GB14/MMUART_1_CLK/GPIO_25_B/VCCC_SE1_CLKI  Bank1     LVCMOS18   Input                           TRISTATE                        None                                No                                  Off              Off            50              Off             Off          ---           ---                ---                ---               
MMUART_TXD  E1   Yes    MSIO27NB1/MMUART_1_TXD/GPIO_24_B                     Bank1     LVCMOS18   Output                          TRISTATE                        None                                No                                  ---              ---            ---             ---             ---          SLOW          ---                4                  5                 
N2C_DATA    F20  Yes    MSIO86PB7                                            Bank7     LVCMOS12   Input                           TRISTATE                        None                                No                                  Off              Off            50              Off             Off          ---           ---                ---                ---               
NM_CLK      W1   Yes    MSIO7PB2                                             Bank2     LVCMOS18   Output                          TRISTATE                        None                                No                                  ---              ---            ---             ---             ---          SLOW          ---                4                  5                 
SPI_0_CLK   U2   Yes    MSIO12PB2/SPI_0_CLK/USB_XCLK_A                       Bank2     LVCMOS18   Inout                           TRISTATE                        None                                No                                  Off              Off            50              Off             Off          SLOW          ---                4                  5                 
SPI_0_DI    U1   Yes    MSIO12NB2/SPI_0_SDI/GPIO_5_A/USB_DIR_A               Bank2     LVCMOS18   Input                           TRISTATE                        None                                No                                  Off              Off            50              Off             Off          ---           ---                ---                ---               
SPI_0_DO    P4   Yes    MSIO13PB2/SPI_0_SDO/GPIO_6_A/USB_STP_A               Bank2     LVCMOS18   Output                          TRISTATE                        None                                No                                  ---              ---            ---             ---             ---          SLOW          ---                4                  5                 
SPI_0_SS0   P5   Yes    MSIO13NB2/SPI_0_SS0/GPIO_7_A/USB_NXT_A               Bank2     LVCMOS18   Inout                           TRISTATE                        None                                No                                  Off              Off            50              Off             Off          SLOW          ---                4                  5                 
XTL         AA4  Fixed  XTLOSC_MAIN_XTAL                                     ---       
