*****************************************************************
Pin Report - Date: Wed Jun 20 13:45:42 2018 Pinchecksum: NOT-AVAILABLE
Product: Designer
Release: v11.8 SP3
Version: 11.8.3.6
Design Name: Mario_Libero
Family: SmartFusion2
Die: M2S025
Package: 325 FCSBGA
*****************************************************************

Number |Port       |Function                                               |State      |I/O Std  |Direction |I/O state in Flash*Freeze mode |Resistor Pull |I/O available in Flash*Freeze mode |Schmitt Trigger |Odt_Static |Odt Imp (Ohm) |Low Power Exit |Input Delay |Slew |Pre-Emphasis |Output Drive (mA) |Output Load (pF) |
-------|-----------|-------------------------------------------------------|-----------|---------|----------|-------------------------------|--------------|-----------------------------------|----------------|-----------|--------------|---------------|------------|-----|-------------|------------------|-----------------|
A1                  VSS                                                     Reserved    
A2                  DDRIO39NB0/MDDR_ADDR7                                   Unassigned  
A3                  DDRIO39PB0/MDDR_ODT                                     Unassigned  
A4                  DDRIO43NB0/MDDR_ADDR0                                   Unassigned  
A5                  DDRIO41PB0/MDDR_ADDR3                                   Unassigned  
A6                  VSS                                                     Reserved    
A7                  DDRIO45NB0/MDDR_CLK_N                                   Unassigned  
A8                  DDRIO48PB0/MDDR_RAS_N                                   Unassigned  
A9                  DDRIO48NB0/MDDR_WE_N                                    Unassigned  
A10                 DDRIO49NB0/MDDR_DQ15                                    Unassigned  
A11                 VSS                                                     Reserved    
A12                 DDRIO57PB0/MDDR_DM_RDQS0                                Unassigned  
A13                 DDRIO57NB0/MDDR_DQ4                                     Unassigned  
A14                 DDRIO56PB0/MDDR_DQ5                                     Unassigned  
A15                 DDRIO58PB0/MDDR_DQS0                                    Unassigned  
A16                 VSS                                                     Reserved    
A17                 DDRIO61NB0                                              Unassigned  
A18                 DDRIO61PB0/CCC_NW1_CLKI3                                Special     
A19                 DDRIO63PB0/MDDR_TMATCH_ECC_IN                           Unassigned  
A20                 DDRIO66PB0/MDDR_TMATCH_ECC_OUT                          Unassigned  
A21                 VSS                                                     Reserved    
AA1                 VSS                                                     Reserved    
AA2     GPIO1       MSIO2PB2                                                Fixed       LVCMOS18  Output     TRISTATE                        None           No                                  ---              ---         ---            ---             ---          SLOW  ---           4                  5                 
AA3                 JTAG_TMS/M3_TMS/M3_SWDIO                                Reserved    
AA4     XTL         XTLOSC_MAIN_XTAL                                        Dedicated   
AA5                 XTLOSC_AUX_EXTAL                                        Reserved    
AA6                 MSIO145PB4                                              Unassigned  
AA7                 MSIO145NB4                                              Unassigned  
AA8                 MSIO130NB4                                              Unassigned  
AA9                 VDDI4                                                   Reserved    
AA10                MSIO120NB4/CCC_SW0_CLKI2                                Special     
AA11                User Reserved                                           Unassigned  
AA12                VSS                                                     Reserved    
AA13                DNC                                                     Reserved    
AA14                VSS                                                     Reserved    
AA15                VSS                                                     Reserved    
AA16                VSS                                                     Reserved    
AA17                DNC                                                     Reserved    
AA18                VSS                                                     Reserved    
AA19                VSS                                                     Reserved    
AA20                VSS                                                     Reserved    
AA21                MSIOD118NB5                                             Unassigned  
B1                  DDRIO37NB0/MDDR_ADDR11                                  Unassigned  
B2                  DDRIO37PB0/MDDR_ADDR10                                  Unassigned  
B3                  VDDI0                                                   Reserved    
B4                  DDRIO43PB0/MDDR_BA2                                     Unassigned  
B5                  DDRIO41NB0/MDDR_ADDR4                                   Unassigned  
B6                  DDRIO44NB0/MDDR_BA1                                     Unassigned  
B7                  DDRIO45PB0/MDDR_CLK                                     Unassigned  
B8                  VDDI0                                                   Reserved    
B9                  DDRIO49PB0/CCC_NE1_CLKI3/MDDR_DQ14                      Special     
B10                 DDRIO52NB0/MDDR_DQS1_N                                  Unassigned  
B11                 DDRIO54NB0/MDDR_DQ9                                     Unassigned  
B12                 DDRIO54PB0/MDDR_DQ8                                     Unassigned  
B13                 VDDI0                                                   Reserved    
B14                 DDRIO56NB0/MDDR_DQ6                                     Unassigned  
B15                 DDRIO58NB0/MDDR_DQS0_N                                  Unassigned  
B16                 DDRIO64PB0/MDDR_DQS_ECC                                 Unassigned  
B17                 DDRIO64NB0/MDDR_DQS_ECC_N                               Unassigned  
B18                 VDDI0                                                   Reserved    
B19                 DDRIO63NB0/MDDR_DM_RDQS_ECC                             Unassigned  
B20                 DDRIO66NB0/CCC_NW0_CLKI2                                Special     
B21                 MSIO82NB7                                               Unassigned  
C1                  DDRIO35PB0/MDDR_ADDR14                                  Unassigned  
C2                  DDRIO35NB0/MDDR_ADDR15                                  Unassigned  
C6                  DDRIO44PB0/MDDR_BA0                                     Unassigned  
C11                 DDRIO52PB0/GB8/CCC_NE0_CLKI3/MDDR_DQS1                  Special     
C16                 DDRIO65NB0/GB4/CCC_NW1_CLKI2                            Special     
C20                 MSIO85PB7                                               Unassigned  
C21                 MSIO82PB7                                               Unassigned  
D1      MMUART_RXD  MSIO28PB1/GB14/MMUART_1_CLK/GPIO_25_B/VCCC_SE1_CLKI     Special     LVCMOS18  Input      TRISTATE                        None           No                                  Off              Off         50             Off             Off          ---   ---           ---                ---               
D2                  MSIO28NB1/MMUART_1_RXD/GPIO_26_B                        Unassigned  
D4                  DDRIO36NB0/MDDR_ADDR13                                  Unassigned  
D5                  DDRIO40PB0/MDDR_ADDR5                                   Unassigned  
D6                  DDRIO40NB0/MDDR_ADDR6                                   Unassigned  
D7                  VSS                                                     Reserved    
D8                  DDRIO46NB0/MDDR_CAS_N                                   Unassigned  
D9                  DDRIO50PB0/GB12/CCC_NE1_CLKI2/MDDR_DQ12                 Special     
D10                 DDRIO51PB0/MDDR_TMATCH_0_IN                             Unassigned  
D11                 DDRIO51NB0/MDDR_DM_RDQS1                                Unassigned  
D12                 VSS                                                     Reserved    
D13                 DDRIO60PB0/MDDR_DQ0                                     Unassigned  
D14                 DDRIO59PB0/MDDR_DQ2                                     Unassigned  
D15                 DDRIO59NB0/MDDR_DQ3                                     Unassigned  
D16                 DDRIO65PB0/GB0/CCC_NW0_CLKI3                            Special     
D17                 VSS                                                     Reserved    
D18                 MDDR_IMP_CALIB                                          Reserved    
D20                 VDDI7                                                   Reserved    
D21                 MSIO85NB7                                               Unassigned  
E1      MMUART_TXD  MSIO27NB1/MMUART_1_TXD/GPIO_24_B                        Fixed       LVCMOS18  Output     TRISTATE                        None           No                                  ---              ---         ---            ---             ---          SLOW  ---           4                  5                 
E2                  VDDI1                                                   Reserved    
E4                  DDRIO36PB0/MDDR_ADDR12                                  Unassigned  
E5                  DDRIO38NB0/MDDR_ADDR9                                   Unassigned  
E6                  DDRIO42NB0/MDDR_ADDR2                                   Unassigned  
E7                  DDRIO42PB0/MDDR_ADDR1                                   Unassigned  
E8                  DDRIO46PB0/MDDR_RESET_N                                 Unassigned  
E9                  VDDI0                                                   Reserved    
E10                 DDRIO50NB0/MDDR_DQ13                                    Unassigned  
E11                 DDRIO53PB0/MDDR_DQ10/CCC_NE0_CLKI2                      Special     
E12                 DDRIO53NB0/MDDR_DQ11                                    Unassigned  
E13                 DDRIO60NB0/MDDR_DQ1                                     Unassigned  
E14                 VDDI0                                                   Reserved    
E15                 DDRIO62PB0/MDDR_DQ_ECC1                                 Unassigned  
E16                 DDRIO62NB0/MDDR_DQ_ECC0                                 Unassigned  
E17                 MSIO83NB7                                               Unassigned  
E18     C2N_VALID   MSIO83PB7                                               Fixed       LVCMOS12  Output     TRISTATE                        None           No                                  ---              ---         ---            ---             ---          SLOW  ---           4                  5                 
E20                 NC                                                      Reserved    
E21                 NC                                                      Reserved    
F1      GPIO3_R     MSIO27PB1/GB10/VCCC_SE0_CLKI                            Special     LVCMOS18  Output     TRISTATE                        None           No                                  ---              ---         ---            ---             ---          SLOW  ---           4                  5                 
F2      GPIO2_R     MSIO26PB1/CCC_NE1_CLKI1/MMUART_1_RI/GPIO_15_B           Special     LVCMOS18  Output     TRISTATE                        None           No                                  ---              ---         ---            ---             ---          SLOW  ---           4                  5                 
F3                  MSIO26NB1/MMUART_1_DCD/GPIO_16_B                        Unassigned  
F4                  VSS                                                     Reserved    
F5                  DDRIO38PB0/MDDR_ADDR8                                   Unassigned  
F17                 VDDI7                                                   Reserved    
F18                 MSIO87PB7                                               Unassigned  
F19     C2N_DATA    MSIO86NB7                                               Fixed       LVCMOS12  Output     TRISTATE                        None           No                                  ---              ---         ---            ---             ---          SLOW  ---           4                  5                 
F20     N2C_DATA    MSIO86PB7                                               Fixed       LVCMOS12  Input      TRISTATE                        None           No                                  Off              Off         50             Off             Off          ---   ---           ---                ---               
F21                 VSS                                                     Reserved    
G1      GPIO0_R     MSIO25NB1/MMUART_1_DSR/GPIO_14_B                        Fixed       LVCMOS18  Output     TRISTATE                        None           No                                  ---              ---         ---            ---             ---          SLOW  ---           4                  5                 
G2      GPIO1_R     MSIO25PB1/CCC_NE0_CLKI1/MMUART_1_CTS/GPIO_13_B          Special     LVCMOS18  Output     TRISTATE                        None           No                                  ---              ---         ---            ---             ---          SLOW  ---           4                  5                 
G4                  MSIO24PB1/MMUART_1_RTS/GPIO_11_B                        Unassigned  
G5                  MSIO24NB1/MMUART_1_DTR/GPIO_12_B                        Unassigned  
G7                  CCC_NE0_NE1_MSS_MDDR_PLL_VSSA                           Reserved    
G8                  VREF0                                                   Reserved    
G9                  DDRIO47PB0/MDDR_CKE                                     Unassigned  
G10                 DDRIO47NB0/MDDR_CS_N                                    Unassigned  
G11                 DDRIO55PB0/MDDR_DQ7                                     Unassigned  
G12                 VREF0                                                   Reserved    
G13                 DDRIO55NB0/MDDR_TMATCH_0_OUT                            Unassigned  
G14                 VSS                                                     Reserved    
G15                 CCC_NW0_NW1_PLL_VDDA                                    Reserved    
G17                 MSIO87NB7                                               Unassigned  
G18                 NC                                                      Reserved    
G20                 MSIO90NB7                                               Unassigned  
G21                 MSIO90PB7                                               Unassigned  
H1                  VSS                                                     Reserved    
H2                  NC                                                      Reserved    
H4                  NC                                                      Reserved    
H5                  NC                                                      Reserved    
H7                  CCC_NE0_NE1_MSS_MDDR_PLL_VDDA                           Reserved    
H15                 CCC_NW0_NW1_PLL_VSSA                                    Reserved    
H17                 NC                                                      Reserved    
H18                 VSS                                                     Reserved    
H20                 MSIO89PB7                                               Unassigned  
H21                 MSIO89NB7                                               Unassigned  
J1                  NC                                                      Reserved    
J2                  NC                                                      Reserved    
J4                  NC                                                      Reserved    
J5                  NC                                                      Reserved    
J7                  VSS                                                     Reserved    
J9                  VSSNVM                                                  Reserved    
J10                 VSS                                                     Reserved    
J11                 VSS                                                     Reserved    
J12                 VDDI0                                                   Reserved    
J13                 VDDI0                                                   Reserved    
J15                 VDDI7                                                   Reserved    
J17                 MSIO93PB7                                               Unassigned  
J18                 MSIO93NB7                                               Unassigned  
J20                 MSIO91NB7                                               Unassigned  
J21                 MSIO91PB7                                               Unassigned  
K1                  NC                                                      Reserved    
K2                  NC                                                      Reserved    
K4                  NC                                                      Reserved    
K5                  NC                                                      Reserved    
K7                  NC                                                      Reserved    
K9                  VPPNVM                                                  Reserved    
K10                 VDD                                                     Reserved    
K11                 VDD                                                     Reserved    
K12                 VSS                                                     Reserved    
K13                 VSS                                                     Reserved    
K15                 MSIO94PB7                                               Unassigned  
K17                 MSIO99PB7/CCC_NW0_CLKI0                                 Special     
K18                 MSIO99NB7                                               Unassigned  
K20                 VDDI7                                                   Reserved    
K21                 NC                                                      Reserved    
L1                  MSIO23PB2/SPI_1_SS2/GPIO_15_A                           Unassigned  
L2                  MSIO23NB2/SPI_1_SS3/GPIO_16_A                           Unassigned  
L3                  MSIO22NB2/SPI_1_SS1/GPIO_14_A                           Unassigned  
L4                  VSS                                                     Reserved    
L5                  MSIO17NB2/SPI_1_SS0/GPIO_13_A                           Unassigned  
L7                  NC                                                      Reserved    
L9                  JTAG_TCK/M3_TCK                                         Reserved    
L10                 VDD                                                     Reserved    
L11                 VDD                                                     Reserved    
L12                 VSS                                                     Reserved    
L13                 VSS                                                     Reserved    
L15                 MSIO94NB7                                               Unassigned  
L17                 MSIO98PB7/CCC_NW1_CLKI0                                 Special     
L18                 MSIO98NB7                                               Unassigned  
L19                 MSIO96PB7/GB6/CCC_NW1_CLKI1                             Special     
L20                 MSIO97PB7/GB2/CCC_NW0_CLKI1                             Special     
L21                 NC                                                      Reserved    
M1                  MSIO21PB2/SPI_0_SS1/GPIO_8_A/USB_DATA5_A                Unassigned  
M2                  VDDI2                                                   Reserved    
M4                  MSIO22PB2/SPI_0_SS3/GPIO_10_A/USB_DATA7_A               Unassigned  
M5                  MSIO17PB2/SPI_1_SDO/GPIO_12_A                           Unassigned  
M7                  VPP                                                     Reserved    
M9                  DEVRST_N                                                Reserved    
M10                 VSS                                                     Reserved    
M11                 VSS                                                     Reserved    
M12                 VDD                                                     Reserved    
M13                 VDD                                                     Reserved    
M15                 MSIOD103NB6                                             Unassigned  
M17                 VSS                                                     Reserved    
M18                 MSIO96NB7                                               Unassigned  
M20                 MSIO97NB7                                               Unassigned  
M21                 VSS                                                     Reserved    
N1                  MSIO21NB2/SPI_0_SS2/GPIO_9_A/USB_DATA6_A                Unassigned  
N2                  MSIO20NB2/GB13/VCCC_SE1_CLKI/GPIO_26_A                  Special     
N4                  MSIO16PB2/SPI_1_CLK                                     Unassigned  
N5                  VDDI2                                                   Reserved    
N7                  MSIO16NB2/SPI_1_SDI/GPIO_11_A                           Unassigned  
N9                  JTAG_TDI/M3_TDI                                         Reserved    
N10                 VSS                                                     Reserved    
N11                 VSS                                                     Reserved    
N12                 VDD                                                     Reserved    
N13                 VDD                                                     Reserved    
N15                 VDDI6                                                   Reserved    
N17                 MSIOD103PB6/CCC_SW0_CLKI0                               Special     
N18                 MSIOD102PB6/CCC_SW1_CLKI0                               Special     
N20                 NC                                                      Reserved    
N21                 NC                                                      Reserved    
P1                  MSIO20PB2/GB9/VCCC_SE0_CLKI/GPIO_25_A                   Special     
P2                  MSIO18PB2/SPI_1_SS4/GPIO_17_A                           Unassigned  
P4      SPI_0_DO    MSIO13PB2/SPI_0_SDO/GPIO_6_A/USB_STP_A                  Fixed       LVCMOS18  Output     TRISTATE                        None           No                                  ---              ---         ---            ---             ---          SLOW  ---           4                  5                 
P5      SPI_0_SS0   MSIO13NB2/SPI_0_SS0/GPIO_7_A/USB_NXT_A                  Fixed       LVCMOS18  Inout      TRISTATE                        None           No                                  Off              Off         50             Off             Off          SLOW  ---           4                  5                 
P7                  VSS                                                     Reserved    
P15                 VSS                                                     Reserved    
P17                 MSIOD102NB6                                             Unassigned  
P18                 MSIOD105PB6                                             Unassigned  
P20                 MSIOD100NB6                                             Unassigned  
P21                 MSIOD100PB6/GB5/CCC_SW1_CLKI1                           Special     
R1                  VSS                                                     Reserved    
R2                  MSIO18NB2/SPI_1_SS5/GPIO_18_A                           Unassigned  
R4                  MSIO11PB2/CCC_NE0_CLKI0/I2C_1_SDA/GPIO_0_A/USB_DATA3_A  Special     
R5                  MSIO11NB2/CCC_NE1_CLKI0/I2C_1_SCL/GPIO_1_A/USB_DATA4_A  Special     
R7                  JTAG_TDO/M3_TDO/M3_SWO                                  Reserved    
R8                  MSIO134PB4/VCCC_SE1_CLKI                                Special     
R9                  MSIO134NB4                                              Unassigned  
R10                 VDDI4                                                   Reserved    
R11                 NC                                                      Reserved    
R12                 VDD                                                     Reserved    
R13                 VDD                                                     Reserved    
R14                 CCC_SW0_SW1_PLL_VDDA                                    Reserved    
R15                 CCC_SW0_SW1_PLL_VSSA                                    Reserved    
R17                 MSIOD105NB6                                             Unassigned  
R18                 VDDI6                                                   Reserved    
R20                 MSIOD101NB6                                             Unassigned  
R21                 MSIOD101PB6/GB1/CCC_SW0_CLKI1                           Special     
T1                  MSIO14NB2/SPI_0_SS5/GPIO_20_A                           Unassigned  
T2                  MSIO14PB2/SPI_0_SS4/GPIO_19_A                           Unassigned  
T3      GPIO2       MSIO4NB2                                                Fixed       LVCMOS18  Output     TRISTATE                        None           No                                  ---              ---         ---            ---             ---          SLOW  ---           4                  5                 
T4                  VSS                                                     Reserved    
T5                  MSIO8PB2/CAN_RX/GPIO_3_A/USB_DATA1_A                    Unassigned  
T17                 MSIOD108PB6                                             Unassigned  
T18                 MSIOD108NB6                                             Unassigned  
T19                 MSIOD112PB6                                             Unassigned  
T20                 MSIOD112NB6                                             Unassigned  
T21                 VSS                                                     Reserved    
U1      SPI_0_DI    MSIO12NB2/SPI_0_SDI/GPIO_5_A/USB_DIR_A                  Fixed       LVCMOS18  Input      TRISTATE                        None           No                                  Off              Off         50             Off             Off          ---   ---           ---                ---               
U2      SPI_0_CLK   MSIO12PB2/SPI_0_CLK/USB_XCLK_A                          Fixed       LVCMOS18  Inout      TRISTATE                        None           No                                  Off              Off         50             Off             Off          SLOW  ---           4                  5                 
U4      GPIO3       MSIO4PB2                                                Fixed       LVCMOS18  Output     TRISTATE                        None           No                                  ---              ---         ---            ---             ---          SLOW  ---           4                  5                 
U5                  MSIO8NB2/CAN_TX_EN_N/GPIO_4_A/USB_DATA2_A               Unassigned  
U6                  VSS                                                     Reserved    
U7                  VSS                                                     Reserved    
U8                  MSIO137PB4                                              Unassigned  
U9                  MSIO137NB4                                              Unassigned  
U10                 MSIO131PB4/GB11/VCCC_SE0_CLKI                           Special     
U11                 MSIO125PB4/GB3/CCC_SW0_CLKI3                            Special     
U12                 MSIO125NB4/GB7/CCC_SW1_CLKI2                            Special     
U13                 VSS                                                     Reserved    
U14                 VDD                                                     Reserved    
U15                 VPP                                                     Reserved    
U16                 VSS                                                     Reserved    
U17                 VSS                                                     Reserved    
U18                 MSIOD115NB6                                             Unassigned  
U20                 MSIOD115PB6                                             Unassigned  
U21                 MSIOD111NB6                                             Unassigned  
V1                  MSIO7NB2/CAN_TX/GPIO_2_A/USB_DATA0_A                    Unassigned  
V2                  VDDI2                                                   Reserved    
V4                  JTAGSEL                                                 Reserved    
V5                  VDDI3                                                   Reserved    
V6                  MSIO142NB4                                              Unassigned  
V7                  MSIO140PB4                                              Unassigned  
V8                  MSIO140NB4                                              Unassigned  
V9                  VDDI4                                                   Reserved    
V10                 MSIO131NB4                                              Unassigned  
V11                 MSIO129NB4                                              Unassigned  
V12                 VPP                                                     Reserved    
V13                 VSS                                                     Reserved    
V14                 VDD                                                     Reserved    
V15                 VSS                                                     Reserved    
V16                 VDD                                                     Reserved    
V17                 DNC                                                     Reserved    
V18                 DNC                                                     Reserved    
V20                 MSIOD111PB6                                             Unassigned  
V21                 MSIOD119NB5                                             Unassigned  
W1      NM_CLK      MSIO7PB2                                                Fixed       LVCMOS18  Output     TRISTATE                        None           No                                  ---              ---         ---            ---             ---          SLOW  ---           4                  5                 
W2                  MSIO5PB2                                                Unassigned  
W6                  MSIO142PB4                                              Unassigned  
W11                 MSIO129PB4/CCC_SW1_CLKI3                                Special     
W16                 VDD                                                     Reserved    
W20                 VDDI5                                                   Reserved    
W21                 MSIOD119PB5                                             Unassigned  
Y1      GPIO0       MSIO2NB2                                                Fixed       LVCMOS18  Output     TRISTATE                        None           No                                  ---              ---         ---            ---             ---          SLOW  ---           4                  5                 
Y2      GPIO4       MSIO5NB2                                                Fixed       LVCMOS18  Output     TRISTATE                        None           No                                  ---              ---         ---            ---             ---          SLOW  ---           4                  5                 
Y3                  JTAG_TRSTB/M3_TRSTB                                     Reserved    
Y4                  XTLOSC_MAIN_EXTAL                                       Reserved    
Y5                  XTLOSC_AUX_XTAL                                         Reserved    
Y6                  VSS                                                     Reserved    
Y7                  MSIO133NB4                                              Unassigned  
Y8                  MSIO133PB4/GB15/VCCC_SE1_CLKI                           Special     
Y9                  MSIO130PB4/VCCC_SE0_CLKI                                Special     
Y10                 MSIO120PB4                                              Unassigned  
Y11                 User Reserved                                           Unassigned  
Y12                 VSS                                                     Reserved    
Y13                 DNC                                                     Reserved    
Y14                 VSS                                                     Reserved    
Y15                 VSS                                                     Reserved    
Y16                 VSS                                                     Reserved    
Y17                 DNC                                                     Reserved    
Y18                 VSS                                                     Reserved    
Y19                 VSS                                                     Reserved    
Y20                 VSS                                                     Reserved    
Y21                 MSIOD118PB5                                             Unassigned  
