Archive member included because of file (symbol)

P:\Libero\Mario-CM_Flex-EMG_golden\SoftConsole\Mario_Libero_MSS_CM3\Mario_Libero_MSS_CM3_hw_platform\Debug\libMario_Libero_MSS_CM3_hw_platform.a(mss_spi.o)
                              ./loop.o (g_mss_spi0)
P:\Libero\Mario-CM_Flex-EMG_golden\SoftConsole\Mario_Libero_MSS_CM3\Mario_Libero_MSS_CM3_hw_platform\Debug\libMario_Libero_MSS_CM3_hw_platform.a(mss_i2c.o)
                              ./mpu6050.o (g_mss_i2c1)
P:\Libero\Mario-CM_Flex-EMG_golden\SoftConsole\Mario_Libero_MSS_CM3\Mario_Libero_MSS_CM3_hw_platform\Debug\libMario_Libero_MSS_CM3_hw_platform.a(mss_gpio.o)
                              ./accelerometer.o (MSS_GPIO_init)
P:\Libero\Mario-CM_Flex-EMG_golden\SoftConsole\Mario_Libero_MSS_CM3\Mario_Libero_MSS_CM3_hw_platform\Debug\libMario_Libero_MSS_CM3_hw_platform.a(system_m2sxxx.o)
                              P:/Libero/Mario-CM_Flex-EMG_golden/SoftConsole/Mario_Libero_MSS_CM3/Mario_Libero_MSS_CM3_hw_platform/Debug/CMSIS/startup_gcc/startup_m2sxxx.o (SystemInit)
P:\Libero\Mario-CM_Flex-EMG_golden\SoftConsole\Mario_Libero_MSS_CM3\Mario_Libero_MSS_CM3_hw_platform\Lib\GCC\libarm_cortexM3l_math.a(arm_bitreversal.o)
                              ./arm_cfft_q15.o (arm_bitreversal_q15)
P:\Libero\Mario-CM_Flex-EMG_golden\SoftConsole\Mario_Libero_MSS_CM3\Mario_Libero_MSS_CM3_hw_platform\Lib\GCC\libarm_cortexM3l_math.a(arm_cfft_radix4_q15.o)
                              ./arm_cfft_q15.o (arm_radix4_butterfly_q15)
c:/program files (x86)/microsemi/softconsole v3.4/sourcery-g++/bin/../lib/gcc/arm-none-eabi/4.4.1/../../../../arm-none-eabi/lib/thumb2\libc.a(lib_a-errno.o)
                              P:/Libero/Mario-CM_Flex-EMG_golden/SoftConsole/Mario_Libero_MSS_CM3/Mario_Libero_MSS_CM3_hw_platform/Debug/CMSIS/startup_gcc/newlib_stubs.o (__errno)
c:/program files (x86)/microsemi/softconsole v3.4/sourcery-g++/bin/../lib/gcc/arm-none-eabi/4.4.1/../../../../arm-none-eabi/lib/thumb2\libc.a(lib_a-impure.o)
                              c:/program files (x86)/microsemi/softconsole v3.4/sourcery-g++/bin/../lib/gcc/arm-none-eabi/4.4.1/../../../../arm-none-eabi/lib/thumb2\libc.a(lib_a-errno.o) (_impure_ptr)
c:/program files (x86)/microsemi/softconsole v3.4/sourcery-g++/bin/../lib/gcc/arm-none-eabi/4.4.1/../../../../arm-none-eabi/lib/thumb2\libc.a(lib_a-init.o)
                              P:/Libero/Mario-CM_Flex-EMG_golden/SoftConsole/Mario_Libero_MSS_CM3/Mario_Libero_MSS_CM3_hw_platform/Debug/CMSIS/startup_gcc/startup_m2sxxx.o (__libc_init_array)
c:/program files (x86)/microsemi/softconsole v3.4/sourcery-g++/bin/../lib/gcc/arm-none-eabi/4.4.1/../../../../arm-none-eabi/lib/thumb2\libc.a(lib_a-malloc.o)
                              ./loop.o (free)
c:/program files (x86)/microsemi/softconsole v3.4/sourcery-g++/bin/../lib/gcc/arm-none-eabi/4.4.1/../../../../arm-none-eabi/lib/thumb2\libc.a(lib_a-mallocr.o)
                              c:/program files (x86)/microsemi/softconsole v3.4/sourcery-g++/bin/../lib/gcc/arm-none-eabi/4.4.1/../../../../arm-none-eabi/lib/thumb2\libc.a(lib_a-malloc.o) (_malloc_r)
c:/program files (x86)/microsemi/softconsole v3.4/sourcery-g++/bin/../lib/gcc/arm-none-eabi/4.4.1/../../../../arm-none-eabi/lib/thumb2\libc.a(lib_a-memset.o)
                              P:\Libero\Mario-CM_Flex-EMG_golden\SoftConsole\Mario_Libero_MSS_CM3\Mario_Libero_MSS_CM3_hw_platform\Debug\libMario_Libero_MSS_CM3_hw_platform.a(mss_spi.o) (memset)
c:/program files (x86)/microsemi/softconsole v3.4/sourcery-g++/bin/../lib/gcc/arm-none-eabi/4.4.1/../../../../arm-none-eabi/lib/thumb2\libc.a(lib_a-mlock.o)
                              c:/program files (x86)/microsemi/softconsole v3.4/sourcery-g++/bin/../lib/gcc/arm-none-eabi/4.4.1/../../../../arm-none-eabi/lib/thumb2\libc.a(lib_a-mallocr.o) (__malloc_lock)
c:/program files (x86)/microsemi/softconsole v3.4/sourcery-g++/bin/../lib/gcc/arm-none-eabi/4.4.1/../../../../arm-none-eabi/lib/thumb2\libc.a(lib_a-rand.o)
                              ./loop.o (rand)
c:/program files (x86)/microsemi/softconsole v3.4/sourcery-g++/bin/../lib/gcc/arm-none-eabi/4.4.1/../../../../arm-none-eabi/lib/thumb2\libc.a(lib_a-sbrkr.o)
                              c:/program files (x86)/microsemi/softconsole v3.4/sourcery-g++/bin/../lib/gcc/arm-none-eabi/4.4.1/../../../../arm-none-eabi/lib/thumb2\libc.a(lib_a-mallocr.o) (_sbrk_r)
c:/program files (x86)/microsemi/softconsole v3.4/sourcery-g++/bin/../lib/gcc/arm-none-eabi/4.4.1/../../../../arm-none-eabi/lib/thumb2\libc.a(lib_a-freer.o)
                              c:/program files (x86)/microsemi/softconsole v3.4/sourcery-g++/bin/../lib/gcc/arm-none-eabi/4.4.1/../../../../arm-none-eabi/lib/thumb2\libc.a(lib_a-malloc.o) (_free_r)
c:/program files (x86)/microsemi/softconsole v3.4/sourcery-g++/bin/../lib/gcc/arm-none-eabi/4.4.1/../../../../arm-none-eabi/lib/thumb2\libc.a(lib_a-reent.o)
[...]
Memory Configuration

Name             Origin             Length             Attributes
ram              0x20000000         0x00010000         xrw
*default*        0x00000000         0xffffffff

Linker script and memory map

LOAD c:/program files (x86)/microsemi/softconsole v3.4/sourcery-g++/bin/../lib/gcc/arm-none-eabi/4.4.1/thumb2/crti.o
LOAD c:/program files (x86)/microsemi/softconsole v3.4/sourcery-g++/bin/../lib/gcc/arm-none-eabi/4.4.1/thumb2/crtbegin.o
LOAD ./accelerometer.o
LOAD ./arm_cfft_q15.o
LOAD ./arm_cmplx_mag_squared_q15.o
LOAD ./arm_common_tables.o
LOAD ./arm_const_structs.o
LOAD ./arm_rfft_q15.o
LOAD ./artifact_cancellation.o
LOAD ./loop.o
LOAD ./mpu6050.o
LOAD P:/Libero/Mario-CM_Flex-EMG_golden/SoftConsole/Mario_Libero_MSS_CM3/Mario_Libero_MSS_CM3_hw_platform/Debug/CMSIS/startup_gcc/startup_m2sxxx.o
LOAD P:/Libero/Mario-CM_Flex-EMG_golden/SoftConsole/Mario_Libero_MSS_CM3/Mario_Libero_MSS_CM3_hw_platform/Debug/CMSIS/startup_gcc/newlib_stubs.o
LOAD P:\Libero\Mario-CM_Flex-EMG_golden\SoftConsole\Mario_Libero_MSS_CM3\Mario_Libero_MSS_CM3_hw_platform\Debug\libMario_Libero_MSS_CM3_hw_platform.a
LOAD P:\Libero\Mario-CM_Flex-EMG_golden\SoftConsole\Mario_Libero_MSS_CM3\Mario_Libero_MSS_CM3_hw_platform\Lib\GCC\libarm_cortexM3l_math.a
START GROUP
LOAD c:/program files (x86)/microsemi/softconsole v3.4/sourcery-g++/bin/../lib/gcc/arm-none-eabi/4.4.1/thumb2\libgcc.a
LOAD c:/program files (x86)/microsemi/softconsole v3.4/sourcery-g++/bin/../lib/gcc/arm-none-eabi/4.4.1/../../../../arm-none-eabi/lib/thumb2\libc.a
END GROUP
LOAD c:/program files (x86)/microsemi/softconsole v3.4/sourcery-g++/bin/../lib/gcc/arm-none-eabi/4.4.1/thumb2/crtend.o
LOAD c:/program files (x86)/microsemi/softconsole v3.4/sourcery-g++/bin/../lib/gcc/arm-none-eabi/4.4.1/thumb2/crtn.o
START GROUP
LOAD c:/program files (x86)/microsemi/softconsole v3.4/sourcery-g++/bin/../lib/gcc/arm-none-eabi/4.4.1/../../../../arm-none-eabi/lib/thumb2\libc.a
LOAD c:/program files (x86)/microsemi/softconsole v3.4/sourcery-g++/bin/../lib/gcc/arm-none-eabi/4.4.1/thumb2\libgcc.a
LOAD c:/program files (x86)/microsemi/softconsole v3.4/sourcery-g++/bin/../lib/gcc/arm-none-eabi/4.4.1/../../../../arm-none-eabi/lib/thumb2\libm.a
END GROUP
                0x00000000                __DYNAMIC = 0x0
                0x20000000                RAM_START_ADDRESS = 0x20000000
                0x00010000                RAM_SIZE = 0x10000
                0x00001000                MAIN_STACK_SIZE = 0x1000
                0x00001000                MIN_SIZE_HEAP = 0x1000
                0x20010000                PROVIDE (__main_stack_start, (RAM_START_ADDRESS + RAM_SIZE))
                0x20010000                PROVIDE (_estack, __main_stack_start)
                0x00000000                PROVIDE (__mirrored_nvm, 0x0)
                0x00000000                PROVIDE (__smartfusion2_memory_remap, 0x0)

.vector_table   0x20000000      0x190
                0x20000000                __vector_table_load = LOADADDR (.vector_table)
                0x20000000                __vector_table_start = .
                0x20000000                __vector_table_vma_base_address = .
 *(.isr_vector)
 .isr_vector    0x20000000      0x190 P:/Libero/Mario-CM_Flex-EMG_golden/SoftConsole/Mario_Libero_MSS_CM3/Mario_Libero_MSS_CM3_hw_platform/Debug/CMSIS/startup_gcc/startup_m2sxxx.o
                0x20000000                g_pfnVectors
                0x20000190                . = ALIGN (0x10)
                0x20000190                _evector_table = .

.boot_code      0x20000190      0x330
 *(.boot_code)
 .boot_code     0x20000190      0x330 P:/Libero/Mario-CM_Flex-EMG_golden/SoftConsole/Mario_Libero_MSS_CM3/Mario_Libero_MSS_CM3_hw_platform/Debug/CMSIS/startup_gcc/startup_m2sxxx.o
                0x20000190                Reset_Handler
                0x2000037e                NMI_Handler
                0x20000380                HardFault_Handler
                0x20000382                MemManage_Handler
                0x20000384                BusFault_Handler
                0x20000386                UsageFault_Handler
                0x20000388                SVC_Handler
                0x2000038a                DebugMon_Handler
                0x2000038c                PendSV_Handler
                0x2000038e                SysTick_Handler
                0x20000390                WdogWakeup_IRQHandler
                0x20000392                RTC_Wakeup_IRQHandler
                0x2000039a                I2C0_SMBAlert_IRQHandler
                0x2000039c                I2C0_SMBus_IRQHandler
                0x200003a0                I2C1_SMBAlert_IRQHandler
                0x200003a2                I2C1_SMBus_IRQHandler
                0x200003a4                UART0_IRQHandler
                0x200003a6                UART1_IRQHandler
                0x200003a8                EthernetMAC_IRQHandler
                0x200003aa                DMA_IRQHandler
                0x200003ae                Timer2_IRQHandler
                0x200003b0                CAN_IRQHandler
                0x200003b2                ENVM0_IRQHandler
                0x200003b4                ENVM1_IRQHandler
                0x200003b6                ComBlk_IRQHandler
                0x200003b8                USB_IRQHandler
                0x200003ba                USB_DMA_IRQHandler
                0x200003bc                PLL_Lock_IRQHandler
                0x200003be                PLL_LockLost_IRQHandler
                0x200003c0                CommSwitchError_IRQHandler
                0x200003c2                CacheError_IRQHandler
                0x200003c4                DDR_IRQHandler
                0x200003c6                HPDMA_Complete_IRQHandler
                0x200003c8                HPDMA_Error_IRQHandler
                0x200003ca                ECC_Error_IRQHandler
                0x200003cc                MDDR_IOCalib_IRQHandler
                0x200003ce                FAB_PLL_Lock_IRQHandler
                0x200003d0                FAB_PLL_LockLost_IRQHandler
                0x200003d2                FIC64_IRQHandler
                0x200003d4                FabricIrq0_IRQHandler
                0x200003d6                FabricIrq1_IRQHandler
                0x200003d8                FabricIrq2_IRQHandler
                0x200003da                FabricIrq3_IRQHandler
                0x200003dc                FabricIrq4_IRQHandler
                0x200003de                FabricIrq5_IRQHandler
                0x200003e0                FabricIrq6_IRQHandler
                0x200003e2                FabricIrq7_IRQHandler
                0x200003e4                FabricIrq8_IRQHandler
                0x200003e6                FabricIrq9_IRQHandler
                0x200003e8                FabricIrq10_IRQHandler
                0x200003ea                FabricIrq11_IRQHandler
                0x200003ec                FabricIrq12_IRQHandler
                0x200003ee                FabricIrq13_IRQHandler
                0x200003f0                FabricIrq14_IRQHandler
                0x200003f2                FabricIrq15_IRQHandler
                0x200003f4                GPIO0_IRQHandler
                0x200003f6                GPIO1_IRQHandler
                0x200003f8                GPIO2_IRQHandler
                0x200003fa                GPIO3_IRQHandler
                0x200003fc                GPIO4_IRQHandler
                0x20000400                GPIO6_IRQHandler
                0x20000402                GPIO7_IRQHandler
                0x20000404                GPIO8_IRQHandler
                0x20000406                GPIO9_IRQHandler
                0x20000408                GPIO10_IRQHandler
                0x2000040a                GPIO11_IRQHandler
                0x2000040c                GPIO12_IRQHandler
                0x2000040e                GPIO13_IRQHandler
                0x20000410                GPIO14_IRQHandler
                0x20000412                GPIO15_IRQHandler
                0x20000414                GPIO16_IRQHandler
                0x20000416                GPIO17_IRQHandler
                0x20000418                GPIO18_IRQHandler
                0x2000041a                GPIO19_IRQHandler
                0x2000041c                GPIO20_IRQHandler
                0x2000041e                GPIO21_IRQHandler
                0x20000420                GPIO22_IRQHandler
                0x20000422                GPIO23_IRQHandler
                0x20000424                GPIO24_IRQHandler
                0x20000426                GPIO25_IRQHandler
                0x20000428                GPIO26_IRQHandler
                0x2000042a                GPIO27_IRQHandler
                0x2000042c                GPIO28_IRQHandler
                0x2000042e                GPIO29_IRQHandler
                0x20000430                GPIO30_IRQHandler
                0x20000432                GPIO31_IRQHandler
                0x20000434                mscc_post_hw_cfg_init
                0x200004c0                . = ALIGN (0x10)

.text           0x200004c0     0x9b40
 CREATE_OBJECT_SYMBOLS
                0x200004c0                __text_load = LOADADDR (.text)
                0x200004c0                __text_start = .
 *(.text .text.* .gnu.linkonce.t.*)
 .text          0x200004c0       0x30 c:/program files (x86)/microsemi/softconsole v3.4/sourcery-g++/bin/../lib/gcc/arm-none-eabi/4.4.1/thumb2/crtbegin.o
 .text.MSS_TIM1_start
                0x200004f0       0x1c ./loop.o
 .text.MSS_TIM1_load_immediate
                0x2000050c       0x20 ./loop.o
 .text.MSS_TIM1_clear_irq
                0x2000052c       0x1c ./loop.o
 .text.NMstim   0x20000548       0x88 ./loop.o
                0x20000548                NMstim
 .text.writeNMreg
                0x200005d0      0x384 ./loop.o
                0x200005d0                writeNMreg
 .text.main     0x20000954     0x2380 ./loop.o
                0x20000954                main
 .text.spi_rx_handler
                0x20002cd4       0xa4 ./loop.o
                0x20002cd4                spi_rx_handler
 .text.GPIO5_IRQHandler
                0x20002d78       0x20 ./loop.o
                0x20002d78                GPIO5_IRQHandler
 .text.Timer1_IRQHandler
                0x20002d98       0x18 ./loop.o
                0x20002d98                Timer1_IRQHandler
 .text._exit    0x20002db0        0xc P:/Libero/Mario-CM_Flex-EMG_golden/SoftConsole/Mario_Libero_MSS_CM3/Mario_Libero_MSS_CM3_hw_platform/Debug/CMSIS/startup_gcc/newlib_stubs.o
                0x20002db0                _exit
 .text._write_r
                0x20002dbc       0x20 P:/Libero/Mario-CM_Flex-EMG_golden/SoftConsole/Mario_Libero_MSS_CM3/Mario_Libero_MSS_CM3_hw_platform/Debug/CMSIS/startup_gcc/newlib_stubs.o
                0x20002dbc                _write_r
 .text._sbrk    0x20002ddc       0xe4 P:/Libero/Mario-CM_Flex-EMG_golden/SoftConsole/Mario_Libero_MSS_CM3/Mario_Libero_MSS_CM3_hw_platform/Debug/CMSIS/startup_gcc/newlib_stubs.o
                0x20002ddc                _sbrk
 .text.NVIC_EnableIRQ
                0x20002ec0       0x38 P:\Libero\Mario-CM_Flex-EMG_golden\SoftConsole\Mario_Libero_MSS_CM3\Mario_Libero_MSS_CM3_hw_platform\Debug\libMario_Libero_MSS_CM3_hw_platform.a(mss_spi.o)
 .text.NVIC_DisableIRQ
                0x20002ef8       0x3c P:\Libero\Mario-CM_Flex-EMG_golden\SoftConsole\Mario_Libero_MSS_CM3\Mario_Libero_MSS_CM3_hw_platform\Debug\libMario_Libero_MSS_CM3_hw_platform.a(mss_spi.o)
 .text.NVIC_ClearPendingIRQ
                0x20002f34       0x3c P:\Libero\Mario-CM_Flex-EMG_golden\SoftConsole\Mario_Libero_MSS_CM3\Mario_Libero_MSS_CM3_hw_platform\Debug\libMario_Libero_MSS_CM3_hw_platform.a(mss_spi.o)
 .text.MSS_SPI_init
                0x20002f70      0x134 P:\Libero\Mario-CM_Flex-EMG_golden\SoftConsole\Mario_Libero_MSS_CM3\Mario_Libero_MSS_CM3_hw_platform\Debug\libMario_Libero_MSS_CM3_hw_platform.a(mss_spi.o)
                0x20002f70                MSS_SPI_init
 .text.recover_from_rx_overflow
                0x200030a4      0x160 P:\Libero\Mario-CM_Flex-EMG_golden\SoftConsole\Mario_Libero_MSS_CM3\Mario_Libero_MSS_CM3_hw_platform\Debug\libMario_Libero_MSS_CM3_hw_platform.a(mss_spi.o)
 .text.MSS_SPI_configure_master_mode
                0x20003204      0x150 P:\Libero\Mario-CM_Flex-EMG_golden\SoftConsole\Mario_Libero_MSS_CM3\Mario_Libero_MSS_CM3_hw_platform\Debug\libMario_Libero_MSS_CM3_hw_platform.a(mss_spi.o)
                0x20003204                MSS_SPI_configure_master_mode
 .text.MSS_SPI_set_slave_select
                0x20003354      0x108 P:\Libero\Mario-CM_Flex-EMG_golden\SoftConsole\Mario_Libero_MSS_CM3\Mario_Libero_MSS_CM3_hw_platform\Debug\libMario_Libero_MSS_CM3_hw_platform.a(mss_spi.o)
                0x20003354                MSS_SPI_set_slave_select
 .text.MSS_SPI_clear_slave_select
                0x2000345c       0x90 P:\Libero\Mario-CM_Flex-EMG_golden\SoftConsole\Mario_Libero_MSS_CM3\Mario_Libero_MSS_CM3_hw_platform\Debug\libMario_Libero_MSS_CM3_hw_platform.a(mss_spi.o)
                0x2000345c                MSS_SPI_clear_slave_select
 .text.MSS_SPI_transfer_block
                0x200034ec      0x228 P:\Libero\Mario-CM_Flex-EMG_golden\SoftConsole\Mario_Libero_MSS_CM3\Mario_Libero_MSS_CM3_hw_platform\Debug\libMario_Libero_MSS_CM3_hw_platform.a(mss_spi.o)
                0x200034ec                MSS_SPI_transfer_block
 .text.fill_slave_tx_fifo
                0x20003714       0xe0 P:\Libero\Mario-CM_Flex-EMG_golden\SoftConsole\Mario_Libero_MSS_CM3\Mario_Libero_MSS_CM3_hw_platform\Debug\libMario_Libero_MSS_CM3_hw_platform.a(mss_spi.o)
 .text.read_slave_rx_fifo
                0x200037f4       0xac P:\Libero\Mario-CM_Flex-EMG_golden\SoftConsole\Mario_Libero_MSS_CM3\Mario_Libero_MSS_CM3_hw_platform\Debug\libMario_Libero_MSS_CM3_hw_platform.a(mss_spi.o)
 .text.mss_spi_isr
                0x200038a0      0x2b0 P:\Libero\Mario-CM_Flex-EMG_golden\SoftConsole\Mario_Libero_MSS_CM3\Mario_Libero_MSS_CM3_hw_platform\Debug\libMario_Libero_MSS_CM3_hw_platform.a(mss_spi.o)
 .text.SPI0_IRQHandler
                0x20003b50       0x24 P:\Libero\Mario-CM_Flex-EMG_golden\SoftConsole\Mario_Libero_MSS_CM3\Mario_Libero_MSS_CM3_hw_platform\Debug\libMario_Libero_MSS_CM3_hw_platform.a(mss_spi.o)
                0x20003b50                SPI0_IRQHandler
 .text.SPI1_IRQHandler
                0x20003b74       0x24 P:\Libero\Mario-CM_Flex-EMG_golden\SoftConsole\Mario_Libero_MSS_CM3\Mario_Libero_MSS_CM3_hw_platform\Debug\libMario_Libero_MSS_CM3_hw_platform.a(mss_spi.o)
                0x20003b74                SPI1_IRQHandler
 .text.NVIC_DisableIRQ
                0x20003b98       0x3c P:\Libero\Mario-CM_Flex-EMG_golden\SoftConsole\Mario_Libero_MSS_CM3\Mario_Libero_MSS_CM3_hw_platform\Debug\libMario_Libero_MSS_CM3_hw_platform.a(mss_i2c.o)
 .text.enable_slave_if_required
                0x20003bd4       0x28 P:\Libero\Mario-CM_Flex-EMG_golden\SoftConsole\Mario_Libero_MSS_CM3\Mario_Libero_MSS_CM3_hw_platform\Debug\libMario_Libero_MSS_CM3_hw_platform.a(mss_i2c.o)
 .text.mss_i2c_isr
                0x20003bfc      0x8f4 P:\Libero\Mario-CM_Flex-EMG_golden\SoftConsole\Mario_Libero_MSS_CM3\Mario_Libero_MSS_CM3_hw_platform\Debug\libMario_Libero_MSS_CM3_hw_platform.a(mss_i2c.o)
 .text.I2C0_IRQHandler
                0x200044f0       0x24 P:\Libero\Mario-CM_Flex-EMG_golden\SoftConsole\Mario_Libero_MSS_CM3\Mario_Libero_MSS_CM3_hw_platform\Debug\libMario_Libero_MSS_CM3_hw_platform.a(mss_i2c.o)
                0x200044f0                I2C0_IRQHandler
 .text.I2C1_IRQHandler
                0x20004514       0x24 P:\Libero\Mario-CM_Flex-EMG_golden\SoftConsole\Mario_Libero_MSS_CM3\Mario_Libero_MSS_CM3_hw_platform\Debug\libMario_Libero_MSS_CM3_hw_platform.a(mss_i2c.o)
                0x20004514                I2C1_IRQHandler
 .text.MSS_GPIO_clear_irq
                0x20004538       0x40 P:\Libero\Mario-CM_Flex-EMG_golden\SoftConsole\Mario_Libero_MSS_CM3\Mario_Libero_MSS_CM3_hw_platform\Debug\libMario_Libero_MSS_CM3_hw_platform.a(mss_gpio.o)
                0x20004538                MSS_GPIO_clear_irq
 .text.SystemInit
                0x20004578       0x28 P:\Libero\Mario-CM_Flex-EMG_golden\SoftConsole\Mario_Libero_MSS_CM3\Mario_Libero_MSS_CM3_hw_platform\Debug\libMario_Libero_MSS_CM3_hw_platform.a(system_m2sxxx.o)
                0x20004578                SystemInit
 .text.get_silicon_revision
                0x200045a0       0x50 P:\Libero\Mario-CM_Flex-EMG_golden\SoftConsole\Mario_Libero_MSS_CM3\Mario_Libero_MSS_CM3_hw_platform\Debug\libMario_Libero_MSS_CM3_hw_platform.a(system_m2sxxx.o)
 .text.silicon_workarounds
                0x200045f0       0x20 P:\Libero\Mario-CM_Flex-EMG_golden\SoftConsole\Mario_Libero_MSS_CM3\Mario_Libero_MSS_CM3_hw_platform\Debug\libMario_Libero_MSS_CM3_hw_platform.a(system_m2sxxx.o)
 .text.m2s050_rev_a_workarounds
                0x20004610       0x44 P:\Libero\Mario-CM_Flex-EMG_golden\SoftConsole\Mario_Libero_MSS_CM3\Mario_Libero_MSS_CM3_hw_platform\Debug\libMario_Libero_MSS_CM3_hw_platform.a(system_m2sxxx.o)
 .text          0x20004654       0x50 c:/program files (x86)/microsemi/softconsole v3.4/sourcery-g++/bin/../lib/gcc/arm-none-eabi/4.4.1/../../../../arm-none-eabi/lib/thumb2\libc.a(lib_a-init.o)
                0x20004654                __libc_init_array
 .text          0x200046a4       0x20 c:/program files (x86)/microsemi/softconsole v3.4/sourcery-g++/bin/../lib/gcc/arm-none-eabi/4.4.1/../../../../arm-none-eabi/lib/thumb2\libc.a(lib_a-malloc.o)
                0x200046a4                free
                0x200046b4                malloc
 .text          0x200046c4      0x5a4 c:/program files (x86)/microsemi/softconsole v3.4/sourcery-g++/bin/../lib/gcc/arm-none-eabi/4.4.1/../../../../arm-none-eabi/lib/thumb2\libc.a(lib_a-mallocr.o)
                0x200046c4                _malloc_r
 .text          0x20004c68       0xd4 c:/program files (x86)/microsemi/softconsole v3.4/sourcery-g++/bin/../lib/gcc/arm-none-eabi/4.4.1/../../../../arm-none-eabi/lib/thumb2\libc.a(lib_a-memset.o)
                0x20004c68                memset
 .text          0x20004d3c        0x8 c:/program files (x86)/microsemi/softconsole v3.4/sourcery-g++/bin/../lib/gcc/arm-none-eabi/4.4.1/../../../../arm-none-eabi/lib/thumb2\libc.a(lib_a-mlock.o)
                0x20004d3c                __malloc_lock
                0x20004d40                __malloc_unlock
 *fill*         0x20004d44        0x4 00
 .text          0x20004d48      0x108 c:/program files (x86)/microsemi/softconsole v3.4/sourcery-g++/bin/../lib/gcc/arm-none-eabi/4.4.1/../../../../arm-none-eabi/lib/thumb2\libc.a(lib_a-rand.o)
                0x20004d48                rand
                0x20004df0                srand
 .text          0x20004e50       0x28 c:/program files (x86)/microsemi/softconsole v3.4/sourcery-g++/bin/../lib/gcc/arm-none-eabi/4.4.1/../../../../arm-none-eabi/lib/thumb2\libc.a(lib_a-sbrkr.o)
                0x20004e50                _sbrk_r
 .text          0x20004e78      0x268 c:/program files (x86)/microsemi/softconsole v3.4/sourcery-g++/bin/../lib/gcc/arm-none-eabi/4.4.1/../../../../arm-none-eabi/lib/thumb2\libc.a(lib_a-freer.o)
                0x20004e78                _malloc_trim_r
                0x20004f20                _free_r
 *(.plt)
 *(.gnu.warning)
 *(.glue_7t)
 .glue_7t       0x00000000        0x0 linker stubs
 *(.glue_7)
 .glue_7        0x00000000        0x0 linker stubs
 *(.vfp11_veneer)
 .vfp11_veneer  0x00000000        0x0 linker stubs
                0x200050e0                . = ALIGN (0x4)
 *crtbegin.o(.ctors)
 *(EXCLUDE_FILE(*crtend.o) .ctors)
 *(SORT(.ctors.*))
 *crtend.o(.ctors)
 *crtbegin.o(.dtors)
 *(EXCLUDE_FILE(*crtend.o) .dtors)
 *(SORT(.dtors.*))
 *crtend.o(.dtors)
 *(.rodata .rodata.* .gnu.linkonce.r.*)
 .rodata.twiddleCoef_16_q15
                0x200050e0       0x30 ./arm_common_tables.o
                0x200050e0                twiddleCoef_16_q15
 .rodata.twiddleCoef_32_q15
                0x20005110       0x60 ./arm_common_tables.o
                0x20005110                twiddleCoef_32_q15
 .rodata.twiddleCoef_64_q15
                0x20005170       0xc0 ./arm_common_tables.o
                0x20005170                twiddleCoef_64_q15
 .rodata.twiddleCoef_128_q15
                0x20005230      0x180 ./arm_common_tables.o
                0x20005230                twiddleCoef_128_q15
 .rodata.twiddleCoef_256_q15
                0x200053b0      0x300 ./arm_common_tables.o
                0x200053b0                twiddleCoef_256_q15
 .rodata.twiddleCoef_512_q15
                0x200056b0      0x600 ./arm_common_tables.o
                0x200056b0                twiddleCoef_512_q15
 .rodata.twiddleCoef_1024_q15
                0x20005cb0      0xc00 ./arm_common_tables.o
                0x20005cb0                twiddleCoef_1024_q15
 .rodata.twiddleCoef_2048_q15
                0x200068b0     0x1800 ./arm_common_tables.o
                0x200068b0                twiddleCoef_2048_q15
 .rodata.armBitRevIndexTable_fixed_16
                0x200080b0       0x18 ./arm_common_tables.o
                0x200080b0                armBitRevIndexTable_fixed_16
 .rodata.armBitRevIndexTable_fixed_32
                0x200080c8       0x30 ./arm_common_tables.o
                0x200080c8                armBitRevIndexTable_fixed_32
 .rodata.armBitRevIndexTable_fixed_64
                0x200080f8       0x70 ./arm_common_tables.o
                0x200080f8                armBitRevIndexTable_fixed_64
 .rodata.armBitRevIndexTable_fixed_128
                0x20008168       0xe0 ./arm_common_tables.o
                0x20008168                armBitRevIndexTable_fixed_128
 .rodata.armBitRevIndexTable_fixed_256
                0x20008248      0x1e0 ./arm_common_tables.o
                0x20008248                armBitRevIndexTable_fixed_256
 .rodata.armBitRevIndexTable_fixed_512
                0x20008428      0x3c0 ./arm_common_tables.o
                0x20008428                armBitRevIndexTable_fixed_512
 .rodata.armBitRevIndexTable_fixed_1024
                0x200087e8      0x7c0 ./arm_common_tables.o
                0x200087e8                armBitRevIndexTable_fixed_1024
 .rodata.armBitRevIndexTable_fixed_2048
                0x20008fa8      0xf80 ./arm_common_tables.o
                0x20008fa8                armBitRevIndexTable_fixed_2048
 .rodata.arm_cfft_sR_q15_len16
                0x20009f28       0x10 ./arm_const_structs.o
                0x20009f28                arm_cfft_sR_q15_len16
 .rodata.arm_cfft_sR_q15_len32
                0x20009f38       0x10 ./arm_const_structs.o
                0x20009f38                arm_cfft_sR_q15_len32
 .rodata.arm_cfft_sR_q15_len64
                0x20009f48       0x10 ./arm_const_structs.o
                0x20009f48                arm_cfft_sR_q15_len64
 .rodata.arm_cfft_sR_q15_len128
                0x20009f58       0x10 ./arm_const_structs.o
                0x20009f58                arm_cfft_sR_q15_len128
 .rodata.arm_cfft_sR_q15_len256
                0x20009f68       0x10 ./arm_const_structs.o
                0x20009f68                arm_cfft_sR_q15_len256
 .rodata.arm_cfft_sR_q15_len512
                0x20009f78       0x10 ./arm_const_structs.o
                0x20009f78                arm_cfft_sR_q15_len512
 .rodata.arm_cfft_sR_q15_len1024
                0x20009f88       0x10 ./arm_const_structs.o
                0x20009f88                arm_cfft_sR_q15_len1024
 .rodata.arm_cfft_sR_q15_len2048
                0x20009f98       0x10 ./arm_const_structs.o
                0x20009f98                arm_cfft_sR_q15_len2048
 .rodata        0x20009fa8       0x30 P:/Libero/Mario-CM_Flex-EMG_golden/SoftConsole/Mario_Libero_MSS_CM3/Mario_Libero_MSS_CM3_hw_platform/Debug/CMSIS/startup_gcc/newlib_stubs.o
 .rodata.str1.4
                0x20009fd8        0x4 c:/program files (x86)/microsemi/softconsole v3.4/sourcery-g++/bin/../lib/gcc/arm-none-eabi/4.4.1/../../../../arm-none-eabi/lib/thumb2\libc.a(lib_a-impure.o)
 *(.ARM.extab* .gnu.linkonce.armextab.*)
 *(.gcc_except_table)
 *(.eh_frame_hdr)
 *(.eh_frame)
 *(.vector_table)
 *(.init)
 .init          0x20009fdc        0x4 c:/program files (x86)/microsemi/softconsole v3.4/sourcery-g++/bin/../lib/gcc/arm-none-eabi/4.4.1/thumb2/crti.o
                0x20009fdc                _init
 .init          0x20009fe0        0x8 c:/program files (x86)/microsemi/softconsole v3.4/sourcery-g++/bin/../lib/gcc/arm-none-eabi/4.4.1/thumb2/crtn.o
 *(.fini)
 .fini          0x20009fe8        0x4 c:/program files (x86)/microsemi/softconsole v3.4/sourcery-g++/bin/../lib/gcc/arm-none-eabi/4.4.1/thumb2/crti.o
                0x20009fe8                _fini
 .fini          0x20009fec        0x8 c:/program files (x86)/microsemi/softconsole v3.4/sourcery-g++/bin/../lib/gcc/arm-none-eabi/4.4.1/thumb2/crtn.o
                0x20009ff4                PROVIDE (__preinit_array_start, .)
 *(.preinit_array)
                0x20009ff4                PROVIDE (__preinit_array_end, .)
                0x20009ff4                PROVIDE (__init_array_start, .)
 *(SORT(.init_array.*))
 *(.init_array)
 .init_array    0x20009ff4        0x4 c:/program files (x86)/microsemi/softconsole v3.4/sourcery-g++/bin/../lib/gcc/arm-none-eabi/4.4.1/thumb2/crtbegin.o
                0x20009ff8                PROVIDE (__init_array_end, .)
                0x20009ff8                PROVIDE (__fini_array_start, .)
 *(.fini_array)
 .fini_array    0x20009ff8        0x4 c:/program files (x86)/microsemi/softconsole v3.4/sourcery-g++/bin/../lib/gcc/arm-none-eabi/4.4.1/thumb2/crtbegin.o
 *(SORT(.fini_array.*))
                0x20009ffc                PROVIDE (__fini_array_end, .)
                0x2000a000                . = ALIGN (0x10)
 *fill*         0x20009ffc        0x4 00
                0x2000a000                __exidx_start = .

.v4_bx          0x2000a000        0x0
 .v4_bx         0x00000000        0x0 linker stubs

.ARM.exidx
 *(.ARM.exidx* .gnu.linkonce.armexidx.*)
                0x2000a000                __exidx_end = .
                0x2000a000                _etext = .
                0x2000a000                PROVIDE (__text_end, .)

.data           0x2000a000     0x1540
                0x2000a000                __data_load = LOADADDR (.data)
                0x2000a000                _sidata = LOADADDR (.data)
                0x2000a000                __data_start = .
                0x2000a000                _sdata = .
 *(.jcr)
 .jcr           0x2000a000        0x0 c:/program files (x86)/microsemi/softconsole v3.4/sourcery-g++/bin/../lib/gcc/arm-none-eabi/4.4.1/thumb2/crtbegin.o
 .jcr           0x2000a000        0x4 c:/program files (x86)/microsemi/softconsole v3.4/sourcery-g++/bin/../lib/gcc/arm-none-eabi/4.4.1/thumb2/crtend.o
 *(.got.plt)
 *(.got)
 *(.shdata)
 *(.data .data.* .gnu.linkonce.d.*)
 .data.status   0x2000a004        0x4 ./loop.o
                0x2000a004                status
 .data.n0d1     0x2000a008        0x4 ./loop.o
                0x2000a008                n0d1
 .data.n0d2     0x2000a00c        0x4 ./loop.o
                0x2000a00c                n0d2
 .data.n0ack    0x2000a010        0x4 ./loop.o
                0x2000a010                n0ack
 .data.n0adc    0x2000a014        0x4 ./loop.o
                0x2000a014                n0adc
 .data.n1d1     0x2000a018        0x4 ./loop.o
                0x2000a018                n1d1
 .data.n1d2     0x2000a01c        0x4 ./loop.o
                0x2000a01c                n1d2
 .data.n1ack    0x2000a020        0x4 ./loop.o
                0x2000a020                n1ack
 .data.n1adc    0x2000a024        0x4 ./loop.o
                0x2000a024                n1adc
 .data.chan     0x2000a028        0x4 ./loop.o
 .data.buf_good
                0x2000a02c        0x1 ./loop.o
 .data.buf_tx   0x2000a02d        0x1 ./loop.o
 *fill*         0x2000a02e        0x2 00
 .data.fftSize  0x2000a030        0x4 ./loop.o
                0x2000a030                fftSize
 .data.ch_order
                0x2000a034        0x2 ./loop.o
                0x2000a034                ch_order
 *fill*         0x2000a036        0x2 00
 .data.bitrevtable
                0x2000a038     0x1000 ./loop.o
                0x2000a038                bitrevtable
 .data.bitrev_factor
                0x2000b038        0x1 ./loop.o
                0x2000b038                bitrev_factor
 *fill*         0x2000b039        0x3 00
 .data          0x2000b03c       0xf4 c:/program files (x86)/microsemi/softconsole v3.4/sourcery-g++/bin/../lib/gcc/arm-none-eabi/4.4.1/../../../../arm-none-eabi/lib/thumb2\libc.a(lib_a-impure.o)
                0x2000b03c                _impure_ptr
 .data          0x2000b130      0x410 c:/program files (x86)/microsemi/softconsole v3.4/sourcery-g++/bin/../lib/gcc/arm-none-eabi/4.4.1/../../../../arm-none-eabi/lib/thumb2\libc.a(lib_a-mallocr.o)
                0x2000b130                __malloc_av_
                0x2000b538                __malloc_sbrk_base
                0x2000b53c                __malloc_trim_threshold
                0x2000b540                . = ALIGN (0x10)
                0x2000b540                _edata = .

.bss            0x2000b540     0x2ac0
                0x2000b540                __bss_start__ = .
                0x2000b540                _sbss = .
 *(.shbss)
 *(.bss .bss.* .gnu.linkonce.b.*)
 .bss           0x2000b540        0x1 c:/program files (x86)/microsemi/softconsole v3.4/sourcery-g++/bin/../lib/gcc/arm-none-eabi/4.4.1/thumb2/crtbegin.o
 *fill*         0x2000b541        0x3 00
 .bss.ringbuf   0x2000b544       0x40 ./loop.o
 .bss.rbwrptr   0x2000b584        0x4 ./loop.o
 .bss.rbrdptr   0x2000b588        0x4 ./loop.o
 .bss.adc_data_buf
                0x2000b58c      0x640 ./loop.o
 .bss.dummy     0x2000bbcc        0x2 ./loop.o
 *fill*         0x2000bbce        0x2 00
 .bss.reg_data_buf
                0x2000bbd0       0xc8 ./loop.o
 .bss.sel_data_vector
                0x2000bc98       0x80 ./loop.o
 .bss.mpu6050_irq_active
                0x2000bd18        0x1 ./loop.o
                0x2000bd18                mpu6050_irq_active
 .bss.stream_en
                0x2000bd19        0x1 ./loop.o
 .bss.stream_on
                0x2000bd1a        0x1 ./loop.o
 .bss.stream_off
                0x2000bd1b        0x1 ./loop.o
 .bss.artifact_en
                0x2000bd1c        0x1 ./loop.o
 .bss.artifact_on
                0x2000bd1d        0x1 ./loop.o
 .bss.artifact_off
                0x2000bd1e        0x1 ./loop.o
 *fill*         0x2000bd1f        0x1 00
 .bss.counter   0x2000bd20        0x2 ./loop.o
 .bss.stim_flag
                0x2000bd22        0x1 ./loop.o
 .bss.buf_save  0x2000bd23        0x1 ./loop.o
 .bss.stim_count
                0x2000bd24        0x1 ./loop.o
 *fill*         0x2000bd25        0x1 00
 .bss.step      0x2000bd26        0x2 ./loop.o
 .bss.spi_rx_buf
                0x2000bd28        0x8 ./loop.o
 .bss.gui_request_counter
                0x2000bd30        0x4 ./loop.o
 .bss.reg_val   0x2000bd34        0x4 ./loop.o
 .bss.reg_addr  0x2000bd38        0x4 ./loop.o
 .bss.reg_data  0x2000bd3c        0x4 ./loop.o
 .bss.stim_nm0  0x2000bd40        0x4 ./loop.o
 .bss.stim_nm1  0x2000bd44        0x4 ./loop.o
 .bss.stim_rep  0x2000bd48        0x4 ./loop.o
 .bss.rec_enable_write
                0x2000bd4c        0x1 ./loop.o
 *fill*         0x2000bd4d        0x3 00
 .bss.stat      0x2000bd50        0x4 ./loop.o
                0x2000bd50                stat
 .bss.stat_flag
                0x2000bd54        0x1 ./loop.o
                0x2000bd54                stat_flag
 *fill*         0x2000bd55        0x3 00
 .bss.fft_data_buf
                0x2000bd58        0x4 ./loop.o
 .bss.mag_data_buf
                0x2000bd5c        0x4 ./loop.o
 .bss.fft_i     0x2000bd60        0x2 ./loop.o
                0x2000bd60                fft_i
 .bss.fft_i2    0x2000bd62        0x2 ./loop.o
                0x2000bd62                fft_i2
 .bss.mag_i     0x2000bd64        0x2 ./loop.o
                0x2000bd64                mag_i
 .bss.cl_count  0x2000bd66        0x2 ./loop.o
                0x2000bd66                cl_count
 .bss.rand_min  0x2000bd68        0x2 ./loop.o
                0x2000bd68                rand_min
 .bss.rand_max  0x2000bd6a        0x2 ./loop.o
                0x2000bd6a                rand_max
 .bss.dead_len  0x2000bd6c        0x2 ./loop.o
                0x2000bd6c                dead_len
 .bss.rand_mode
                0x2000bd6e        0x1 ./loop.o
                0x2000bd6e                rand_mode
 .bss.fake_stim
                0x2000bd6f        0x1 ./loop.o
                0x2000bd6f                fake_stim
 .bss.derivative
                0x2000bd70        0x1 ./loop.o
                0x2000bd70                derivative
 .bss.derivativeB
                0x2000bd71        0x1 ./loop.o
                0x2000bd71                derivativeB
 .bss.cl0_en    0x2000bd72        0x1 ./loop.o
                0x2000bd72                cl0_en
 .bss.cl1_en    0x2000bd73        0x1 ./loop.o
                0x2000bd73                cl1_en
 .bss.ctrl_dir  0x2000bd74        0x1 ./loop.o
                0x2000bd74                ctrl_dir
 *fill*         0x2000bd75        0x3 00
 .bss.ctrl_thresh
                0x2000bd78        0x4 ./loop.o
                0x2000bd78                ctrl_thresh
 .bss.fbin_min  0x2000bd7c        0x2 ./loop.o
                0x2000bd7c                fbin_min
 .bss.fbin_max  0x2000bd7e        0x2 ./loop.o
                0x2000bd7e                fbin_max
 .bss.num_bins  0x2000bd80        0x2 ./loop.o
                0x2000bd80                num_bins
 .bss.num_bins2
                0x2000bd82        0x2 ./loop.o
                0x2000bd82                num_bins2
 .bss.fft_size_sel
                0x2000bd84        0x1 ./loop.o
                0x2000bd84                fft_size_sel
 .bss.fft_fsm   0x2000bd85        0x1 ./loop.o
                0x2000bd85                fft_fsm
 .bss.stim_delay
                0x2000bd86        0x1 ./loop.o
                0x2000bd86                stim_delay
 *fill*         0x2000bd87        0x1 00
 .bss.fbin_max2
                0x2000bd88        0x2 ./loop.o
                0x2000bd88                fbin_max2
 .bss.fbin_min2
                0x2000bd8a        0x2 ./loop.o
                0x2000bd8a                fbin_min2
 .bss.ctrl_en2  0x2000bd8c        0x1 ./loop.o
                0x2000bd8c                ctrl_en2
 .bss.ctrl_dir2
                0x2000bd8d        0x1 ./loop.o
                0x2000bd8d                ctrl_dir2
 *fill*         0x2000bd8e        0x2 00
 .bss.ctrl_thresh2
                0x2000bd90        0x4 ./loop.o
                0x2000bd90                ctrl_thresh2
 .bss.ctrl_comb
                0x2000bd94        0x1 ./loop.o
                0x2000bd94                ctrl_comb
 .bss.closed_loop
                0x2000bd95        0x1 ./loop.o
                0x2000bd95                closed_loop
 *fill*         0x2000bd96        0x2 00
 .bss.heap_end.2220
                0x2000bd98        0x4 P:/Libero/Mario-CM_Flex-EMG_golden/SoftConsole/Mario_Libero_MSS_CM3/Mario_Libero_MSS_CM3_hw_platform/Debug/CMSIS/startup_gcc/newlib_stubs.o
 .bss           0x2000bd9c       0x34 c:/program files (x86)/microsemi/softconsole v3.4/sourcery-g++/bin/../lib/gcc/arm-none-eabi/4.4.1/../../../../arm-none-eabi/lib/thumb2\libc.a(lib_a-mallocr.o)
                0x2000bd9c                __malloc_top_pad
                0x2000bda0                __malloc_current_mallinfo
                0x2000bdc8                __malloc_max_sbrked_mem
                0x2000bdcc                __malloc_max_total_mem
 *(COMMON)
 COMMON         0x2000bdd0     0x2030 ./loop.o
                0x2000bdd0                to_write1
                0x2000bdd4                bitrev_bins
                0x2000cdd4                bitrev_bins2
                0x2000ddd4                to_write2
                0x2000ddd5                ch_ctrl
                0x2000ddd6                to_send
                0x2000ddd7                to_calc
                0x2000ddd8                value2
                0x2000dde8                S_CFFT
                0x2000ddec                ch_stim
                0x2000ddf0                value
 COMMON         0x2000de00      0x108 P:\Libero\Mario-CM_Flex-EMG_golden\SoftConsole\Mario_Libero_MSS_CM3\Mario_Libero_MSS_CM3_hw_platform\Debug\libMario_Libero_MSS_CM3_hw_platform.a(mss_spi.o)
                0x2000de00                g_mss_spi1
                0x2000de84                g_mss_spi0
 COMMON         0x2000df08       0xe8 P:\Libero\Mario-CM_Flex-EMG_golden\SoftConsole\Mario_Libero_MSS_CM3\Mario_Libero_MSS_CM3_hw_platform\Debug\libMario_Libero_MSS_CM3_hw_platform.a(mss_i2c.o)
                0x2000df08                g_mss_i2c0
                0x2000df7c                g_mss_i2c1
 COMMON         0x2000dff0        0x4 c:/program files (x86)/microsemi/softconsole v3.4/sourcery-g++/bin/../lib/gcc/arm-none-eabi/4.4.1/../../../../arm-none-eabi/lib/thumb2\libc.a(lib_a-reent.o)
                0x2000dff0                errno
                0x2000e000                . = ALIGN (0x10)
 *fill*         0x2000dff4        0xc 00
                0x2000e000                __bss_end__ = .
                0x2000e000                _end = .
                0x2000e000                __end = _end
                0x2000e000                _ebss = .
                0x2000e000                PROVIDE (end, .)

.heap           0x2000e000     0x1000
                0x2000e000                __heap_start__ = .
                0x2000f000                . = (. + MIN_SIZE_HEAP)
 *fill*         0x2000e000     0x1000 00
                0x2000f000                . = (. + (((ABSOLUTE (RAM_START_ADDRESS) + RAM_SIZE) - MAIN_STACK_SIZE) - .))
                0x2000f000                _eheap = .

.stack          0x2000f000     0x1000
                0x2000f000                __stack_start__ = .
                0x20010000                . = (. + MAIN_STACK_SIZE)
 *fill*         0x2000f000     0x1000 00
                0x20010000                _estack = .

.stab
 *(.stab)

.stabstr
 *(.stabstr)

.debug
 *(.debug)

.line
 *(.line)

.debug_srcinfo
 *(.debug_srcinfo)

.debug_sfnames
 *(.debug_sfnames)

.comment        0x00000000      0x2ca
 .comment       0x00000000       0x2b ./accelerometer.o
 .comment       0x0000002b       0x2b ./arm_cfft_q15.o
 .comment       0x00000056       0x2b ./arm_cmplx_mag_squared_q15.o
 .comment       0x00000081       0x2b ./arm_common_tables.o
 .comment       0x000000ac       0x2b ./arm_const_structs.o
 .comment       0x000000d7       0x2b ./arm_rfft_q15.o
 .comment       0x00000102       0x2b ./artifact_cancellation.o
 .comment       0x0000012d       0x2b ./loop.o
 .comment       0x00000158       0x2b ./mpu6050.o
 .comment       0x00000183       0x2b P:/Libero/Mario-CM_Flex-EMG_golden/SoftConsole/Mario_Libero_MSS_CM3/Mario_Libero_MSS_CM3_hw_platform/Debug/CMSIS/startup_gcc/newlib_stubs.o
 .comment       0x000001ae       0x2b P:\Libero\Mario-CM_Flex-EMG_golden\SoftConsole\Mario_Libero_MSS_CM3\Mario_Libero_MSS_CM3_hw_platform\Debug\libMario_Libero_MSS_CM3_hw_platform.a(mss_spi.o)
 .comment       0x000001d9       0x2b P:\Libero\Mario-CM_Flex-EMG_golden\SoftConsole\Mario_Libero_MSS_CM3\Mario_Libero_MSS_CM3_hw_platform\Debug\libMario_Libero_MSS_CM3_hw_platform.a(mss_i2c.o)
 .comment       0x00000204       0x2b P:\Libero\Mario-CM_Flex-EMG_golden\SoftConsole\Mario_Libero_MSS_CM3\Mario_Libero_MSS_CM3_hw_platform\Debug\libMario_Libero_MSS_CM3_hw_platform.a(mss_gpio.o)
 .comment       0x0000022f       0x2b P:\Libero\Mario-CM_Flex-EMG_golden\SoftConsole\Mario_Libero_MSS_CM3\Mario_Libero_MSS_CM3_hw_platform\Debug\libMario_Libero_MSS_CM3_hw_platform.a(system_m2sxxx.o)
 .comment       0x0000025a       0x70 P:\Libero\Mario-CM_Flex-EMG_golden\SoftConsole\Mario_Libero_MSS_CM3\Mario_Libero_MSS_CM3_hw_platform\Lib\GCC\libarm_cortexM3l_math.a(arm_bitreversal.o)
                                 0x71 (size before relaxing)
 .comment       0x00000000       0x71 P:\Libero\Mario-CM_Flex-EMG_golden\SoftConsole\Mario_Libero_MSS_CM3\Mario_Libero_MSS_CM3_hw_platform\Lib\GCC\libarm_cortexM3l_math.a(arm_cfft_radix4_q15.o)

.debug_aranges  0x00000000      0x5d8
 *(.debug_aranges)
 .debug_aranges
                0x00000000       0x60 ./accelerometer.o
 .debug_aranges
                0x00000060       0x60 ./arm_cfft_q15.o
 .debug_aranges
                0x000000c0       0x28 ./arm_cmplx_mag_squared_q15.o
 .debug_aranges
                0x000000e8       0x60 ./arm_rfft_q15.o
 .debug_aranges
                0x00000148       0x78 ./loop.o
 .debug_aranges
                0x000001c0       0x50 ./mpu6050.o
 .debug_aranges
                0x00000210       0xa8 P:/Libero/Mario-CM_Flex-EMG_golden/SoftConsole/Mario_Libero_MSS_CM3/Mario_Libero_MSS_CM3_hw_platform/Debug/CMSIS/startup_gcc/newlib_stubs.o
 .debug_aranges
                0x000002b8       0xe0 P:\Libero\Mario-CM_Flex-EMG_golden\SoftConsole\Mario_Libero_MSS_CM3\Mario_Libero_MSS_CM3_hw_platform\Debug\libMario_Libero_MSS_CM3_hw_platform.a(mss_spi.o)
 .debug_aranges
                0x00000398      0x128 P:\Libero\Mario-CM_Flex-EMG_golden\SoftConsole\Mario_Libero_MSS_CM3\Mario_Libero_MSS_CM3_hw_platform\Debug\libMario_Libero_MSS_CM3_hw_platform.a(mss_i2c.o)
 .debug_aranges
                0x000004c0       0x68 P:\Libero\Mario-CM_Flex-EMG_golden\SoftConsole\Mario_Libero_MSS_CM3\Mario_Libero_MSS_CM3_hw_platform\Debug\libMario_Libero_MSS_CM3_hw_platform.a(mss_gpio.o)
 .debug_aranges
                0x00000528       0x50 P:\Libero\Mario-CM_Flex-EMG_golden\SoftConsole\Mario_Libero_MSS_CM3\Mario_Libero_MSS_CM3_hw_platform\Debug\libMario_Libero_MSS_CM3_hw_platform.a(system_m2sxxx.o)
 .debug_aranges
                0x00000578       0x30 P:\Libero\Mario-CM_Flex-EMG_golden\SoftConsole\Mario_Libero_MSS_CM3\Mario_Libero_MSS_CM3_hw_platform\Lib\GCC\libarm_cortexM3l_math.a(arm_bitreversal.o)
 .debug_aranges
                0x000005a8       0x30 P:\Libero\Mario-CM_Flex-EMG_golden\SoftConsole\Mario_Libero_MSS_CM3\Mario_Libero_MSS_CM3_hw_platform\Lib\GCC\libarm_cortexM3l_math.a(arm_cfft_radix4_q15.o)

.debug_pubnames
                0x00000000     0x16a8
 *(.debug_pubnames)
 .debug_pubnames
                0x00000000       0xb5 ./accelerometer.o
 .debug_pubnames
                0x000000b5       0x61 ./arm_cfft_q15.o
 .debug_pubnames
                0x00000116       0x30 ./arm_cmplx_mag_squared_q15.o
 .debug_pubnames
                0x00000146      0x5d4 ./arm_common_tables.o
 .debug_pubnames
                0x0000071a      0x2eb ./arm_const_structs.o
 .debug_pubnames
                0x00000a05       0x52 ./arm_rfft_q15.o
 .debug_pubnames
                0x00000a57      0x41e ./loop.o
 .debug_pubnames
                0x00000e75       0xc7 ./mpu6050.o
 .debug_pubnames
                0x00000f3c       0xeb P:/Libero/Mario-CM_Flex-EMG_golden/SoftConsole/Mario_Libero_MSS_CM3/Mario_Libero_MSS_CM3_hw_platform/Debug/CMSIS/startup_gcc/newlib_stubs.o
 .debug_pubnames
                0x00001027      0x21a P:\Libero\Mario-CM_Flex-EMG_golden\SoftConsole\Mario_Libero_MSS_CM3\Mario_Libero_MSS_CM3_hw_platform\Debug\libMario_Libero_MSS_CM3_hw_platform.a(mss_spi.o)
 .debug_pubnames
                0x00001241      0x2eb P:\Libero\Mario-CM_Flex-EMG_golden\SoftConsole\Mario_Libero_MSS_CM3\Mario_Libero_MSS_CM3_hw_platform\Debug\libMario_Libero_MSS_CM3_hw_platform.a(mss_i2c.o)
 .debug_pubnames
                0x0000152c       0xb1 P:\Libero\Mario-CM_Flex-EMG_golden\SoftConsole\Mario_Libero_MSS_CM3\Mario_Libero_MSS_CM3_hw_platform\Debug\libMario_Libero_MSS_CM3_hw_platform.a(mss_gpio.o)
 .debug_pubnames
                0x000015dd       0xcb P:\Libero\Mario-CM_Flex-EMG_golden\SoftConsole\Mario_Libero_MSS_CM3\Mario_Libero_MSS_CM3_hw_platform\Debug\libMario_Libero_MSS_CM3_hw_platform.a(system_m2sxxx.o)

.debug_info     0x00000000     0xd5a0
 *(.debug_info .gnu.linkonce.wi.*)
 .debug_info    0x00000000     0x1224 ./accelerometer.o
 .debug_info    0x00001224      0x5b3 ./arm_cfft_q15.o
 .debug_info    0x000017d7      0x1ce ./arm_cmplx_mag_squared_q15.o
 .debug_info    0x000019a5      0x984 ./arm_common_tables.o
 .debug_info    0x00002329      0x9dc ./arm_const_structs.o
 .debug_info    0x00002d05      0x59c ./arm_rfft_q15.o
 .debug_info    0x000032a1       0x29 ./artifact_cancellation.o
 .debug_info    0x000032ca     0x1ea8 ./loop.o
 .debug_info    0x00005172      0xb51 ./mpu6050.o
 .debug_info    0x00005cc3      0x6ed P:/Libero/Mario-CM_Flex-EMG_golden/SoftConsole/Mario_Libero_MSS_CM3/Mario_Libero_MSS_CM3_hw_platform/Debug/CMSIS/startup_gcc/newlib_stubs.o
 .debug_info    0x000063b0     0x1723 P:\Libero\Mario-CM_Flex-EMG_golden\SoftConsole\Mario_Libero_MSS_CM3\Mario_Libero_MSS_CM3_hw_platform\Debug\libMario_Libero_MSS_CM3_hw_platform.a(mss_spi.o)
 .debug_info    0x00007ad3     0x1a9b P:\Libero\Mario-CM_Flex-EMG_golden\SoftConsole\Mario_Libero_MSS_CM3\Mario_Libero_MSS_CM3_hw_platform\Debug\libMario_Libero_MSS_CM3_hw_platform.a(mss_i2c.o)
 .debug_info    0x0000956e     0x1164 P:\Libero\Mario-CM_Flex-EMG_golden\SoftConsole\Mario_Libero_MSS_CM3\Mario_Libero_MSS_CM3_hw_platform\Debug\libMario_Libero_MSS_CM3_hw_platform.a(mss_gpio.o)
 .debug_info    0x0000a6d2      0xbbf P:\Libero\Mario-CM_Flex-EMG_golden\SoftConsole\Mario_Libero_MSS_CM3\Mario_Libero_MSS_CM3_hw_platform\Debug\libMario_Libero_MSS_CM3_hw_platform.a(system_m2sxxx.o)
 .debug_info    0x0000b291      0x2f5 P:\Libero\Mario-CM_Flex-EMG_golden\SoftConsole\Mario_Libero_MSS_CM3\Mario_Libero_MSS_CM3_hw_platform\Lib\GCC\libarm_cortexM3l_math.a(arm_bitreversal.o)
 .debug_info    0x0000b586     0x201a P:\Libero\Mario-CM_Flex-EMG_golden\SoftConsole\Mario_Libero_MSS_CM3\Mario_Libero_MSS_CM3_hw_platform\Lib\GCC\libarm_cortexM3l_math.a(arm_cfft_radix4_q15.o)

.debug_abbrev   0x00000000     0x15d8
 *(.debug_abbrev)
 .debug_abbrev  0x00000000      0x16f ./accelerometer.o
 .debug_abbrev  0x0000016f      0x14c ./arm_cfft_q15.o
 .debug_abbrev  0x000002bb       0xc2 ./arm_cmplx_mag_squared_q15.o
 .debug_abbrev  0x0000037d       0x93 ./arm_common_tables.o
 .debug_abbrev  0x00000410       0xb8 ./arm_const_structs.o
 .debug_abbrev  0x000004c8      0x138 ./arm_rfft_q15.o
 .debug_abbrev  0x00000600       0x16 ./artifact_cancellation.o
 .debug_abbrev  0x00000616      0x271 ./loop.o
 .debug_abbrev  0x00000887      0x1a9 ./mpu6050.o
 .debug_abbrev  0x00000a30      0x170 P:/Libero/Mario-CM_Flex-EMG_golden/SoftConsole/Mario_Libero_MSS_CM3/Mario_Libero_MSS_CM3_hw_platform/Debug/CMSIS/startup_gcc/newlib_stubs.o
 .debug_abbrev  0x00000ba0      0x1ee P:\Libero\Mario-CM_Flex-EMG_golden\SoftConsole\Mario_Libero_MSS_CM3\Mario_Libero_MSS_CM3_hw_platform\Debug\libMario_Libero_MSS_CM3_hw_platform.a(mss_spi.o)
 .debug_abbrev  0x00000d8e      0x28c P:\Libero\Mario-CM_Flex-EMG_golden\SoftConsole\Mario_Libero_MSS_CM3\Mario_Libero_MSS_CM3_hw_platform\Debug\libMario_Libero_MSS_CM3_hw_platform.a(mss_i2c.o)
 .debug_abbrev  0x0000101a      0x165 P:\Libero\Mario-CM_Flex-EMG_golden\SoftConsole\Mario_Libero_MSS_CM3\Mario_Libero_MSS_CM3_hw_platform\Debug\libMario_Libero_MSS_CM3_hw_platform.a(mss_gpio.o)
 .debug_abbrev  0x0000117f      0x150 P:\Libero\Mario-CM_Flex-EMG_golden\SoftConsole\Mario_Libero_MSS_CM3\Mario_Libero_MSS_CM3_hw_platform\Debug\libMario_Libero_MSS_CM3_hw_platform.a(system_m2sxxx.o)
 .debug_abbrev  0x000012cf       0xbd P:\Libero\Mario-CM_Flex-EMG_golden\SoftConsole\Mario_Libero_MSS_CM3\Mario_Libero_MSS_CM3_hw_platform\Lib\GCC\libarm_cortexM3l_math.a(arm_bitreversal.o)
 .debug_abbrev  0x0000138c      0x24c P:\Libero\Mario-CM_Flex-EMG_golden\SoftConsole\Mario_Libero_MSS_CM3\Mario_Libero_MSS_CM3_hw_platform\Lib\GCC\libarm_cortexM3l_math.a(arm_cfft_radix4_q15.o)

.debug_line     0x00000000     0x5dd4
 *(.debug_line)
 .debug_line    0x00000000      0x761 ./accelerometer.o
 .debug_line    0x00000761      0x544 ./arm_cfft_q15.o
 .debug_line    0x00000ca5      0x460 ./arm_cmplx_mag_squared_q15.o
 .debug_line    0x00001105      0x425 ./arm_common_tables.o
 .debug_line    0x0000152a      0x43c ./arm_const_structs.o
 .debug_line    0x00001966      0x51a ./arm_rfft_q15.o
 .debug_line    0x00001e80       0x3b ./artifact_cancellation.o
 .debug_line    0x00001ebb     0x10ab ./loop.o
 .debug_line    0x00002f66      0x34d ./mpu6050.o
 .debug_line    0x000032b3      0x4b6 P:/Libero/Mario-CM_Flex-EMG_golden/SoftConsole/Mario_Libero_MSS_CM3/Mario_Libero_MSS_CM3_hw_platform/Debug/CMSIS/startup_gcc/newlib_stubs.o
 .debug_line    0x00003769      0x6d1 P:\Libero\Mario-CM_Flex-EMG_golden\SoftConsole\Mario_Libero_MSS_CM3\Mario_Libero_MSS_CM3_hw_platform\Debug\libMario_Libero_MSS_CM3_hw_platform.a(mss_spi.o)
 .debug_line    0x00003e3a      0x76d P:\Libero\Mario-CM_Flex-EMG_golden\SoftConsole\Mario_Libero_MSS_CM3\Mario_Libero_MSS_CM3_hw_platform\Debug\libMario_Libero_MSS_CM3_hw_platform.a(mss_i2c.o)
 .debug_line    0x000045a7      0x389 P:\Libero\Mario-CM_Flex-EMG_golden\SoftConsole\Mario_Libero_MSS_CM3\Mario_Libero_MSS_CM3_hw_platform\Debug\libMario_Libero_MSS_CM3_hw_platform.a(mss_gpio.o)
 .debug_line    0x00004930      0x228 P:\Libero\Mario-CM_Flex-EMG_golden\SoftConsole\Mario_Libero_MSS_CM3\Mario_Libero_MSS_CM3_hw_platform\Debug\libMario_Libero_MSS_CM3_hw_platform.a(system_m2sxxx.o)
 .debug_line    0x00004b58      0x2a8 P:\Libero\Mario-CM_Flex-EMG_golden\SoftConsole\Mario_Libero_MSS_CM3\Mario_Libero_MSS_CM3_hw_platform\Lib\GCC\libarm_cortexM3l_math.a(arm_bitreversal.o)
 .debug_line    0x00004e00      0xfd4 P:\Libero\Mario-CM_Flex-EMG_golden\SoftConsole\Mario_Libero_MSS_CM3\Mario_Libero_MSS_CM3_hw_platform\Lib\GCC\libarm_cortexM3l_math.a(arm_cfft_radix4_q15.o)

.debug_frame    0x00000000     0x146c
 *(.debug_frame)
 .debug_frame   0x00000000      0x10c ./accelerometer.o
 .debug_frame   0x0000010c      0x118 ./arm_cfft_q15.o
 .debug_frame   0x00000224       0x4c ./arm_cmplx_mag_squared_q15.o
 .debug_frame   0x00000270      0x118 ./arm_rfft_q15.o
 .debug_frame   0x00000388      0x160 ./loop.o
 .debug_frame   0x000004e8       0xec ./mpu6050.o
 .debug_frame   0x000005d4      0x21c P:/Libero/Mario-CM_Flex-EMG_golden/SoftConsole/Mario_Libero_MSS_CM3/Mario_Libero_MSS_CM3_hw_platform/Debug/CMSIS/startup_gcc/newlib_stubs.o
 .debug_frame   0x000007f0      0x320 P:\Libero\Mario-CM_Flex-EMG_golden\SoftConsole\Mario_Libero_MSS_CM3\Mario_Libero_MSS_CM3_hw_platform\Debug\libMario_Libero_MSS_CM3_hw_platform.a(mss_spi.o)
 .debug_frame   0x00000b10      0x404 P:\Libero\Mario-CM_Flex-EMG_golden\SoftConsole\Mario_Libero_MSS_CM3\Mario_Libero_MSS_CM3_hw_platform\Debug\libMario_Libero_MSS_CM3_hw_platform.a(mss_i2c.o)
 .debug_frame   0x00000f14      0x130 P:\Libero\Mario-CM_Flex-EMG_golden\SoftConsole\Mario_Libero_MSS_CM3\Mario_Libero_MSS_CM3_hw_platform\Debug\libMario_Libero_MSS_CM3_hw_platform.a(mss_gpio.o)
 .debug_frame   0x00001044       0xd8 P:\Libero\Mario-CM_Flex-EMG_golden\SoftConsole\Mario_Libero_MSS_CM3\Mario_Libero_MSS_CM3_hw_platform\Debug\libMario_Libero_MSS_CM3_hw_platform.a(system_m2sxxx.o)
 .debug_frame   0x0000111c       0x84 P:\Libero\Mario-CM_Flex-EMG_golden\SoftConsole\Mario_Libero_MSS_CM3\Mario_Libero_MSS_CM3_hw_platform\Lib\GCC\libarm_cortexM3l_math.a(arm_bitreversal.o)
 .debug_frame   0x000011a0       0x94 P:\Libero\Mario-CM_Flex-EMG_golden\SoftConsole\Mario_Libero_MSS_CM3\Mario_Libero_MSS_CM3_hw_platform\Lib\GCC\libarm_cortexM3l_math.a(arm_cfft_radix4_q15.o)
 .debug_frame   0x00001234       0x20 c:/program files (x86)/microsemi/softconsole v3.4/sourcery-g++/bin/../lib/gcc/arm-none-eabi/4.4.1/../../../../arm-none-eabi/lib/thumb2\libc.a(lib_a-errno.o)
 .debug_frame   0x00001254       0x2c c:/program files (x86)/microsemi/softconsole v3.4/sourcery-g++/bin/../lib/gcc/arm-none-eabi/4.4.1/../../../../arm-none-eabi/lib/thumb2\libc.a(lib_a-init.o)
 .debug_frame   0x00001280       0x30 c:/program files (x86)/microsemi/softconsole v3.4/sourcery-g++/bin/../lib/gcc/arm-none-eabi/4.4.1/../../../../arm-none-eabi/lib/thumb2\libc.a(lib_a-malloc.o)
 .debug_frame   0x000012b0       0x3c c:/program files (x86)/microsemi/softconsole v3.4/sourcery-g++/bin/../lib/gcc/arm-none-eabi/4.4.1/../../../../arm-none-eabi/lib/thumb2\libc.a(lib_a-mallocr.o)
 .debug_frame   0x000012ec       0x28 c:/program files (x86)/microsemi/softconsole v3.4/sourcery-g++/bin/../lib/gcc/arm-none-eabi/4.4.1/../../../../arm-none-eabi/lib/thumb2\libc.a(lib_a-memset.o)
 .debug_frame   0x00001314       0x30 c:/program files (x86)/microsemi/softconsole v3.4/sourcery-g++/bin/../lib/gcc/arm-none-eabi/4.4.1/../../../../arm-none-eabi/lib/thumb2\libc.a(lib_a-mlock.o)
 .debug_frame   0x00001344       0x48 c:/program files (x86)/microsemi/softconsole v3.4/sourcery-g++/bin/../lib/gcc/arm-none-eabi/4.4.1/../../../../arm-none-eabi/lib/thumb2\libc.a(lib_a-rand.o)
 .debug_frame   0x0000138c       0x2c c:/program files (x86)/microsemi/softconsole v3.4/sourcery-g++/bin/../lib/gcc/arm-none-eabi/4.4.1/../../../../arm-none-eabi/lib/thumb2\libc.a(lib_a-sbrkr.o)
 .debug_frame   0x000013b8       0x50 c:/program files (x86)/microsemi/softconsole v3.4/sourcery-g++/bin/../lib/gcc/arm-none-eabi/4.4.1/../../../../arm-none-eabi/lib/thumb2\libc.a(lib_a-freer.o)
 .debug_frame   0x00001408       0x64 c:/program files (x86)/microsemi/softconsole v3.4/sourcery-g++/bin/../lib/gcc/arm-none-eabi/4.4.1/../../../../arm-none-eabi/lib/thumb2\libc.a(lib_a-reent.o)

.debug_str      0x00000000     0x3a76
 *(.debug_str)
 .debug_str     0x00000000     0x118d ./accelerometer.o
                               0x122e (size before relaxing)
 .debug_str     0x0000118d      0x128 ./arm_cfft_q15.o
                                0x251 (size before relaxing)
 .debug_str     0x000012b5       0x64 ./arm_cmplx_mag_squared_q15.o
                                0x1a7 (size before relaxing)
 .debug_str     0x00001319      0x4f7 ./arm_common_tables.o
                                0x62d (size before relaxing)
 .debug_str     0x00001810      0x2b0 ./arm_const_structs.o
                                0x805 (size before relaxing)
 .debug_str     0x00001ac0      0x119 ./arm_rfft_q15.o
                                0x2c4 (size before relaxing)
 .debug_str     0x00001bd9       0x1b ./artifact_cancellation.o
                                 0x8a (size before relaxing)
 .debug_str     0x00001bf4      0x7b6 ./loop.o
                               0x1a46 (size before relaxing)
 .debug_str     0x000023aa      0x5bc ./mpu6050.o
                                0xcb3 (size before relaxing)
 .debug_str     0x00002966      0x25f P:/Libero/Mario-CM_Flex-EMG_golden/SoftConsole/Mario_Libero_MSS_CM3/Mario_Libero_MSS_CM3_hw_platform/Debug/CMSIS/startup_gcc/newlib_stubs.o
                                0x33e (size before relaxing)
 .debug_str     0x00002bc5      0x358 P:\Libero\Mario-CM_Flex-EMG_golden\SoftConsole\Mario_Libero_MSS_CM3\Mario_Libero_MSS_CM3_hw_platform\Debug\libMario_Libero_MSS_CM3_hw_platform.a(mss_spi.o)
                               0x155d (size before relaxing)
 .debug_str     0x00002f1d      0x3ad P:\Libero\Mario-CM_Flex-EMG_golden\SoftConsole\Mario_Libero_MSS_CM3\Mario_Libero_MSS_CM3_hw_platform\Debug\libMario_Libero_MSS_CM3_hw_platform.a(mss_i2c.o)
                               0x1720 (size before relaxing)
 .debug_str     0x000032ca      0x2ec P:\Libero\Mario-CM_Flex-EMG_golden\SoftConsole\Mario_Libero_MSS_CM3\Mario_Libero_MSS_CM3_hw_platform\Debug\libMario_Libero_MSS_CM3_hw_platform.a(mss_gpio.o)
                               0x121e (size before relaxing)
 .debug_str     0x000035b6      0x200 P:\Libero\Mario-CM_Flex-EMG_golden\SoftConsole\Mario_Libero_MSS_CM3\Mario_Libero_MSS_CM3_hw_platform\Debug\libMario_Libero_MSS_CM3_hw_platform.a(system_m2sxxx.o)
                                0xa1e (size before relaxing)
 .debug_str     0x000037b6      0x1a8 P:\Libero\Mario-CM_Flex-EMG_golden\SoftConsole\Mario_Libero_MSS_CM3\Mario_Libero_MSS_CM3_hw_platform\Lib\GCC\libarm_cortexM3l_math.a(arm_bitreversal.o)
                                0x2a3 (size before relaxing)
 .debug_str     0x0000395e      0x118 P:\Libero\Mario-CM_Flex-EMG_golden\SoftConsole\Mario_Libero_MSS_CM3\Mario_Libero_MSS_CM3_hw_platform\Lib\GCC\libarm_cortexM3l_math.a(arm_cfft_radix4_q15.o)
                                0x3ad (size before relaxing)

.debug_loc      0x00000000     0x4610
 *(.debug_loc)
 .debug_loc     0x00000000      0x1bf ./accelerometer.o
 .debug_loc     0x000001bf      0x1f3 ./arm_cfft_q15.o
 .debug_loc     0x000003b2       0x70 ./arm_cmplx_mag_squared_q15.o
 .debug_loc     0x00000422      0x1f1 ./arm_rfft_q15.o
 .debug_loc     0x00000613      0x266 ./loop.o
 .debug_loc     0x00000879      0x181 ./mpu6050.o
 .debug_loc     0x000009fa      0x3c6 P:/Libero/Mario-CM_Flex-EMG_golden/SoftConsole/Mario_Libero_MSS_CM3/Mario_Libero_MSS_CM3_hw_platform/Debug/CMSIS/startup_gcc/newlib_stubs.o
 .debug_loc     0x00000dc0      0x549 P:\Libero\Mario-CM_Flex-EMG_golden\SoftConsole\Mario_Libero_MSS_CM3\Mario_Libero_MSS_CM3_hw_platform\Debug\libMario_Libero_MSS_CM3_hw_platform.a(mss_spi.o)
 .debug_loc     0x00001309      0x736 P:\Libero\Mario-CM_Flex-EMG_golden\SoftConsole\Mario_Libero_MSS_CM3\Mario_Libero_MSS_CM3_hw_platform\Debug\libMario_Libero_MSS_CM3_hw_platform.a(mss_i2c.o)
 .debug_loc     0x00001a3f      0x226 P:\Libero\Mario-CM_Flex-EMG_golden\SoftConsole\Mario_Libero_MSS_CM3\Mario_Libero_MSS_CM3_hw_platform\Debug\libMario_Libero_MSS_CM3_hw_platform.a(mss_gpio.o)
 .debug_loc     0x00001c65      0x169 P:\Libero\Mario-CM_Flex-EMG_golden\SoftConsole\Mario_Libero_MSS_CM3\Mario_Libero_MSS_CM3_hw_platform\Debug\libMario_Libero_MSS_CM3_hw_platform.a(system_m2sxxx.o)
 .debug_loc     0x00001dce      0x2ec P:\Libero\Mario-CM_Flex-EMG_golden\SoftConsole\Mario_Libero_MSS_CM3\Mario_Libero_MSS_CM3_hw_platform\Lib\GCC\libarm_cortexM3l_math.a(arm_bitreversal.o)
 .debug_loc     0x000020ba     0x2556 P:\Libero\Mario-CM_Flex-EMG_golden\SoftConsole\Mario_Libero_MSS_CM3\Mario_Libero_MSS_CM3_hw_platform\Lib\GCC\libarm_cortexM3l_math.a(arm_cfft_radix4_q15.o)

.debug_macinfo  0x00000000    0x5a58c
 *(.debug_macinfo)
 .debug_macinfo
                0x00000000     0x8867 ./accelerometer.o
 .debug_macinfo
                0x00008867     0x47d6 ./arm_cfft_q15.o
 .debug_macinfo
                0x0000d03d     0x47ea ./arm_cmplx_mag_squared_q15.o
 .debug_macinfo
                0x00011827     0x4c3e ./arm_common_tables.o
 .debug_macinfo
                0x00016465     0x4c56 ./arm_const_structs.o
 .debug_macinfo
                0x0001b0bb     0x47d6 ./arm_rfft_q15.o
 .debug_macinfo
                0x0001f891      0xca8 ./artifact_cancellation.o
 .debug_macinfo
                0x00020539     0xcb5d ./loop.o
 .debug_macinfo
                0x0002d096     0x7e4d ./mpu6050.o
 .debug_macinfo
                0x00034ee3     0x4bf0 P:/Libero/Mario-CM_Flex-EMG_golden/SoftConsole/Mario_Libero_MSS_CM3/Mario_Libero_MSS_CM3_hw_platform/Debug/CMSIS/startup_gcc/newlib_stubs.o
 .debug_macinfo
                0x00039ad3     0x8fd8 P:\Libero\Mario-CM_Flex-EMG_golden\SoftConsole\Mario_Libero_MSS_CM3\Mario_Libero_MSS_CM3_hw_platform\Debug\libMario_Libero_MSS_CM3_hw_platform.a(mss_spi.o)
 .debug_macinfo
                0x00042aab     0x8f97 P:\Libero\Mario-CM_Flex-EMG_golden\SoftConsole\Mario_Libero_MSS_CM3\Mario_Libero_MSS_CM3_hw_platform\Debug\libMario_Libero_MSS_CM3_hw_platform.a(mss_i2c.o)
 .debug_macinfo
                0x0004ba42     0x777c P:\Libero\Mario-CM_Flex-EMG_golden\SoftConsole\Mario_Libero_MSS_CM3\Mario_Libero_MSS_CM3_hw_platform\Debug\libMario_Libero_MSS_CM3_hw_platform.a(mss_gpio.o)
 .debug_macinfo
                0x000531be     0x73ce P:\Libero\Mario-CM_Flex-EMG_golden\SoftConsole\Mario_Libero_MSS_CM3\Mario_Libero_MSS_CM3_hw_platform\Debug\libMario_Libero_MSS_CM3_hw_platform.a(system_m2sxxx.o)

.debug_weaknames
 *(.debug_weaknames)

.debug_funcnames
 *(.debug_funcnames)

.debug_typenames
 *(.debug_typenames)

.debug_varnames
 *(.debug_varnames)

.note.gnu.arm.ident
 *(.note.gnu.arm.ident)

.ARM.attributes
                0x00000000       0x27
 *(.ARM.attributes)
 .ARM.attributes
                0x00000000       0x19 c:/program files (x86)/microsemi/softconsole v3.4/sourcery-g++/bin/../lib/gcc/arm-none-eabi/4.4.1/thumb2/crti.o
 .ARM.attributes
                0x00000019       0x29 c:/program files (x86)/microsemi/softconsole v3.4/sourcery-g++/bin/../lib/gcc/arm-none-eabi/4.4.1/thumb2/crtbegin.o
 .ARM.attributes
                0x00000042       0x31 ./accelerometer.o
 .ARM.attributes
                0x00000073       0x31 ./arm_cfft_q15.o
 .ARM.attributes
                0x000000a4       0x31 ./arm_cmplx_mag_squared_q15.o
 .ARM.attributes
                0x000000d5       0x31 ./arm_common_tables.o
 .ARM.attributes
                0x00000106       0x31 ./arm_const_structs.o
 .ARM.attributes
                0x00000137       0x31 ./arm_rfft_q15.o
 .ARM.attributes
                0x00000168       0x31 ./artifact_cancellation.o
 .ARM.attributes
                0x00000199       0x31 ./loop.o
 .ARM.attributes
                0x000001ca       0x31 ./mpu6050.o
 .ARM.attributes
                0x000001fb       0x21 P:/Libero/Mario-CM_Flex-EMG_golden/SoftConsole/Mario_Libero_MSS_CM3/Mario_Libero_MSS_CM3_hw_platform/Debug/CMSIS/startup_gcc/startup_m2sxxx.o
 .ARM.attributes
                0x0000021c       0x31 P:/Libero/Mario-CM_Flex-EMG_golden/SoftConsole/Mario_Libero_MSS_CM3/Mario_Libero_MSS_CM3_hw_platform/Debug/CMSIS/startup_gcc/newlib_stubs.o
 .ARM.attributes
                0x0000024d       0x31 P:\Libero\Mario-CM_Flex-EMG_golden\SoftConsole\Mario_Libero_MSS_CM3\Mario_Libero_MSS_CM3_hw_platform\Debug\libMario_Libero_MSS_CM3_hw_platform.a(mss_spi.o)
 .ARM.attributes
                0x0000027e       0x31 P:\Libero\Mario-CM_Flex-EMG_golden\SoftConsole\Mario_Libero_MSS_CM3\Mario_Libero_MSS_CM3_hw_platform\Debug\libMario_Libero_MSS_CM3_hw_platform.a(mss_i2c.o)
 .ARM.attributes
                0x000002af       0x31 P:\Libero\Mario-CM_Flex-EMG_golden\SoftConsole\Mario_Libero_MSS_CM3\Mario_Libero_MSS_CM3_hw_platform\Debug\libMario_Libero_MSS_CM3_hw_platform.a(mss_gpio.o)
 .ARM.attributes
                0x000002e0       0x31 P:\Libero\Mario-CM_Flex-EMG_golden\SoftConsole\Mario_Libero_MSS_CM3\Mario_Libero_MSS_CM3_hw_platform\Debug\libMario_Libero_MSS_CM3_hw_platform.a(system_m2sxxx.o)
 .ARM.attributes
                0x00000311       0x33 P:\Libero\Mario-CM_Flex-EMG_golden\SoftConsole\Mario_Libero_MSS_CM3\Mario_Libero_MSS_CM3_hw_platform\Lib\GCC\libarm_cortexM3l_math.a(arm_bitreversal.o)
 .ARM.attributes
                0x00000344       0x33 P:\Libero\Mario-CM_Flex-EMG_golden\SoftConsole\Mario_Libero_MSS_CM3\Mario_Libero_MSS_CM3_hw_platform\Lib\GCC\libarm_cortexM3l_math.a(arm_cfft_radix4_q15.o)
 .ARM.attributes
                0x00000377       0x29 c:/program files (x86)/microsemi/softconsole v3.4/sourcery-g++/bin/../lib/gcc/arm-none-eabi/4.4.1/../../../../arm-none-eabi/lib/thumb2\libc.a(lib_a-errno.o)
 .ARM.attributes
                0x000003a0       0x29 c:/program files (x86)/microsemi/softconsole v3.4/sourcery-g++/bin/../lib/gcc/arm-none-eabi/4.4.1/../../../../arm-none-eabi/lib/thumb2\libc.a(lib_a-impure.o)
 .ARM.attributes
                0x000003c9       0x29 c:/program files (x86)/microsemi/softconsole v3.4/sourcery-g++/bin/../lib/gcc/arm-none-eabi/4.4.1/../../../../arm-none-eabi/lib/thumb2\libc.a(lib_a-init.o)
 .ARM.attributes
                0x000003f2       0x29 c:/program files (x86)/microsemi/softconsole v3.4/sourcery-g++/bin/../lib/gcc/arm-none-eabi/4.4.1/../../../../arm-none-eabi/lib/thumb2\libc.a(lib_a-malloc.o)
 .ARM.attributes
                0x0000041b       0x29 c:/program files (x86)/microsemi/softconsole v3.4/sourcery-g++/bin/../lib/gcc/arm-none-eabi/4.4.1/../../../../arm-none-eabi/lib/thumb2\libc.a(lib_a-mallocr.o)
 .ARM.attributes
                0x00000444       0x29 c:/program files (x86)/microsemi/softconsole v3.4/sourcery-g++/bin/../lib/gcc/arm-none-eabi/4.4.1/../../../../arm-none-eabi/lib/thumb2\libc.a(lib_a-memset.o)
 .ARM.attributes
                0x0000046d       0x29 c:/program files (x86)/microsemi/softconsole v3.4/sourcery-g++/bin/../lib/gcc/arm-none-eabi/4.4.1/../../../../arm-none-eabi/lib/thumb2\libc.a(lib_a-mlock.o)
 .ARM.attributes
                0x00000496       0x29 c:/program files (x86)/microsemi/softconsole v3.4/sourcery-g++/bin/../lib/gcc/arm-none-eabi/4.4.1/../../../../arm-none-eabi/lib/thumb2\libc.a(lib_a-rand.o)
 .ARM.attributes
                0x000004bf       0x29 c:/program files (x86)/microsemi/softconsole v3.4/sourcery-g++/bin/../lib/gcc/arm-none-eabi/4.4.1/../../../../arm-none-eabi/lib/thumb2\libc.a(lib_a-sbrkr.o)
 .ARM.attributes
                0x000004e8       0x29 c:/program files (x86)/microsemi/softconsole v3.4/sourcery-g++/bin/../lib/gcc/arm-none-eabi/4.4.1/../../../../arm-none-eabi/lib/thumb2\libc.a(lib_a-freer.o)
 .ARM.attributes
                0x00000511       0x29 c:/program files (x86)/microsemi/softconsole v3.4/sourcery-g++/bin/../lib/gcc/arm-none-eabi/4.4.1/../../../../arm-none-eabi/lib/thumb2\libc.a(lib_a-reent.o)
 .ARM.attributes
                0x0000053a       0x29 c:/program files (x86)/microsemi/softconsole v3.4/sourcery-g++/bin/../lib/gcc/arm-none-eabi/4.4.1/thumb2/crtend.o
 .ARM.attributes
                0x00000563       0x19 c:/program files (x86)/microsemi/softconsole v3.4/sourcery-g++/bin/../lib/gcc/arm-none-eabi/4.4.1/thumb2/crtn.o

/DISCARD/
 *(.note.GNU-stack)
 *(.isr_vector)
OUTPUT(Mario_Libero_MSS_CM3_app elf32-littlearm)

.debug_ranges   0x00000000     0x1c80
 .debug_ranges  0x00000000       0x58 ./accelerometer.o
 .debug_ranges  0x00000058       0x58 ./arm_cfft_q15.o
 .debug_ranges  0x000000b0       0x20 ./arm_cmplx_mag_squared_q15.o
 .debug_ranges  0x000000d0       0x58 ./arm_rfft_q15.o
 .debug_ranges  0x00000128       0x70 ./loop.o
 .debug_ranges  0x00000198       0x48 ./mpu6050.o
 .debug_ranges  0x000001e0       0xa0 P:/Libero/Mario-CM_Flex-EMG_golden/SoftConsole/Mario_Libero_MSS_CM3/Mario_Libero_MSS_CM3_hw_platform/Debug/CMSIS/startup_gcc/newlib_stubs.o
 .debug_ranges  0x00000280       0xd8 P:\Libero\Mario-CM_Flex-EMG_golden\SoftConsole\Mario_Libero_MSS_CM3\Mario_Libero_MSS_CM3_hw_platform\Debug\libMario_Libero_MSS_CM3_hw_platform.a(mss_spi.o)
 .debug_ranges  0x00000358      0x138 P:\Libero\Mario-CM_Flex-EMG_golden\SoftConsole\Mario_Libero_MSS_CM3\Mario_Libero_MSS_CM3_hw_platform\Debug\libMario_Libero_MSS_CM3_hw_platform.a(mss_i2c.o)
 .debug_ranges  0x00000490       0x60 P:\Libero\Mario-CM_Flex-EMG_golden\SoftConsole\Mario_Libero_MSS_CM3\Mario_Libero_MSS_CM3_hw_platform\Debug\libMario_Libero_MSS_CM3_hw_platform.a(mss_gpio.o)
 .debug_ranges  0x000004f0       0x48 P:\Libero\Mario-CM_Flex-EMG_golden\SoftConsole\Mario_Libero_MSS_CM3\Mario_Libero_MSS_CM3_hw_platform\Debug\libMario_Libero_MSS_CM3_hw_platform.a(system_m2sxxx.o)
 .debug_ranges  0x00000538       0x20 P:\Libero\Mario-CM_Flex-EMG_golden\SoftConsole\Mario_Libero_MSS_CM3\Mario_Libero_MSS_CM3_hw_platform\Lib\GCC\libarm_cortexM3l_math.a(arm_bitreversal.o)
 .debug_ranges  0x00000558     0x1728 P:\Libero\Mario-CM_Flex-EMG_golden\SoftConsole\Mario_Libero_MSS_CM3\Mario_Libero_MSS_CM3_hw_platform\Lib\GCC\libarm_cortexM3l_math.a(arm_cfft_radix4_q15.o)
